2025-05-05 11:47:50,842 - INFO - 
==================================================
EMA Cross Analysis - DOGE/USDT
Time: 2025-05-05 11:40:00+09:00
Type: golden
Cross Character (Current): Weak
Cross Character (New): Weak
Price at Cross: 0.17106

1. Pre-Cross Pattern (15min):
EMA Distance Changes (%): ['0.098', '0.058', '0.025', '0.011']
EMA12 Changes (%): ['0.052', '0.062', '0.055', '0.067']
Price Changes (%): ['0.023', '0.117', '0.018', '0.129']
Candle Analysis:
    Body Sizes (%): ['0.029', '0.117', '0.023', '0.129']
    Upper Shadows (%): ['0.012', '0.041', '0.094', '0.035']
    Lower Shadows (%): ['0.147', '0.000', '0.035', '0.018']
Volumes: [np.float64(10807101.0), np.float64(10118906.0), np.float64(12128376.0), np.float64(19524882.0)]
2025-05-05 11:47:50,842 - INFO - 
2. Post-Cross Movement (30min):
5min Price Changes (%): ['0.082']
Maximum Change: 0.082% after 5 minutes
Candle Analysis:
    Body Sizes (%): ['0.082']
    Upper Shadows (%): ['0.023']
    Lower Shadows (%): ['0.029']
Volumes: [np.float64(5610902.0)]
==================================================
2025-05-05 11:47:51,549 - INFO - 
==================================================
EMA Cross Analysis - TNSR/USDT
Time: 2025-05-05 11:45:00+09:00
Type: golden
Cross Character (Current): Weak
Cross Character (New): Weak
Price at Cross: 0.1349

1. Pre-Cross Pattern (15min):
EMA Distance Changes (%): ['0.092', '0.049', '0.009', '0.029']
EMA12 Changes (%): ['0.111', '0.071', '0.071', '0.072']
Price Changes (%): ['-0.074', '-0.148', '0.074', '0.074']
Candle Analysis:
    Body Sizes (%): ['0.074', '0.148', '0.074', '0.074']
    Upper Shadows (%): ['0.296', '0.222', '0.148', '0.074']
    Lower Shadows (%): ['0.074', '0.000', '0.000', '0.074']
Volumes: [np.float64(96345.1), np.float64(47770.7), np.float64(43380.3), np.float64(25252.3)]
2025-05-05 11:47:51,549 - INFO - 
2. Post-Cross Movement (30min):
5min Price Changes (%): []
Maximum Change: 0.000% after 0 minutes
Candle Analysis:
    Body Sizes (%): []
    Upper Shadows (%): []
    Lower Shadows (%): []
Volumes: []
==================================================
2025-05-05 11:47:51,772 - INFO - 
==================================================
EMA Cross Analysis - GRASS/USDT
Time: 2025-05-05 11:40:00+09:00
Type: golden
Cross Character (Current): Weak
Cross Character (New): Weak
Price at Cross: 1.4429

1. Pre-Cross Pattern (15min):
EMA Distance Changes (%): ['0.175', '0.078', '0.014', '0.039']
EMA12 Changes (%): ['0.118', '0.162', '0.112', '0.102']
Price Changes (%): ['0.090', '0.403', '-0.159', '0.042']
Candle Analysis:
    Body Sizes (%): ['0.097', '0.347', '0.201', '0.028']
    Upper Shadows (%): ['0.243', '0.243', '0.111', '0.312']
    Lower Shadows (%): ['0.021', '0.063', '0.000', '0.021']
Volumes: [np.float64(33889.0), np.float64(42959.9), np.float64(10687.3), np.float64(23942.4)]
2025-05-05 11:47:51,772 - INFO - 
2. Post-Cross Movement (30min):
5min Price Changes (%): ['0.256']
Maximum Change: 0.256% after 5 minutes
Candle Analysis:
    Body Sizes (%): ['0.243']
    Upper Shadows (%): ['0.007']
    Lower Shadows (%): ['0.049']
Volumes: [np.float64(3099.0)]
==================================================
2025-05-05 11:47:52,873 - INFO - 
==================================================
EMA Cross Analysis - ARPA/USDT
Time: 2025-05-05 11:40:00+09:00
Type: golden
Cross Character (Current): Weak
Cross Character (New): Weak
Price at Cross: 0.02376

1. Pre-Cross Pattern (15min):
EMA Distance Changes (%): ['0.202', '0.121', '0.054', '0.009']
EMA12 Changes (%): ['0.110', '0.126', '0.113', '0.115']
Price Changes (%): ['0.042', '0.211', '0.042', '0.126']
Candle Analysis:
    Body Sizes (%): ['0.085', '0.169', '0.042', '0.126']
    Upper Shadows (%): ['0.000', '0.084', '0.126', '0.084']
    Lower Shadows (%): ['0.085', '0.000', '0.084', '0.000']
Volumes: [np.float64(371849.0), np.float64(357809.0), np.float64(457377.0), np.float64(175207.0)]
2025-05-05 11:47:52,873 - INFO - 
2. Post-Cross Movement (30min):
5min Price Changes (%): ['0.042']
Maximum Change: 0.042% after 5 minutes
Candle Analysis:
    Body Sizes (%): ['0.042']
    Upper Shadows (%): ['0.000']
    Lower Shadows (%): ['0.084']
Volumes: [np.float64(87709.0)]
==================================================
2025-05-05 11:47:53,309 - INFO - 
==================================================
EMA Cross Analysis - XRP/USDT
Time: 2025-05-05 11:45:00+09:00
Type: golden
Cross Character (Current): Weak
Cross Character (New): Weak
Price at Cross: 2.1597

1. Pre-Cross Pattern (15min):
EMA Distance Changes (%): ['0.081', '0.050', '0.023', '0.005']
EMA12 Changes (%): ['0.084', '0.050', '0.044', '0.052']
Price Changes (%): ['0.237', '-0.139', '0.014', '0.097']
Candle Analysis:
    Body Sizes (%): ['0.237', '0.134', '0.014', '0.097']
    Upper Shadows (%): ['0.000', '0.065', '0.130', '0.005']
    Lower Shadows (%): ['0.000', '0.000', '0.005', '0.051']
Volumes: [np.float64(2358006.9), np.float64(1371178.8), np.float64(1190987.6), np.float64(700142.2)]
2025-05-05 11:47:53,309 - INFO - 
2. Post-Cross Movement (30min):
5min Price Changes (%): []
Maximum Change: 0.000% after 0 minutes
Candle Analysis:
    Body Sizes (%): []
    Upper Shadows (%): []
    Lower Shadows (%): []
Volumes: []
==================================================
2025-05-05 11:47:53,559 - INFO - 
==================================================
EMA Cross Analysis - ADA/USDT
Time: 2025-05-05 11:45:00+09:00
Type: golden
Cross Character (Current): Weak
Cross Character (New): Weak
Price at Cross: 0.6775

1. Pre-Cross Pattern (15min):
EMA Distance Changes (%): ['0.058', '0.031', '0.001', '0.036']
EMA12 Changes (%): ['0.081', '0.043', '0.055', '0.072']
Price Changes (%): ['0.118', '-0.163', '0.118', '0.163']
Candle Analysis:
    Body Sizes (%): ['0.118', '0.177', '0.118', '0.163']
    Upper Shadows (%): ['0.178', '0.177', '0.104', '0.015']
    Lower Shadows (%): ['0.000', '0.000', '0.000', '0.059']
Volumes: [np.float64(2642448.0), np.float64(1400310.0), np.float64(1144622.0), np.float64(732225.0)]
2025-05-05 11:47:53,559 - INFO - 
2. Post-Cross Movement (30min):
5min Price Changes (%): []
Maximum Change: 0.000% after 0 minutes
Candle Analysis:
    Body Sizes (%): []
    Upper Shadows (%): []
    Lower Shadows (%): []
Volumes: []
==================================================
2025-05-05 11:47:54,554 - INFO - 
==================================================
EMA Cross Analysis - AIXBT/USDT
Time: 2025-05-05 11:45:00+09:00
Type: golden
Cross Character (Current): Strong
Cross Character (New): Weak
Price at Cross: 0.1689

1. Pre-Cross Pattern (15min):
EMA Distance Changes (%): ['0.275', '0.115', '0.001', '0.113']
EMA12 Changes (%): ['0.188', '0.271', '0.205', '0.224']
Price Changes (%): ['-0.197', '0.723', '-0.148', '0.327']
Candle Analysis:
    Body Sizes (%): ['0.232', '0.723', '0.166', '0.321']
    Upper Shadows (%): ['0.799', '0.108', '0.498', '0.101']
    Lower Shadows (%): ['0.328', '0.066', '0.065', '0.238']
Volumes: [np.float64(1678410.0), np.float64(867070.0), np.float64(1024910.0), np.float64(551042.0)]
2025-05-05 11:47:54,554 - INFO - 
2. Post-Cross Movement (30min):
5min Price Changes (%): []
Maximum Change: 0.000% after 0 minutes
Candle Analysis:
    Body Sizes (%): []
    Upper Shadows (%): []
    Lower Shadows (%): []
Volumes: []
==================================================
2025-05-05 11:47:55,643 - INFO - 
==================================================
EMA Cross Analysis - MOVE/USDT
Time: 2025-05-05 11:45:00+09:00
Type: golden
Cross Character (Current): Weak
Cross Character (New): Weak
Price at Cross: 0.1695

1. Pre-Cross Pattern (15min):
EMA Distance Changes (%): ['0.138', '0.092', '0.036', '0.013']
EMA12 Changes (%): ['0.104', '0.069', '0.095', '0.090']
Price Changes (%): ['0.059', '-0.118', '0.237', '0.059']
Candle Analysis:
    Body Sizes (%): ['0.059', '0.118', '0.237', '0.059']
    Upper Shadows (%): ['0.118', '0.118', '0.000', '0.000']
    Lower Shadows (%): ['0.118', '0.059', '0.296', '0.177']
Volumes: [np.float64(2227693.0), np.float64(1481516.0), np.float64(2108175.0), np.float64(953337.0)]
2025-05-05 11:47:55,643 - INFO - 
2. Post-Cross Movement (30min):
5min Price Changes (%): []
Maximum Change: 0.000% after 0 minutes
Candle Analysis:
    Body Sizes (%): []
    Upper Shadows (%): []
    Lower Shadows (%): []
Volumes: []
==================================================
2025-05-05 11:47:56,078 - INFO - 
==================================================
EMA Cross Analysis - HIVE/USDT
Time: 2025-05-05 11:40:00+09:00
Type: golden
Cross Character (Current): Weak
Cross Character (New): Weak
Price at Cross: 0.24107

1. Pre-Cross Pattern (15min):
EMA Distance Changes (%): ['0.147', '0.081', '0.025', '0.035']
EMA12 Changes (%): ['0.111', '0.108', '0.095', '0.113']
Price Changes (%): ['0.054', '0.092', '0.029', '0.208']
Candle Analysis:
    Body Sizes (%): ['0.054', '0.050', '0.021', '0.216']
    Upper Shadows (%): ['0.079', '0.033', '0.050', '0.037']
    Lower Shadows (%): ['0.150', '0.108', '0.058', '0.004']
Volumes: [np.float64(106650.0), np.float64(106334.0), np.float64(62226.0), np.float64(93304.0)]
2025-05-05 11:47:56,079 - INFO - 
2. Post-Cross Movement (30min):
5min Price Changes (%): ['0.253']
Maximum Change: 0.253% after 5 minutes
Candle Analysis:
    Body Sizes (%): ['0.249']
    Upper Shadows (%): ['0.116']
    Lower Shadows (%): ['0.000']
Volumes: [np.float64(101690.0)]
==================================================
2025-05-05 11:50:11,310 - INFO - 
==================================================
EMA Cross Analysis - TNSR/USDT
Time: 2025-05-05 11:45:00+09:00
Type: golden
Cross Character (Current): Weak
Cross Character (New): Weak
Price at Cross: 0.1349

1. Pre-Cross Pattern (15min):
EMA Distance Changes (%): ['0.092', '0.049', '0.009', '0.029']
EMA12 Changes (%): ['0.111', '0.071', '0.071', '0.072']
Price Changes (%): ['-0.074', '-0.148', '0.074', '0.074']
Candle Analysis:
    Body Sizes (%): ['0.074', '0.148', '0.074', '0.074']
    Upper Shadows (%): ['0.296', '0.222', '0.148', '0.074']
    Lower Shadows (%): ['0.074', '0.000', '0.000', '0.074']
Volumes: [np.float64(96345.1), np.float64(47770.7), np.float64(43380.3), np.float64(27712.1)]
2025-05-05 11:50:11,310 - INFO - 
2. Post-Cross Movement (30min):
5min Price Changes (%): ['0.000']
Maximum Change: 0.000% after 0 minutes
Candle Analysis:
    Body Sizes (%): ['0.000']
    Upper Shadows (%): ['0.000']
    Lower Shadows (%): ['0.000']
Volumes: [np.float64(0.0)]
==================================================
2025-05-05 11:50:13,055 - INFO - 
==================================================
EMA Cross Analysis - XRP/USDT
Time: 2025-05-05 11:45:00+09:00
Type: golden
Cross Character (Current): Weak
Cross Character (New): Weak
Price at Cross: 2.1631

1. Pre-Cross Pattern (15min):
EMA Distance Changes (%): ['0.081', '0.050', '0.023', '0.018']
EMA12 Changes (%): ['0.084', '0.050', '0.044', '0.077']
Price Changes (%): ['0.237', '-0.139', '0.014', '0.255']
Candle Analysis:
    Body Sizes (%): ['0.237', '0.134', '0.014', '0.255']
    Upper Shadows (%): ['0.000', '0.065', '0.130', '0.037']
    Lower Shadows (%): ['0.000', '0.000', '0.005', '0.051']
Volumes: [np.float64(2358006.9), np.float64(1371178.8), np.float64(1190987.6), np.float64(1674756.5)]
2025-05-05 11:50:13,055 - INFO - 
2. Post-Cross Movement (30min):
5min Price Changes (%): ['0.028']
Maximum Change: 0.028% after 5 minutes
Candle Analysis:
    Body Sizes (%): ['0.032']
    Upper Shadows (%): ['0.005']
    Lower Shadows (%): ['0.018']
Volumes: [np.float64(284230.5)]
==================================================
2025-05-05 11:50:13,272 - INFO - 
==================================================
EMA Cross Analysis - ADA/USDT
Time: 2025-05-05 11:45:00+09:00
Type: golden
Cross Character (Current): Weak
Cross Character (New): Weak
Price at Cross: 0.6777

1. Pre-Cross Pattern (15min):
EMA Distance Changes (%): ['0.058', '0.031', '0.001', '0.039']
EMA12 Changes (%): ['0.081', '0.043', '0.055', '0.076']
Price Changes (%): ['0.118', '-0.163', '0.118', '0.192']
Candle Analysis:
    Body Sizes (%): ['0.118', '0.177', '0.118', '0.192']
    Upper Shadows (%): ['0.178', '0.177', '0.104', '0.059']
    Lower Shadows (%): ['0.000', '0.000', '0.000', '0.059']
Volumes: [np.float64(2642448.0), np.float64(1400310.0), np.float64(1144622.0), np.float64(1117057.0)]
2025-05-05 11:50:13,272 - INFO - 
2. Post-Cross Movement (30min):
5min Price Changes (%): ['0.015']
Maximum Change: 0.015% after 5 minutes
Candle Analysis:
    Body Sizes (%): ['0.015']
    Upper Shadows (%): ['0.000']
    Lower Shadows (%): ['0.030']
Volumes: [np.float64(59677.0)]
==================================================
2025-05-05 11:50:14,144 - INFO - 
==================================================
EMA Cross Analysis - AIXBT/USDT
Time: 2025-05-05 11:45:00+09:00
Type: golden
Cross Character (Current): Strong
Cross Character (New): Weak
Price at Cross: 0.16867

1. Pre-Cross Pattern (15min):
EMA Distance Changes (%): ['0.275', '0.115', '0.001', '0.103']
EMA12 Changes (%): ['0.188', '0.271', '0.205', '0.203']
Price Changes (%): ['-0.197', '0.723', '-0.148', '0.190']
Candle Analysis:
    Body Sizes (%): ['0.232', '0.723', '0.166', '0.184']
    Upper Shadows (%): ['0.799', '0.108', '0.498', '0.475']
    Lower Shadows (%): ['0.328', '0.066', '0.065', '0.238']
Volumes: [np.float64(1678410.0), np.float64(867070.0), np.float64(1024910.0), np.float64(788522.0)]
2025-05-05 11:50:14,144 - INFO - 
2. Post-Cross Movement (30min):
5min Price Changes (%): ['0.196']
Maximum Change: 0.196% after 5 minutes
Candle Analysis:
    Body Sizes (%): ['0.166']
    Upper Shadows (%): ['0.000']
    Lower Shadows (%): ['0.000']
Volumes: [np.float64(25967.0)]
==================================================
2025-05-05 11:50:15,178 - INFO - 
==================================================
EMA Cross Analysis - MOVE/USDT
Time: 2025-05-05 11:45:00+09:00
Type: golden
Cross Character (Current): Weak
Cross Character (New): Weak
Price at Cross: 0.1693

1. Pre-Cross Pattern (15min):
EMA Distance Changes (%): ['0.138', '0.092', '0.036', '0.004']
EMA12 Changes (%): ['0.104', '0.069', '0.095', '0.071']
Price Changes (%): ['0.059', '-0.118', '0.237', '-0.059']
Candle Analysis:
    Body Sizes (%): ['0.059', '0.118', '0.237', '0.059']
    Upper Shadows (%): ['0.118', '0.118', '0.000', '0.059']
    Lower Shadows (%): ['0.118', '0.059', '0.296', '0.118']
Volumes: [np.float64(2227693.0), np.float64(1481516.0), np.float64(2108175.0), np.float64(1592640.0)]
2025-05-05 11:50:15,178 - INFO - 
2. Post-Cross Movement (30min):
5min Price Changes (%): ['0.000']
Maximum Change: 0.000% after 0 minutes
Candle Analysis:
    Body Sizes (%): ['0.000']
    Upper Shadows (%): ['0.000']
    Lower Shadows (%): ['0.059']
Volumes: [np.float64(32224.0)]
==================================================
2025-05-05 12:15:34,162 - INFO - 
==================================================
EMA Cross Analysis - ADA/USDT
Time: 2025-05-05 12:15:00+09:00
Type: dead
Cross Character (Current): Weak
Cross Character (New): Weak
Price at Cross: 0.6736

1. Pre-Cross Pattern (15min):
EMA Distance Changes (%): ['0.057', '0.034', '0.008', '0.006']
EMA12 Changes (%): ['-0.002', '-0.038', '-0.044', '-0.026']
Price Changes (%): ['-0.118', '-0.237', '-0.074', '0.074']
Candle Analysis:
    Body Sizes (%): ['0.118', '0.237', '0.074', '0.074']
    Upper Shadows (%): ['0.148', '0.030', '0.015', '0.015']
    Lower Shadows (%): ['0.074', '0.059', '0.045', '0.030']
Volumes: [np.float64(1925967.0), np.float64(1906366.0), np.float64(937105.0), np.float64(140543.0)]
2025-05-05 12:15:34,162 - INFO - 
2. Post-Cross Movement (30min):
5min Price Changes (%): []
Maximum Change: 0.000% after 0 minutes
Candle Analysis:
    Body Sizes (%): []
    Upper Shadows (%): []
    Lower Shadows (%): []
Volumes: []
==================================================
2025-05-05 12:20:10,616 - INFO - 
==================================================
EMA Cross Analysis - ADA/USDT
Time: 2025-05-05 12:15:00+09:00
Type: dead
Cross Character (Current): Weak
Cross Character (New): Weak
Price at Cross: 0.6728

1. Pre-Cross Pattern (15min):
EMA Distance Changes (%): ['0.057', '0.034', '0.008', '0.015']
EMA12 Changes (%): ['-0.002', '-0.038', '-0.044', '-0.044']
Price Changes (%): ['-0.118', '-0.237', '-0.074', '-0.045']
Candle Analysis:
    Body Sizes (%): ['0.118', '0.237', '0.074', '0.045']
    Upper Shadows (%): ['0.148', '0.030', '0.015', '0.134']
    Lower Shadows (%): ['0.074', '0.059', '0.045', '0.119']
Volumes: [np.float64(1925967.0), np.float64(1906366.0), np.float64(937105.0), np.float64(1139662.0)]
2025-05-05 12:20:10,616 - INFO - 
2. Post-Cross Movement (30min):
5min Price Changes (%): ['0.000']
Maximum Change: 0.000% after 0 minutes
Candle Analysis:
    Body Sizes (%): ['0.000']
    Upper Shadows (%): ['0.000']
    Lower Shadows (%): ['0.015']
Volumes: [np.float64(4649.0)]
==================================================
2025-05-05 12:20:12,526 - INFO - 
==================================================
EMA Cross Analysis - MOVE/USDT
Time: 2025-05-05 12:20:00+09:00
Type: dead
Cross Character (Current): Weak
Cross Character (New): Weak
Price at Cross: 0.1681

1. Pre-Cross Pattern (15min):
EMA Distance Changes (%): ['0.074', '0.059', '0.014', '0.017']
EMA12 Changes (%): ['0.022', '-0.018', '-0.079', '-0.058']
Price Changes (%): ['-0.295', '-0.237', '-0.415', '0.060']
Candle Analysis:
    Body Sizes (%): ['0.295', '0.296', '0.415', '0.060']
    Upper Shadows (%): ['0.000', '0.000', '0.059', '0.000']
    Lower Shadows (%): ['0.177', '0.059', '0.059', '0.000']
Volumes: [np.float64(2037229.0), np.float64(1218290.0), np.float64(1870595.0), np.float64(44315.0)]
2025-05-05 12:20:12,526 - INFO - 
2. Post-Cross Movement (30min):
5min Price Changes (%): []
Maximum Change: 0.000% after 0 minutes
Candle Analysis:
    Body Sizes (%): []
    Upper Shadows (%): []
    Lower Shadows (%): []
Volumes: []
==================================================
2025-05-05 12:25:50,668 - INFO - 
==================================================
EMA Cross Analysis - HIPPO/USDT
Time: 2025-05-05 12:25:00+09:00
Type: dead
Cross Character (Current): Weak
Cross Character (New): Weak
Price at Cross: 0.002466

1. Pre-Cross Pattern (15min):
EMA Distance Changes (%): ['0.064', '0.072', '0.037', '0.011']
EMA12 Changes (%): ['-0.042', '0.026', '-0.058', '-0.087']
Price Changes (%): ['0.692', '0.404', '-0.523', '-0.243']
Candle Analysis:
    Body Sizes (%): ['0.692', '0.363', '0.523', '0.243']
    Upper Shadows (%): ['0.163', '0.485', '0.161', '0.040']
    Lower Shadows (%): ['0.122', '0.040', '0.000', '0.000']
Volumes: [np.float64(30084890.0), np.float64(26913897.0), np.float64(9185226.0), np.float64(1628840.0)]
2025-05-05 12:25:50,669 - INFO - 
2. Post-Cross Movement (30min):
5min Price Changes (%): []
Maximum Change: 0.000% after 0 minutes
Candle Analysis:
    Body Sizes (%): []
    Upper Shadows (%): []
    Lower Shadows (%): []
Volumes: []
==================================================
2025-05-05 12:25:53,283 - INFO - 
==================================================
EMA Cross Analysis - XLM/USDT
Time: 2025-05-05 12:25:00+09:00
Type: dead
Cross Character (Current): Weak
Cross Character (New): Weak
Price at Cross: 0.26554

1. Pre-Cross Pattern (15min):
EMA Distance Changes (%): ['0.075', '0.041', '0.008', '0.012']
EMA12 Changes (%): ['-0.043', '-0.053', '-0.058', '-0.038']
Price Changes (%): ['-0.086', '-0.109', '-0.083', '0.068']
Candle Analysis:
    Body Sizes (%): ['0.083', '0.109', '0.087', '0.068']
    Upper Shadows (%): ['0.101', '0.150', '0.154', '0.023']
    Lower Shadows (%): ['0.019', '0.120', '0.083', '0.038']
Volumes: [np.float64(631753.0), np.float64(566294.0), np.float64(695858.0), np.float64(68984.0)]
2025-05-05 12:25:53,283 - INFO - 
2. Post-Cross Movement (30min):
5min Price Changes (%): []
Maximum Change: 0.000% after 0 minutes
Candle Analysis:
    Body Sizes (%): []
    Upper Shadows (%): []
    Lower Shadows (%): []
Volumes: []
==================================================
2025-05-05 12:25:55,461 - INFO - 
==================================================
EMA Cross Analysis - XRP/USDT
Time: 2025-05-05 12:25:00+09:00
Type: dead
Cross Character (Current): Weak
Cross Character (New): Weak
Price at Cross: 2.1517

1. Pre-Cross Pattern (15min):
EMA Distance Changes (%): ['0.030', '0.014', '0.002', '0.008']
EMA12 Changes (%): ['-0.031', '-0.027', '-0.021', '-0.018']
Price Changes (%): ['-0.190', '-0.009', '0.014', '0.000']
Candle Analysis:
    Body Sizes (%): ['0.186', '0.009', '0.014', '0.000']
    Upper Shadows (%): ['0.056', '0.088', '0.116', '0.019']
    Lower Shadows (%): ['0.023', '0.093', '0.056', '0.060']
Volumes: [np.float64(2232108.1), np.float64(1518724.2), np.float64(849971.2), np.float64(95143.4)]
2025-05-05 12:25:55,461 - INFO - 
2. Post-Cross Movement (30min):
5min Price Changes (%): []
Maximum Change: 0.000% after 0 minutes
Candle Analysis:
    Body Sizes (%): []
    Upper Shadows (%): []
    Lower Shadows (%): []
Volumes: []
==================================================
2025-05-05 12:25:57,590 - INFO - 
==================================================
EMA Cross Analysis - MOVE/USDT
Time: 2025-05-05 12:20:00+09:00
Type: dead
Cross Character (Current): Weak
Cross Character (New): Weak
Price at Cross: 0.1679

1. Pre-Cross Pattern (15min):
EMA Distance Changes (%): ['0.074', '0.059', '0.014', '0.027']
EMA12 Changes (%): ['0.022', '-0.018', '-0.079', '-0.076']
Price Changes (%): ['-0.295', '-0.237', '-0.415', '-0.060']
Candle Analysis:
    Body Sizes (%): ['0.295', '0.296', '0.415', '0.060']
    Upper Shadows (%): ['0.000', '0.000', '0.059', '0.179']
    Lower Shadows (%): ['0.177', '0.059', '0.059', '0.060']
Volumes: [np.float64(2037229.0), np.float64(1218290.0), np.float64(1870595.0), np.float64(1140569.0)]
2025-05-05 12:25:57,590 - INFO - 
2. Post-Cross Movement (30min):
5min Price Changes (%): ['0.179']
Maximum Change: 0.179% after 5 minutes
Candle Analysis:
    Body Sizes (%): ['0.119']
    Upper Shadows (%): ['0.119']
    Lower Shadows (%): ['0.060']
Volumes: [np.float64(199521.0)]
==================================================
2025-05-05 12:30:27,414 - INFO - 
==================================================
EMA Cross Analysis - HIPPO/USDT
Time: 2025-05-05 12:25:00+09:00
Type: dead
Cross Character (Current): Weak
Cross Character (New): Weak
Price at Cross: 0.002455

1. Pre-Cross Pattern (15min):
EMA Distance Changes (%): ['0.064', '0.072', '0.037', '0.047']
EMA12 Changes (%): ['-0.042', '0.026', '-0.058', '-0.155']
Price Changes (%): ['0.692', '0.404', '-0.523', '-0.688']
Candle Analysis:
    Body Sizes (%): ['0.692', '0.363', '0.523', '0.688']
    Upper Shadows (%): ['0.163', '0.485', '0.161', '0.040']
    Lower Shadows (%): ['0.122', '0.040', '0.000', '0.121']
Volumes: [np.float64(30084890.0), np.float64(26913897.0), np.float64(9185226.0), np.float64(18641906.0)]
2025-05-05 12:30:27,415 - INFO - 
2. Post-Cross Movement (30min):
5min Price Changes (%): ['-0.122']
Maximum Change: -0.122% after 5 minutes
Candle Analysis:
    Body Sizes (%): ['0.122']
    Upper Shadows (%): ['0.000']
    Lower Shadows (%): ['0.000']
Volumes: [np.float64(2190135.0)]
==================================================
2025-05-05 12:30:28,503 - INFO - 
==================================================
EMA Cross Analysis - LINK/USDT
Time: 2025-05-05 12:25:00+09:00
Type: dead
Cross Character (Current): Weak
Cross Character (New): Weak
Price at Cross: 13.879

1. Pre-Cross Pattern (15min):
EMA Distance Changes (%): ['0.086', '0.052', '0.028', '0.003']
EMA12 Changes (%): ['-0.029', '-0.054', '-0.039', '-0.056']
Price Changes (%): ['-0.086', '-0.187', '0.043', '-0.151']
Candle Analysis:
    Body Sizes (%): ['0.079', '0.194', '0.036', '0.144']
    Upper Shadows (%): ['0.057', '0.072', '0.144', '0.014']
    Lower Shadows (%): ['0.022', '0.072', '0.014', '0.029']
Volumes: [np.float64(31132.32), np.float64(32594.72), np.float64(30019.3), np.float64(30960.42)]
2025-05-05 12:30:28,504 - INFO - 
2. Post-Cross Movement (30min):
5min Price Changes (%): ['0.043']
Maximum Change: 0.043% after 5 minutes
Candle Analysis:
    Body Sizes (%): ['0.036']
    Upper Shadows (%): ['0.022']
    Lower Shadows (%): ['0.000']
Volumes: [np.float64(2173.72)]
==================================================
2025-05-05 12:30:30,026 - INFO - 
==================================================
EMA Cross Analysis - XLM/USDT
Time: 2025-05-05 12:25:00+09:00
Type: dead
Cross Character (Current): Weak
Cross Character (New): Weak
Price at Cross: 0.26503

1. Pre-Cross Pattern (15min):
EMA Distance Changes (%): ['0.075', '0.041', '0.008', '0.027']
EMA12 Changes (%): ['-0.043', '-0.053', '-0.058', '-0.068']
Price Changes (%): ['-0.086', '-0.109', '-0.083', '-0.124']
Candle Analysis:
    Body Sizes (%): ['0.083', '0.109', '0.087', '0.124']
    Upper Shadows (%): ['0.101', '0.150', '0.154', '0.090']
    Lower Shadows (%): ['0.019', '0.120', '0.083', '0.019']
Volumes: [np.float64(631753.0), np.float64(566294.0), np.float64(695858.0), np.float64(492144.0)]
2025-05-05 12:30:30,026 - INFO - 
2. Post-Cross Movement (30min):
5min Price Changes (%): ['0.038']
Maximum Change: 0.038% after 5 minutes
Candle Analysis:
    Body Sizes (%): ['0.034']
    Upper Shadows (%): ['0.019']
    Lower Shadows (%): ['0.000']
Volumes: [np.float64(73862.0)]
==================================================
2025-05-05 12:30:32,204 - INFO - 
==================================================
EMA Cross Analysis - XRP/USDT
Time: 2025-05-05 12:25:00+09:00
Type: dead
Cross Character (Current): Weak
Cross Character (New): Weak
Price at Cross: 2.1479

1. Pre-Cross Pattern (15min):
EMA Distance Changes (%): ['0.030', '0.014', '0.002', '0.022']
EMA12 Changes (%): ['-0.031', '-0.027', '-0.021', '-0.045']
Price Changes (%): ['-0.190', '-0.009', '0.014', '-0.177']
Candle Analysis:
    Body Sizes (%): ['0.186', '0.009', '0.014', '0.177']
    Upper Shadows (%): ['0.056', '0.088', '0.116', '0.019']
    Lower Shadows (%): ['0.023', '0.093', '0.056', '0.046']
Volumes: [np.float64(2232108.1), np.float64(1518724.2), np.float64(849971.2), np.float64(1585414.9)]
2025-05-05 12:30:32,205 - INFO - 
2. Post-Cross Movement (30min):
5min Price Changes (%): ['0.023']
Maximum Change: 0.023% after 5 minutes
Candle Analysis:
    Body Sizes (%): ['0.019']
    Upper Shadows (%): ['0.009']
    Lower Shadows (%): ['0.000']
Volumes: [np.float64(112512.1)]
==================================================
2025-05-05 12:45:34,297 - INFO - 
==================================================
EMA Cross Analysis - USUAL/USDT
Time: 2025-05-05 12:45:00+09:00
Type: dead
Cross Character (Current): Weak
Cross Character (New): Weak
Price at Cross: 0.1231

1. Pre-Cross Pattern (15min):
EMA Distance Changes (%): ['0.266', '0.164', '0.083', '0.002']
EMA12 Changes (%): ['-0.141', '-0.157', '-0.133', '-0.150']
Price Changes (%): ['0.487', '-0.243', '0.000', '-0.243']
Candle Analysis:
    Body Sizes (%): ['0.487', '0.243', '0.081', '0.243']
    Upper Shadows (%): ['0.162', '0.081', '0.081', '0.000']
    Lower Shadows (%): ['0.081', '0.243', '0.324', '0.081']
Volumes: [np.float64(1268327.0), np.float64(939543.0), np.float64(750555.0), np.float64(254221.0)]
2025-05-05 12:45:34,297 - INFO - 
2. Post-Cross Movement (30min):
5min Price Changes (%): []
Maximum Change: 0.000% after 0 minutes
Candle Analysis:
    Body Sizes (%): []
    Upper Shadows (%): []
    Lower Shadows (%): []
Volumes: []
==================================================
2025-05-05 12:50:05,193 - INFO - 
==================================================
EMA Cross Analysis - TNSR/USDT
Time: 2025-05-05 12:45:00+09:00
Type: dead
Cross Character (Current): Weak
Cross Character (New): Weak
Price at Cross: 0.134

1. Pre-Cross Pattern (15min):
EMA Distance Changes (%): ['0.067', '0.050', '0.030', '0.004']
EMA12 Changes (%): ['-0.001', '-0.023', '-0.031', '-0.061']
Price Changes (%): ['0.074', '-0.149', '-0.074', '-0.223']
Candle Analysis:
    Body Sizes (%): ['0.149', '0.149', '0.000', '0.223']
    Upper Shadows (%): ['0.074', '0.149', '0.074', '0.000']
    Lower Shadows (%): ['0.000', '0.149', '0.372', '0.149']
Volumes: [np.float64(50129.3), np.float64(230569.3), np.float64(51258.6), np.float64(24317.4)]
2025-05-05 12:50:05,193 - INFO - 
2. Post-Cross Movement (30min):
5min Price Changes (%): ['0.000']
Maximum Change: 0.000% after 0 minutes
Candle Analysis:
    Body Sizes (%): ['0.000']
    Upper Shadows (%): ['0.000']
    Lower Shadows (%): ['0.000']
Volumes: [np.float64(0.0)]
==================================================
2025-05-05 12:50:10,460 - INFO - 
==================================================
EMA Cross Analysis - USUAL/USDT
Time: 2025-05-05 12:50:00+09:00
Type: dead
Cross Character (Current): Weak
Cross Character (New): Weak
Price at Cross: 0.123

1. Pre-Cross Pattern (15min):
EMA Distance Changes (%): ['0.164', '0.083', '0.005', '0.069']
EMA12 Changes (%): ['-0.157', '-0.133', '-0.137', '-0.141']
Price Changes (%): ['-0.243', '0.000', '-0.162', '-0.162']
Candle Analysis:
    Body Sizes (%): ['0.243', '0.081', '0.162', '0.162']
    Upper Shadows (%): ['0.081', '0.081', '0.000', '0.000']
    Lower Shadows (%): ['0.243', '0.324', '0.162', '0.000']
Volumes: [np.float64(939543.0), np.float64(750555.0), np.float64(721241.0), np.float64(460819.0)]
2025-05-05 12:50:10,460 - INFO - 
2. Post-Cross Movement (30min):
5min Price Changes (%): []
Maximum Change: 0.000% after 0 minutes
Candle Analysis:
    Body Sizes (%): []
    Upper Shadows (%): []
    Lower Shadows (%): []
Volumes: []
==================================================
2025-05-05 12:55:54,071 - INFO - 
==================================================
EMA Cross Analysis - AIXBT/USDT
Time: 2025-05-05 12:55:00+09:00
Type: dead
Cross Character (Current): Weak
Cross Character (New): Weak
Price at Cross: 0.16646

1. Pre-Cross Pattern (15min):
EMA Distance Changes (%): ['0.188', '0.080', '0.003', '0.053']
EMA12 Changes (%): ['-0.139', '-0.180', '-0.135', '-0.108']
Price Changes (%): ['-0.215', '-0.407', '0.114', '0.042']
Candle Analysis:
    Body Sizes (%): ['0.245', '0.402', '0.108', '0.054']
    Upper Shadows (%): ['0.006', '0.102', '0.180', '0.228']
    Lower Shadows (%): ['0.311', '0.479', '0.193', '0.072']
Volumes: [np.float64(908884.0), np.float64(860549.0), np.float64(697886.0), np.float64(324059.0)]
2025-05-05 12:55:54,071 - INFO - 
2. Post-Cross Movement (30min):
5min Price Changes (%): []
Maximum Change: 0.000% after 0 minutes
Candle Analysis:
    Body Sizes (%): []
    Upper Shadows (%): []
    Lower Shadows (%): []
Volumes: []
==================================================
2025-05-05 12:55:54,896 - INFO - 
==================================================
EMA Cross Analysis - AVAX/USDT
Time: 2025-05-05 12:55:00+09:00
Type: dead
Cross Character (Current): Weak
Cross Character (New): Weak
Price at Cross: 19.98

1. Pre-Cross Pattern (15min):
EMA Distance Changes (%): ['0.075', '0.035', '0.005', '0.014']
EMA12 Changes (%): ['-0.030', '-0.066', '-0.052', '-0.037']
Price Changes (%): ['0.020', '-0.265', '0.025', '0.050']
Candle Analysis:
    Body Sizes (%): ['0.020', '0.270', '0.030', '0.055']
    Upper Shadows (%): ['0.070', '0.000', '0.000', '0.010']
    Lower Shadows (%): ['0.120', '0.045', '0.135', '0.005']
Volumes: [np.float64(28996.0), np.float64(24202.0), np.float64(41154.0), np.float64(4835.0)]
2025-05-05 12:55:54,896 - INFO - 
2. Post-Cross Movement (30min):
5min Price Changes (%): []
Maximum Change: 0.000% after 0 minutes
Candle Analysis:
    Body Sizes (%): []
    Upper Shadows (%): []
    Lower Shadows (%): []
Volumes: []
==================================================
2025-05-05 12:55:56,416 - INFO - 
==================================================
EMA Cross Analysis - USUAL/USDT
Time: 2025-05-05 12:50:00+09:00
Type: dead
Cross Character (Current): Weak
Cross Character (New): Weak
Price at Cross: 0.1225

1. Pre-Cross Pattern (15min):
EMA Distance Changes (%): ['0.164', '0.083', '0.005', '0.102']
EMA12 Changes (%): ['-0.157', '-0.133', '-0.137', '-0.203']
Price Changes (%): ['-0.243', '0.000', '-0.162', '-0.568']
Candle Analysis:
    Body Sizes (%): ['0.243', '0.081', '0.162', '0.568']
    Upper Shadows (%): ['0.081', '0.081', '0.000', '0.000']
    Lower Shadows (%): ['0.243', '0.324', '0.162', '0.893']
Volumes: [np.float64(939543.0), np.float64(750555.0), np.float64(721241.0), np.float64(5048714.0)]
2025-05-05 12:55:56,416 - INFO - 
2. Post-Cross Movement (30min):
5min Price Changes (%): ['0.245']
Maximum Change: 0.245% after 5 minutes
Candle Analysis:
    Body Sizes (%): ['0.245']
    Upper Shadows (%): ['0.082']
    Lower Shadows (%): ['0.082']
Volumes: [np.float64(420119.0)]
==================================================
2025-05-05 13:00:25,402 - INFO - 
==================================================
EMA Cross Analysis - ACX/USDT
Time: 2025-05-05 13:00:00+09:00
Type: dead
Cross Character (Current): Weak
Cross Character (New): Weak
Price at Cross: 0.2009

1. Pre-Cross Pattern (15min):
EMA Distance Changes (%): ['0.087', '0.056', '0.020', '0.005']
EMA12 Changes (%): ['-0.037', '-0.047', '-0.062', '-0.045']
Price Changes (%): ['-0.248', '-0.099', '-0.149', '0.050']
Candle Analysis:
    Body Sizes (%): ['0.347', '0.099', '0.149', '0.000']
    Upper Shadows (%): ['0.000', '0.000', '0.149', '0.050']
    Lower Shadows (%): ['0.050', '0.099', '0.099', '0.050']
Volumes: [np.float64(14088.2), np.float64(10488.5), np.float64(31815.8), np.float64(538.8)]
2025-05-05 13:00:25,402 - INFO - 
2. Post-Cross Movement (30min):
5min Price Changes (%): []
Maximum Change: 0.000% after 0 minutes
Candle Analysis:
    Body Sizes (%): []
    Upper Shadows (%): []
    Lower Shadows (%): []
Volumes: []
==================================================
2025-05-05 13:00:25,832 - INFO - 
==================================================
EMA Cross Analysis - POL/USDT
Time: 2025-05-05 13:00:00+09:00
Type: dead
Cross Character (Current): Weak
Cross Character (New): Weak
Price at Cross: 0.22911

1. Pre-Cross Pattern (15min):
EMA Distance Changes (%): ['0.036', '0.021', '0.003', '0.015']
EMA12 Changes (%): ['-0.034', '-0.025', '-0.032', '-0.033']
Price Changes (%): ['-0.178', '0.022', '-0.070', '-0.039']
Candle Analysis:
    Body Sizes (%): ['0.192', '0.035', '0.078', '0.035']
    Upper Shadows (%): ['0.000', '0.000', '0.065', '0.031']
    Lower Shadows (%): ['0.174', '0.113', '0.026', '0.009']
Volumes: [np.float64(143593.0), np.float64(44280.0), np.float64(111105.0), np.float64(17510.0)]
2025-05-05 13:00:25,833 - INFO - 
2. Post-Cross Movement (30min):
5min Price Changes (%): []
Maximum Change: 0.000% after 0 minutes
Candle Analysis:
    Body Sizes (%): []
    Upper Shadows (%): []
    Lower Shadows (%): []
Volumes: []
==================================================
2025-05-05 13:00:26,923 - INFO - 
==================================================
EMA Cross Analysis - DOGE/USDT
Time: 2025-05-05 12:55:00+09:00
Type: dead
Cross Character (Current): Weak
Cross Character (New): Weak
Price at Cross: 0.17029

1. Pre-Cross Pattern (15min):
EMA Distance Changes (%): ['0.031', '0.017', '0.011', '0.004']
EMA12 Changes (%): ['0.022', '-0.023', '-0.009', '-0.026']
Price Changes (%): ['0.117', '-0.269', '0.070', '-0.123']
Candle Analysis:
    Body Sizes (%): ['0.111', '0.269', '0.070', '0.129']
    Upper Shadows (%): ['0.000', '0.018', '0.000', '0.023']
    Lower Shadows (%): ['0.123', '0.088', '0.076', '0.035']
Volumes: [np.float64(6260352.0), np.float64(8076370.0), np.float64(2513624.0), np.float64(3076686.0)]
2025-05-05 13:00:26,924 - INFO - 
2. Post-Cross Movement (30min):
5min Price Changes (%): ['-0.023']
Maximum Change: -0.023% after 5 minutes
Candle Analysis:
    Body Sizes (%): ['0.018']
    Upper Shadows (%): ['0.059']
    Lower Shadows (%): ['0.006']
Volumes: [np.float64(2969005.0)]
==================================================
2025-05-05 13:00:27,795 - INFO - 
==================================================
EMA Cross Analysis - GRASS/USDT
Time: 2025-05-05 13:00:00+09:00
Type: dead
Cross Character (Current): Weak
Cross Character (New): Weak
Price at Cross: 1.4351

1. Pre-Cross Pattern (15min):
EMA Distance Changes (%): ['0.070', '0.042', '0.012', '0.008']
EMA12 Changes (%): ['-0.069', '-0.043', '-0.053', '-0.035']
Price Changes (%): ['-0.396', '0.105', '-0.111', '0.063']
Candle Analysis:
    Body Sizes (%): ['0.423', '0.098', '0.153', '0.063']
    Upper Shadows (%): ['0.028', '0.028', '0.146', '0.035']
    Lower Shadows (%): ['0.000', '0.279', '0.028', '0.014']
Volumes: [np.float64(6933.6), np.float64(60338.7), np.float64(8308.8), np.float64(760.8)]
2025-05-05 13:00:27,795 - INFO - 
2. Post-Cross Movement (30min):
5min Price Changes (%): []
Maximum Change: 0.000% after 0 minutes
Candle Analysis:
    Body Sizes (%): []
    Upper Shadows (%): []
    Lower Shadows (%): []
Volumes: []
==================================================
2025-05-05 13:00:30,447 - INFO - 
==================================================
EMA Cross Analysis - AIXBT/USDT
Time: 2025-05-05 12:55:00+09:00
Type: dead
Cross Character (Current): Weak
Cross Character (New): Weak
Price at Cross: 0.16553

1. Pre-Cross Pattern (15min):
EMA Distance Changes (%): ['0.188', '0.080', '0.003', '0.099']
EMA12 Changes (%): ['-0.139', '-0.180', '-0.135', '-0.194']
Price Changes (%): ['-0.215', '-0.407', '0.114', '-0.517']
Candle Analysis:
    Body Sizes (%): ['0.245', '0.402', '0.108', '0.505']
    Upper Shadows (%): ['0.006', '0.102', '0.180', '0.283']
    Lower Shadows (%): ['0.311', '0.479', '0.193', '0.102']
Volumes: [np.float64(908884.0), np.float64(860549.0), np.float64(697886.0), np.float64(948129.0)]
2025-05-05 13:00:30,447 - INFO - 
2. Post-Cross Movement (30min):
5min Price Changes (%): ['0.163']
Maximum Change: 0.163% after 5 minutes
Candle Analysis:
    Body Sizes (%): ['0.133']
    Upper Shadows (%): ['0.006']
    Lower Shadows (%): ['0.048']
Volumes: [np.float64(100549.0)]
==================================================
2025-05-05 13:00:31,268 - INFO - 
==================================================
EMA Cross Analysis - AVAX/USDT
Time: 2025-05-05 12:55:00+09:00
Type: dead
Cross Character (Current): Weak
Cross Character (New): Weak
Price at Cross: 19.942

1. Pre-Cross Pattern (15min):
EMA Distance Changes (%): ['0.075', '0.035', '0.005', '0.030']
EMA12 Changes (%): ['-0.030', '-0.066', '-0.052', '-0.066']
Price Changes (%): ['0.020', '-0.265', '0.025', '-0.140']
Candle Analysis:
    Body Sizes (%): ['0.020', '0.270', '0.030', '0.135']
    Upper Shadows (%): ['0.070', '0.000', '0.000', '0.065']
    Lower Shadows (%): ['0.120', '0.045', '0.135', '0.030']
Volumes: [np.float64(28996.0), np.float64(24202.0), np.float64(41154.0), np.float64(22017.0)]
2025-05-05 13:00:31,269 - INFO - 
2. Post-Cross Movement (30min):
5min Price Changes (%): ['0.025']
Maximum Change: 0.025% after 5 minutes
Candle Analysis:
    Body Sizes (%): ['0.020']
    Upper Shadows (%): ['0.035']
    Lower Shadows (%): ['0.015']
Volumes: [np.float64(3358.0)]
==================================================
2025-05-05 13:06:12,082 - INFO - 
==================================================
EMA Cross Analysis - ACX/USDT
Time: 2025-05-05 13:00:00+09:00
Type: dead
Cross Character (Current): Weak
Cross Character (New): Weak
Price at Cross: 0.201

1. Pre-Cross Pattern (15min):
EMA Distance Changes (%): ['0.087', '0.056', '0.020', '0.001']
EMA12 Changes (%): ['-0.037', '-0.047', '-0.062', '-0.038']
Price Changes (%): ['-0.248', '-0.099', '-0.149', '0.100']
Candle Analysis:
    Body Sizes (%): ['0.347', '0.099', '0.149', '0.050']
    Upper Shadows (%): ['0.000', '0.000', '0.149', '0.050']
    Lower Shadows (%): ['0.050', '0.099', '0.099', '0.149']
Volumes: [np.float64(14088.2), np.float64(10488.5), np.float64(31815.8), np.float64(15856.9)]
2025-05-05 13:06:12,082 - INFO - 
2. Post-Cross Movement (30min):
5min Price Changes (%): ['-0.050']
Maximum Change: -0.050% after 5 minutes
Candle Analysis:
    Body Sizes (%): ['0.050']
    Upper Shadows (%): ['0.000']
    Lower Shadows (%): ['0.000']
Volumes: [np.float64(2165.2)]
==================================================
2025-05-05 13:06:12,472 - INFO - 
==================================================
EMA Cross Analysis - POL/USDT
Time: 2025-05-05 13:00:00+09:00
Type: dead
Cross Character (Current): Weak
Cross Character (New): Weak
Price at Cross: 0.22953

1. Pre-Cross Pattern (15min):
EMA Distance Changes (%): ['0.036', '0.021', '0.003', '0.000']
EMA12 Changes (%): ['-0.034', '-0.025', '-0.032', '-0.005']
Price Changes (%): ['-0.178', '0.022', '-0.070', '0.144']
Candle Analysis:
    Body Sizes (%): ['0.192', '0.035', '0.078', '0.148']
    Upper Shadows (%): ['0.000', '0.000', '0.065', '0.009']
    Lower Shadows (%): ['0.174', '0.113', '0.026', '0.113']
Volumes: [np.float64(143593.0), np.float64(44280.0), np.float64(111105.0), np.float64(179991.0)]
2025-05-05 13:06:12,472 - INFO - 
2. Post-Cross Movement (30min):
5min Price Changes (%): ['0.144']
Maximum Change: 0.144% after 5 minutes
Candle Analysis:
    Body Sizes (%): ['0.148']
    Upper Shadows (%): ['0.030']
    Lower Shadows (%): ['0.004']
Volumes: [np.float64(44778.0)]
==================================================
2025-05-05 13:10:46,302 - INFO - 
==================================================
EMA Cross Analysis - NEAR/USDT
Time: 2025-05-05 13:10:00+09:00
Type: dead
Cross Character (Current): Weak
Cross Character (New): Weak
Price at Cross: 2.33

1. Pre-Cross Pattern (15min):
EMA Distance Changes (%): ['0.063', '0.046', '0.015', '0.020']
EMA12 Changes (%): ['-0.060', '-0.024', '-0.054', '-0.065']
Price Changes (%): ['-0.171', '0.171', '-0.214', '-0.129']
Candle Analysis:
    Body Sizes (%): ['0.171', '0.171', '0.214', '0.129']
    Upper Shadows (%): ['0.086', '0.000', '0.128', '0.000']
    Lower Shadows (%): ['0.043', '0.000', '0.043', '0.043']
Volumes: [np.float64(56175.0), np.float64(75904.0), np.float64(25007.0), np.float64(21253.0)]
2025-05-05 13:10:46,302 - INFO - 
2. Post-Cross Movement (30min):
5min Price Changes (%): []
Maximum Change: 0.000% after 0 minutes
Candle Analysis:
    Body Sizes (%): []
    Upper Shadows (%): []
    Lower Shadows (%): []
Volumes: []
==================================================
2025-05-05 13:10:46,742 - INFO - 
==================================================
EMA Cross Analysis - BAKE/USDT
Time: 2025-05-05 13:10:00+09:00
Type: dead
Cross Character (Current): Weak
Cross Character (New): Weak
Price at Cross: 0.116

1. Pre-Cross Pattern (15min):
EMA Distance Changes (%): ['0.146', '0.102', '0.039', '0.018']
EMA12 Changes (%): ['-0.091', '-0.064', '-0.106', '-0.103']
Price Changes (%): ['-0.342', '0.086', '-0.343', '-0.086']
Candle Analysis:
    Body Sizes (%): ['0.342', '0.086', '0.258', '0.172']
    Upper Shadows (%): ['0.171', '0.172', '0.086', '0.000']
    Lower Shadows (%): ['0.086', '0.086', '0.086', '0.086']
Volumes: [np.float64(331862.0), np.float64(466086.0), np.float64(396887.0), np.float64(88013.0)]
2025-05-05 13:10:46,742 - INFO - 
2. Post-Cross Movement (30min):
5min Price Changes (%): []
Maximum Change: 0.000% after 0 minutes
Candle Analysis:
    Body Sizes (%): []
    Upper Shadows (%): []
    Lower Shadows (%): []
Volumes: []
==================================================
2025-05-05 13:10:48,920 - INFO - 
==================================================
EMA Cross Analysis - DOGE/USDT
Time: 2025-05-05 13:05:00+09:00
Type: dead
Cross Character (Current): Weak
Cross Character (New): Weak
Price at Cross: 0.17037

1. Pre-Cross Pattern (15min):
EMA Distance Changes (%): ['0.011', '0.004', '0.001', '0.007']
EMA12 Changes (%): ['-0.009', '-0.026', '0.008', '-0.016']
Price Changes (%): ['0.070', '-0.123', '0.200', '-0.152']
Candle Analysis:
    Body Sizes (%): ['0.070', '0.129', '0.206', '0.147']
    Upper Shadows (%): ['0.000', '0.023', '0.006', '0.111']
    Lower Shadows (%): ['0.076', '0.035', '0.023', '0.018']
Volumes: [np.float64(2513624.0), np.float64(3076686.0), np.float64(6985068.0), np.float64(6178709.0)]
2025-05-05 13:10:48,920 - INFO - 
2. Post-Cross Movement (30min):
5min Price Changes (%): ['-0.088']
Maximum Change: -0.088% after 5 minutes
Candle Analysis:
    Body Sizes (%): ['0.088']
    Upper Shadows (%): ['0.023']
    Lower Shadows (%): ['0.041']
Volumes: [np.float64(1504554.0)]
==================================================
2025-05-05 13:10:49,354 - INFO - 
==================================================
EMA Cross Analysis - GALA/USDT
Time: 2025-05-05 13:10:00+09:00
Type: dead
Cross Character (Current): Weak
Cross Character (New): Weak
Price at Cross: 0.01541

1. Pre-Cross Pattern (15min):
EMA Distance Changes (%): ['0.104', '0.066', '0.010', '0.045']
EMA12 Changes (%): ['-0.080', '-0.058', '-0.098', '-0.103']
Price Changes (%): ['-0.194', '0.065', '-0.323', '-0.130']
Candle Analysis:
    Body Sizes (%): ['0.194', '0.065', '0.323', '0.130']
    Upper Shadows (%): ['0.065', '0.065', '0.129', '0.065']
    Lower Shadows (%): ['0.065', '0.129', '0.000', '0.000']
Volumes: [np.float64(15138060.0), np.float64(7697091.0), np.float64(7343792.0), np.float64(1869930.0)]
2025-05-05 13:10:49,354 - INFO - 
2. Post-Cross Movement (30min):
5min Price Changes (%): []
Maximum Change: 0.000% after 0 minutes
Candle Analysis:
    Body Sizes (%): []
    Upper Shadows (%): []
    Lower Shadows (%): []
Volumes: []
==================================================
2025-05-05 13:10:49,790 - INFO - 
==================================================
EMA Cross Analysis - GRASS/USDT
Time: 2025-05-05 13:05:00+09:00
Type: dead
Cross Character (Current): Weak
Cross Character (New): Weak
Price at Cross: 1.432

1. Pre-Cross Pattern (15min):
EMA Distance Changes (%): ['0.042', '0.012', '0.005', '0.030']
EMA12 Changes (%): ['-0.043', '-0.053', '-0.011', '-0.067']
Price Changes (%): ['0.105', '-0.111', '0.223', '-0.376']
Candle Analysis:
    Body Sizes (%): ['0.098', '0.153', '0.223', '0.396']
    Upper Shadows (%): ['0.028', '0.146', '0.049', '0.090']
    Lower Shadows (%): ['0.279', '0.028', '0.014', '0.021']
Volumes: [np.float64(60338.7), np.float64(8308.8), np.float64(4586.8), np.float64(10422.1)]
2025-05-05 13:10:49,790 - INFO - 
2. Post-Cross Movement (30min):
5min Price Changes (%): ['-0.056']
Maximum Change: -0.056% after 5 minutes
Candle Analysis:
    Body Sizes (%): ['0.049']
    Upper Shadows (%): ['0.014']
    Lower Shadows (%): ['0.049']
Volumes: [np.float64(5439.7)]
==================================================
2025-05-05 13:10:50,009 - INFO - 
==================================================
EMA Cross Analysis - DOT/USDT
Time: 2025-05-05 13:10:00+09:00
Type: dead
Cross Character (Current): Weak
Cross Character (New): Weak
Price at Cross: 3.955

1. Pre-Cross Pattern (15min):
EMA Distance Changes (%): ['0.117', '0.076', '0.035', '0.005']
EMA12 Changes (%): ['-0.041', '-0.062', '-0.068', '-0.073']
Price Changes (%): ['-0.101', '-0.176', '-0.101', '-0.101']
Candle Analysis:
    Body Sizes (%): ['0.101', '0.201', '0.076', '0.101']
    Upper Shadows (%): ['0.050', '0.076', '0.177', '0.051']
    Lower Shadows (%): ['0.025', '0.101', '0.025', '0.000']
Volumes: [np.float64(44766.1), np.float64(201313.3), np.float64(93753.6), np.float64(5697.3)]
2025-05-05 13:10:50,009 - INFO - 
2. Post-Cross Movement (30min):
5min Price Changes (%): []
Maximum Change: 0.000% after 0 minutes
Candle Analysis:
    Body Sizes (%): []
    Upper Shadows (%): []
    Lower Shadows (%): []
Volumes: []
==================================================
2025-05-05 13:10:53,017 - INFO - 
==================================================
EMA Cross Analysis - SUI/USDT
Time: 2025-05-05 13:10:00+09:00
Type: dead
Cross Character (Current): Weak
Cross Character (New): Weak
Price at Cross: 3.2632

1. Pre-Cross Pattern (15min):
EMA Distance Changes (%): ['0.150', '0.138', '0.063', '0.003']
EMA12 Changes (%): ['-0.045', '-0.002', '-0.125', '-0.117']
Price Changes (%): ['-0.297', '0.231', '-0.802', '-0.073']
Candle Analysis:
    Body Sizes (%): ['0.297', '0.234', '0.799', '0.073']
    Upper Shadows (%): ['0.091', '0.100', '0.122', '0.083']
    Lower Shadows (%): ['0.103', '0.137', '0.006', '0.015']
Volumes: [np.float64(718633.9), np.float64(1333855.3), np.float64(1685387.0), np.float64(386126.2)]
2025-05-05 13:10:53,017 - INFO - 
2. Post-Cross Movement (30min):
5min Price Changes (%): []
Maximum Change: 0.000% after 0 minutes
Candle Analysis:
    Body Sizes (%): []
    Upper Shadows (%): []
    Lower Shadows (%): []
Volumes: []
==================================================
2025-05-05 13:10:53,670 - INFO - 
==================================================
EMA Cross Analysis - GOAT/USDT
Time: 2025-05-05 13:10:00+09:00
Type: dead
Cross Character (Current): Weak
Cross Character (New): Weak
Price at Cross: 0.06994

1. Pre-Cross Pattern (15min):
EMA Distance Changes (%): ['0.067', '0.069', '0.026', '0.011']
EMA12 Changes (%): ['-0.064', '0.014', '-0.072', '-0.067']
Price Changes (%): ['-0.029', '0.443', '-0.540', '-0.043']
Candle Analysis:
    Body Sizes (%): ['0.043', '0.428', '0.512', '0.043']
    Upper Shadows (%): ['0.100', '0.000', '0.128', '0.043']
    Lower Shadows (%): ['0.143', '0.000', '0.000', '0.100']
Volumes: [np.float64(541214.0), np.float64(418115.0), np.float64(172387.0), np.float64(75554.0)]
2025-05-05 13:10:53,670 - INFO - 
2. Post-Cross Movement (30min):
5min Price Changes (%): []
Maximum Change: 0.000% after 0 minutes
Candle Analysis:
    Body Sizes (%): []
    Upper Shadows (%): []
    Lower Shadows (%): []
Volumes: []
==================================================
