2025-05-15 23:56:54,745 - INFO - 
JMA Slope Debug for TIA/USDT:
2025-05-15 23:56:54,746 - INFO - Current JMA value: 2.7650457134241235
2025-05-15 23:56:54,746 - INFO - Previous JMA value: 2.7627073972149305
2025-05-15 23:56:54,746 - INFO - Calculated slope: 5.553635832234224
2025-05-15 23:56:54,746 - INFO - Threshold comparison: 5.553635832234224 > 4
2025-05-15 23:56:54,748 - INFO - 
=== Cross Check for TIA/USDT ===
2025-05-15 23:56:54,748 - INFO - 
EMA Cross Analysis at 2025-05-15 23:55:00+09:00:
Last 3 candles EMA values:
  T-2: EMA12=2.77665395, EMA26=2.79073782, Diff=-0.01408387
  T-1: EMA12=2.77650719, EMA26=2.78962391, Diff=-0.01311672, Change=0.00014676
   T0: EMA12=2.77812147, EMA26=2.78942954, Diff=-0.01130807, Change=0.00161428
2025-05-15 23:56:54,753 - INFO - No new EMA cross
2025-05-15 23:56:54,754 - INFO - 
MACD Cross Analysis at 2025-05-15 23:55:00+09:00:
Last 3 candles MACD values:
  T-2: MACD=-0.01408387, Signal=-0.01190951, Diff=-0.00217436
  T-1: MACD=-0.01311672, Signal=-0.01215095, Diff=-0.00096577, Change=0.00096715
   T0: MACD=-0.01130807, Signal=-0.01198237, Diff=0.00067430, Change=0.00180864
2025-05-15 23:56:54,755 - INFO - 
Detailed MACD Cross Analysis:
Current MACD: -0.01130807470922246, Previous: -0.013116716638683634
Current Signal: -0.011982373237889709, Previous: -0.01215094787005652
MACD change: 0.0018086419294611744
Signal change: 0.00016857463216681141
Absolute slope difference: 0.001640067297294363
Current price: 2.787
Relative slope: 0.058847050494953826%
2025-05-15 23:56:54,755 - INFO - NEW MACD Golden Cross at 2025-05-15 23:55:00+09:00
Cross Slope: 0.058847050494953826%
Candle High: 2.7824
Candle Low: 2.7601
MA Color: green
2025-05-15 23:56:54,756 - INFO - 
Checking Historical EMA Crosses
Time Range: 2025-05-15 23:30:00+09:00 to 2025-05-15 23:55:00+09:00
2025-05-15 23:56:54,759 - INFO - No new MACD cross
2025-05-15 23:56:54,759 - INFO - Current MACD cross: Time=2025-05-15 23:55:00+09:00, Type=golden, High=2.7824, Low=2.7601
2025-05-15 23:56:54,759 - INFO - 
=== Position Analysis for TIA/USDT ===

2025-05-15 23:56:54,759 - INFO - 2. MA angles JD Color: GREEN - True
2025-05-15 23:56:54,979 - INFO - 
JMA Slope Debug for DOGS/USDT:
2025-05-15 23:56:54,979 - INFO - Current JMA value: 0.0001963851641490895
2025-05-15 23:56:54,980 - INFO - Previous JMA value: 0.00019636454775365044
2025-05-15 23:56:54,980 - INFO - Calculated slope: 0.5357833211670199
2025-05-15 23:56:54,980 - INFO - Threshold comparison: 0.5357833211670199 > 4
2025-05-15 23:56:54,981 - INFO - 
=== Cross Check for DOGS/USDT ===
2025-05-15 23:56:54,981 - INFO - 
EMA Cross Analysis at 2025-05-15 23:55:00+09:00:
Last 3 candles EMA values:
  T-2: EMA12=0.00019794, EMA26=0.00019994, Diff=-0.00000201
  T-1: EMA12=0.00019765, EMA26=0.00019966, Diff=-0.00000200, Change=0.00000028
   T0: EMA12=0.00019757, EMA26=0.00019947, Diff=-0.00000190, Change=0.00000009
2025-05-15 23:56:54,981 - INFO - No new EMA cross
2025-05-15 23:56:54,981 - INFO - 
MACD Cross Analysis at 2025-05-15 23:55:00+09:00:
Last 3 candles MACD values:
  T-2: MACD=-0.00000201, Signal=-0.00000196, Diff=-0.00000004
  T-1: MACD=-0.00000200, Signal=-0.00000197, Diff=-0.00000003, Change=0.00000000
   T0: MACD=-0.00000190, Signal=-0.00000196, Diff=0.00000006, Change=0.00000010
2025-05-15 23:56:54,982 - INFO - 
Detailed MACD Cross Analysis:
Current MACD: -1.8993917602077464e-06, Previous: -2.003689345512111e-06
Current Signal: -1.9565299419190607e-06, Previous: -1.970814487346889e-06
MACD change: 1.0429758530436438e-07
Signal change: 1.428454542782847e-08
Absolute slope difference: 9.001303987653591e-08
Current price: 0.0001971
Relative slope: 0.04566871632498017%
2025-05-15 23:56:54,982 - INFO - MACD Golden Cross ignored - conditions not met
MA Color: red
Cross Slope: 0.04566871632498017%
2025-05-15 23:56:54,982 - INFO - No new MACD cross
2025-05-15 23:56:54,983 - INFO - 
=== Position Analysis for DOGS/USDT ===

2025-05-15 23:56:54,983 - INFO - 2. MA angles JD Color: RED - True
2025-05-15 23:56:55,195 - INFO - 
JMA Slope Debug for BAN/USDT:
2025-05-15 23:56:55,195 - INFO - Current JMA value: 0.061915914877265076
2025-05-15 23:56:55,195 - INFO - Previous JMA value: 0.061862284003493036
2025-05-15 23:56:55,195 - INFO - Calculated slope: 5.621188567008063
2025-05-15 23:56:55,195 - INFO - Threshold comparison: 5.621188567008063 > 4
2025-05-15 23:56:55,196 - INFO - 
=== Cross Check for BAN/USDT ===
2025-05-15 23:56:55,196 - INFO - 
EMA Cross Analysis at 2025-05-15 23:55:00+09:00:
Last 3 candles EMA values:
  T-2: EMA12=0.06207372, EMA26=0.06229509, Diff=-0.00022137
  T-1: EMA12=0.06207776, EMA26=0.06228064, Diff=-0.00020288, Change=0.00000404
   T0: EMA12=0.06211349, EMA26=0.06228281, Diff=-0.00016932, Change=0.00003573
2025-05-15 23:56:55,196 - INFO - No new EMA cross
2025-05-15 23:56:55,197 - INFO - 
MACD Cross Analysis at 2025-05-15 23:55:00+09:00:
Last 3 candles MACD values:
  T-2: MACD=-0.00022137, Signal=-0.00018712, Diff=-0.00003425
  T-1: MACD=-0.00020288, Signal=-0.00019027, Diff=-0.00001261, Change=0.00001849
   T0: MACD=-0.00016932, Signal=-0.00018608, Diff=0.00001676, Change=0.00003355
2025-05-15 23:56:55,198 - INFO - 
Detailed MACD Cross Analysis:
Current MACD: -0.00016932395671494238, Previous: -0.0002028782293966233
Current Signal: -0.00018608288092799213, Previous: -0.00019027261198125453
MACD change: 3.355427268168093e-05
Signal change: 4.189731053262397e-06
Absolute slope difference: 2.9364541628418533e-05
Current price: 0.06231
Relative slope: 0.04712653126050158%
2025-05-15 23:56:55,198 - INFO - NEW MACD Golden Cross at 2025-05-15 23:55:00+09:00
Cross Slope: 0.04712653126050158%
Candle High: 0.06223
Candle Low: 0.0618
MA Color: green
2025-05-15 23:56:55,198 - INFO - 
Checking Historical EMA Crosses
Time Range: 2025-05-15 23:30:00+09:00 to 2025-05-15 23:55:00+09:00
2025-05-15 23:56:55,201 - INFO - No new MACD cross
2025-05-15 23:56:55,201 - INFO - Current MACD cross: Time=2025-05-15 23:55:00+09:00, Type=golden, High=0.06223, Low=0.0618
2025-05-15 23:56:55,201 - INFO - 
=== Position Analysis for BAN/USDT ===

2025-05-15 23:56:55,201 - INFO - 2. MA angles JD Color: GREEN - True
2025-05-15 23:56:55,423 - INFO - 
JMA Slope Debug for BOME/USDT:
2025-05-15 23:56:55,423 - INFO - Current JMA value: 0.002460709016354154
2025-05-15 23:56:55,423 - INFO - Previous JMA value: 0.0024604727002647906
2025-05-15 23:56:55,423 - INFO - Calculated slope: 0.389801436852579
2025-05-15 23:56:55,423 - INFO - Threshold comparison: 0.389801436852579 > 4
2025-05-15 23:56:55,424 - INFO - 
=== Cross Check for BOME/USDT ===
2025-05-15 23:56:55,424 - INFO - 
EMA Cross Analysis at 2025-05-15 23:55:00+09:00:
Last 3 candles EMA values:
  T-2: EMA12=0.00250372, EMA26=0.00256064, Diff=-0.00005692
  T-1: EMA12=0.00249884, EMA26=0.00255407, Diff=-0.00005523, Change=0.00000488
   T0: EMA12=0.00249610, EMA26=0.00254866, Diff=-0.00005256, Change=0.00000274
2025-05-15 23:56:55,425 - INFO - No new EMA cross
2025-05-15 23:56:55,425 - INFO - 
MACD Cross Analysis at 2025-05-15 23:55:00+09:00:
Last 3 candles MACD values:
  T-2: MACD=-0.00005692, Signal=-0.00005436, Diff=-0.00000256
  T-1: MACD=-0.00005523, Signal=-0.00005453, Diff=-0.00000070, Change=0.00000169
   T0: MACD=-0.00005256, Signal=-0.00005414, Diff=0.00000158, Change=0.00000267
2025-05-15 23:56:55,426 - INFO - 
Detailed MACD Cross Analysis:
Current MACD: -5.256289840606908e-05, Previous: -5.5230864598224474e-05
Current Signal: -5.4140413961975416e-05, Previous: -5.4534792850952e-05
MACD change: 2.6679661921553965e-06
Signal change: 3.9437888897658627e-07
Absolute slope difference: 2.2735873031788103e-06
Current price: 0.002481
Relative slope: 0.09163995579116527%
2025-05-15 23:56:55,426 - INFO - MACD Golden Cross ignored - conditions not met
MA Color: red
Cross Slope: 0.09163995579116527%
2025-05-15 23:56:55,426 - INFO - No new MACD cross
2025-05-15 23:56:55,426 - INFO - 
=== Position Analysis for BOME/USDT ===

2025-05-15 23:56:55,426 - INFO - 2. MA angles JD Color: RED - True
2025-05-15 23:56:55,650 - INFO - 
JMA Slope Debug for ORCA/USDT:
2025-05-15 23:56:55,650 - INFO - Current JMA value: 2.5935795494865594
2025-05-15 23:56:55,651 - INFO - Previous JMA value: 2.59438663377419
2025-05-15 23:56:55,651 - INFO - Calculated slope: -2.474261302539441
2025-05-15 23:56:55,651 - INFO - Threshold comparison: -2.474261302539441 > 4
2025-05-15 23:56:55,651 - INFO - 
=== Cross Check for ORCA/USDT ===
2025-05-15 23:56:55,652 - INFO - 
EMA Cross Analysis at 2025-05-15 23:55:00+09:00:
Last 3 candles EMA values:
  T-2: EMA12=2.61044732, EMA26=2.62567449, Diff=-0.01522717
  T-1: EMA12=2.60714773, EMA26=2.62295786, Diff=-0.01581013, Change=0.00329959
   T0: EMA12=2.60743270, EMA26=2.62192394, Diff=-0.01449125, Change=0.00028496
2025-05-15 23:56:55,652 - INFO - No new EMA cross
2025-05-15 23:56:55,652 - INFO - 
MACD Cross Analysis at 2025-05-15 23:55:00+09:00:
Last 3 candles MACD values:
  T-2: MACD=-0.01522717, Signal=-0.01180543, Diff=-0.00342174
  T-1: MACD=-0.01581013, Signal=-0.01260637, Diff=-0.00320376, Change=0.00058296
   T0: MACD=-0.01449125, Signal=-0.01298335, Diff=-0.00150790, Change=0.00131888
2025-05-15 23:56:55,652 - INFO - No new MACD cross
2025-05-15 23:56:55,653 - INFO - 
=== Position Analysis for ORCA/USDT ===

2025-05-15 23:56:55,653 - INFO - 2. MA angles JD Color: RED - True
2025-05-15 23:56:55,859 - INFO - 
JMA Slope Debug for AMB/USDT:
2025-05-15 23:56:55,860 - INFO - Current JMA value: 0.001188
2025-05-15 23:56:55,860 - INFO - Previous JMA value: 0.001188
2025-05-15 23:56:55,860 - INFO - Calculated slope: nan
2025-05-15 23:56:55,860 - INFO - Threshold comparison: nan > 4
2025-05-15 23:56:55,861 - INFO - 
=== Cross Check for AMB/USDT ===
2025-05-15 23:56:55,861 - INFO - 
EMA Cross Analysis at 2025-05-15 23:55:00+09:00:
Last 3 candles EMA values:
  T-2: EMA12=0.00118800, EMA26=0.00118800, Diff=0.00000000
  T-1: EMA12=0.00118800, EMA26=0.00118800, Diff=0.00000000, Change=0.00000000
   T0: EMA12=0.00118800, EMA26=0.00118800, Diff=0.00000000, Change=0.00000000
2025-05-15 23:56:55,861 - INFO - No new EMA cross
2025-05-15 23:56:55,861 - INFO - 
MACD Cross Analysis at 2025-05-15 23:55:00+09:00:
Last 3 candles MACD values:
  T-2: MACD=0.00000000, Signal=0.00000000, Diff=0.00000000
  T-1: MACD=0.00000000, Signal=0.00000000, Diff=0.00000000, Change=0.00000000
   T0: MACD=0.00000000, Signal=0.00000000, Diff=0.00000000, Change=0.00000000
2025-05-15 23:56:55,861 - INFO - No new MACD cross
2025-05-15 23:56:55,862 - INFO - 
=== Position Analysis for AMB/USDT ===

2025-05-15 23:56:55,862 - INFO - 2. MA angles JD Color: RED - True
2025-05-15 23:56:56,082 - INFO - 
JMA Slope Debug for BOND/USDT:
2025-05-15 23:56:56,083 - INFO - Current JMA value: 1.069
2025-05-15 23:56:56,083 - INFO - Previous JMA value: 1.069
2025-05-15 23:56:56,083 - INFO - Calculated slope: nan
2025-05-15 23:56:56,083 - INFO - Threshold comparison: nan > 4
2025-05-15 23:56:56,084 - INFO - 
=== Cross Check for BOND/USDT ===
2025-05-15 23:56:56,084 - INFO - 
EMA Cross Analysis at 2025-05-15 23:55:00+09:00:
Last 3 candles EMA values:
  T-2: EMA12=1.06900000, EMA26=1.06900000, Diff=0.00000000
  T-1: EMA12=1.06900000, EMA26=1.06900000, Diff=0.00000000, Change=0.00000000
   T0: EMA12=1.06900000, EMA26=1.06900000, Diff=0.00000000, Change=0.00000000
2025-05-15 23:56:56,084 - INFO - No new EMA cross
2025-05-15 23:56:56,085 - INFO - 
MACD Cross Analysis at 2025-05-15 23:55:00+09:00:
Last 3 candles MACD values:
  T-2: MACD=0.00000000, Signal=0.00000000, Diff=0.00000000
  T-1: MACD=0.00000000, Signal=0.00000000, Diff=0.00000000, Change=0.00000000
   T0: MACD=0.00000000, Signal=0.00000000, Diff=0.00000000, Change=0.00000000
2025-05-15 23:56:56,085 - INFO - No new MACD cross
2025-05-15 23:56:56,085 - INFO - 
=== Position Analysis for BOND/USDT ===

2025-05-15 23:56:56,085 - INFO - 2. MA angles JD Color: RED - True
2025-05-15 23:56:56,305 - INFO - 
JMA Slope Debug for NEAR/USDT:
2025-05-15 23:56:56,305 - INFO - Current JMA value: 2.8319183578181852
2025-05-15 23:56:56,305 - INFO - Previous JMA value: 2.831858502859874
2025-05-15 23:56:56,305 - INFO - Calculated slope: 0.16049341841882875
2025-05-15 23:56:56,306 - INFO - Threshold comparison: 0.16049341841882875 > 4
2025-05-15 23:56:56,306 - INFO - 
=== Cross Check for NEAR/USDT ===
2025-05-15 23:56:56,307 - INFO - 
EMA Cross Analysis at 2025-05-15 23:55:00+09:00:
Last 3 candles EMA values:
  T-2: EMA12=2.84518105, EMA26=2.85844963, Diff=-0.01326858
  T-1: EMA12=2.84299935, EMA26=2.85641632, Diff=-0.01341697, Change=0.00218170
   T0: EMA12=2.84423022, EMA26=2.85601511, Diff=-0.01178489, Change=0.00123087
2025-05-15 23:56:56,307 - INFO - No new EMA cross
2025-05-15 23:56:56,307 - INFO - 
MACD Cross Analysis at 2025-05-15 23:55:00+09:00:
Last 3 candles MACD values:
  T-2: MACD=-0.01326858, Signal=-0.01039342, Diff=-0.00287516
  T-1: MACD=-0.01341697, Signal=-0.01099813, Diff=-0.00241884, Change=0.00014839
   T0: MACD=-0.01178489, Signal=-0.01115548, Diff=-0.00062941, Change=0.00163208
2025-05-15 23:56:56,307 - INFO - No new MACD cross
2025-05-15 23:56:56,307 - INFO - 
=== Position Analysis for NEAR/USDT ===

2025-05-15 23:56:56,308 - INFO - 2. MA angles JD Color: RED - True
2025-05-15 23:56:56,522 - INFO - 
JMA Slope Debug for HIPPO/USDT:
2025-05-15 23:56:56,522 - INFO - Current JMA value: 0.003105918751831248
2025-05-15 23:56:56,522 - INFO - Previous JMA value: 0.0031040265422642484
2025-05-15 23:56:56,522 - INFO - Calculated slope: 2.1790602842858857
2025-05-15 23:56:56,522 - INFO - Threshold comparison: 2.1790602842858857 > 4
2025-05-15 23:56:56,523 - INFO - 
=== Cross Check for HIPPO/USDT ===
2025-05-15 23:56:56,523 - INFO - 
EMA Cross Analysis at 2025-05-15 23:55:00+09:00:
Last 3 candles EMA values:
  T-2: EMA12=0.00315263, EMA26=0.00319057, Diff=-0.00003794
  T-1: EMA12=0.00315146, EMA26=0.00318720, Diff=-0.00003574, Change=0.00000117
   T0: EMA12=0.00314892, EMA26=0.00318333, Diff=-0.00003441, Change=0.00000253
2025-05-15 23:56:56,523 - INFO - No new EMA cross
2025-05-15 23:56:56,524 - INFO - 
MACD Cross Analysis at 2025-05-15 23:55:00+09:00:
Last 3 candles MACD values:
  T-2: MACD=-0.00003794, Signal=-0.00002586, Diff=-0.00001208
  T-1: MACD=-0.00003574, Signal=-0.00002784, Diff=-0.00000790, Change=0.00000220
   T0: MACD=-0.00003441, Signal=-0.00002915, Diff=-0.00000525, Change=0.00000133
2025-05-15 23:56:56,524 - INFO - No new MACD cross
2025-05-15 23:56:56,524 - INFO - 
=== Position Analysis for HIPPO/USDT ===

2025-05-15 23:56:56,524 - INFO - 2. MA angles JD Color: RED - True
2025-05-15 23:56:56,743 - INFO - 
JMA Slope Debug for BAKE/USDT:
2025-05-15 23:56:56,744 - INFO - Current JMA value: 0.13561871108799553
2025-05-15 23:56:56,744 - INFO - Previous JMA value: 0.13556258844526575
2025-05-15 23:56:56,744 - INFO - Calculated slope: 2.8669044170990072
2025-05-15 23:56:56,744 - INFO - Threshold comparison: 2.8669044170990072 > 4
2025-05-15 23:56:56,745 - INFO - 
=== Cross Check for BAKE/USDT ===
2025-05-15 23:56:56,745 - INFO - 
EMA Cross Analysis at 2025-05-15 23:55:00+09:00:
Last 3 candles EMA values:
  T-2: EMA12=0.13606846, EMA26=0.13677775, Diff=-0.00070930
  T-1: EMA12=0.13596562, EMA26=0.13667570, Diff=-0.00071008, Change=0.00010284
   T0: EMA12=0.13598629, EMA26=0.13663305, Diff=-0.00064676, Change=0.00002067
2025-05-15 23:56:56,746 - INFO - No new EMA cross
2025-05-15 23:56:56,746 - INFO - 
MACD Cross Analysis at 2025-05-15 23:55:00+09:00:
Last 3 candles MACD values:
  T-2: MACD=-0.00070930, Signal=-0.00074653, Diff=0.00003723
  T-1: MACD=-0.00071008, Signal=-0.00073924, Diff=0.00002916, Change=0.00000078
   T0: MACD=-0.00064676, Signal=-0.00072074, Diff=0.00007398, Change=0.00006332
2025-05-15 23:56:56,746 - INFO - No new MACD cross
2025-05-15 23:56:56,746 - INFO - 
=== Position Analysis for BAKE/USDT ===

2025-05-15 23:56:56,746 - INFO - 2. MA angles JD Color: RED - True
2025-05-15 23:56:56,961 - INFO - 
JMA Slope Debug for FXS/USDT:
2025-05-15 23:56:56,962 - INFO - Current JMA value: 2.8344112754781468
2025-05-15 23:56:56,962 - INFO - Previous JMA value: 2.833043769768161
2025-05-15 23:56:56,962 - INFO - Calculated slope: 3.169254959518358
2025-05-15 23:56:56,962 - INFO - Threshold comparison: 3.169254959518358 > 4
2025-05-15 23:56:56,963 - INFO - 
=== Cross Check for FXS/USDT ===
2025-05-15 23:56:56,963 - INFO - 
EMA Cross Analysis at 2025-05-15 23:55:00+09:00:
Last 3 candles EMA values:
  T-2: EMA12=2.85223884, EMA26=2.87863821, Diff=-0.02639937
  T-1: EMA12=2.85000209, EMA26=2.87560575, Diff=-0.02560366, Change=0.00223674
   T0: EMA12=2.85164792, EMA26=2.87450162, Diff=-0.02285370, Change=0.00164583
2025-05-15 23:56:56,963 - INFO - No new EMA cross
2025-05-15 23:56:56,963 - INFO - 
MACD Cross Analysis at 2025-05-15 23:55:00+09:00:
Last 3 candles MACD values:
  T-2: MACD=-0.02639937, Signal=-0.02482058, Diff=-0.00157879
  T-1: MACD=-0.02560366, Signal=-0.02497720, Diff=-0.00062646, Change=0.00079572
   T0: MACD=-0.02285370, Signal=-0.02455250, Diff=0.00169880, Change=0.00274996
2025-05-15 23:56:56,964 - INFO - 
Detailed MACD Cross Analysis:
Current MACD: -0.022853696768953657, Previous: -0.02560365845520307
Current Signal: -0.02455249729872002, Previous: -0.02497719743116161
MACD change: 0.0027499616862494136
Signal change: 0.000424700132441589
Absolute slope difference: 0.0023252615538078246
Current price: 2.8607
Relative slope: 0.08128295710168226%
2025-05-15 23:56:56,965 - INFO - MACD Golden Cross ignored - conditions not met
MA Color: red
Cross Slope: 0.08128295710168226%
2025-05-15 23:56:56,965 - INFO - No new MACD cross
2025-05-15 23:56:56,965 - INFO - 
=== Position Analysis for FXS/USDT ===

2025-05-15 23:56:56,965 - INFO - 2. MA angles JD Color: RED - True
2025-05-15 23:56:57,184 - INFO - 
JMA Slope Debug for 1000PEPE/USDT:
2025-05-15 23:56:57,184 - INFO - Current JMA value: 0.013011139117027712
2025-05-15 23:56:57,184 - INFO - Previous JMA value: 0.013013324258207313
2025-05-15 23:56:57,185 - INFO - Calculated slope: -0.8918808917129657
2025-05-15 23:56:57,185 - INFO - Threshold comparison: -0.8918808917129657 > 4
2025-05-15 23:56:57,185 - INFO - 
=== Cross Check for 1000PEPE/USDT ===
2025-05-15 23:56:57,186 - INFO - 
EMA Cross Analysis at 2025-05-15 23:55:00+09:00:
Last 3 candles EMA values:
  T-2: EMA12=0.01319295, EMA26=0.01335252, Diff=-0.00015957
  T-1: EMA12=0.01316968, EMA26=0.01332950, Diff=-0.00015982, Change=0.00002327
   T0: EMA12=0.01316542, EMA26=0.01331561, Diff=-0.00015019, Change=0.00000426
2025-05-15 23:56:57,186 - INFO - No new EMA cross
2025-05-15 23:56:57,186 - INFO - 
MACD Cross Analysis at 2025-05-15 23:55:00+09:00:
Last 3 candles MACD values:
  T-2: MACD=-0.00015957, Signal=-0.00012287, Diff=-0.00003670
  T-1: MACD=-0.00015982, Signal=-0.00013026, Diff=-0.00002956, Change=0.00000025
   T0: MACD=-0.00015019, Signal=-0.00013424, Diff=-0.00001594, Change=0.00000963
2025-05-15 23:56:57,187 - INFO - No new MACD cross
2025-05-15 23:56:57,187 - INFO - 
=== Position Analysis for 1000PEPE/USDT ===

2025-05-15 23:56:57,187 - INFO - 2. MA angles JD Color: RED - True
2025-05-15 23:56:57,405 - INFO - 
JMA Slope Debug for ACX/USDT:
2025-05-15 23:56:57,405 - INFO - Current JMA value: 0.23500041274347916
2025-05-15 23:56:57,406 - INFO - Previous JMA value: 0.23499919179552345
2025-05-15 23:56:57,406 - INFO - Calculated slope: 0.0384144707833181
2025-05-15 23:56:57,406 - INFO - Threshold comparison: 0.0384144707833181 > 4
2025-05-15 23:56:57,406 - INFO - 
=== Cross Check for ACX/USDT ===
2025-05-15 23:56:57,407 - INFO - 
EMA Cross Analysis at 2025-05-15 23:55:00+09:00:
Last 3 candles EMA values:
  T-2: EMA12=0.23625675, EMA26=0.23760825, Diff=-0.00135150
  T-1: EMA12=0.23604802, EMA26=0.23740764, Diff=-0.00135962, Change=0.00020873
   T0: EMA12=0.23613294, EMA26=0.23734781, Diff=-0.00121487, Change=0.00008492
2025-05-15 23:56:57,407 - INFO - No new EMA cross
2025-05-15 23:56:57,407 - INFO - 
MACD Cross Analysis at 2025-05-15 23:55:00+09:00:
Last 3 candles MACD values:
  T-2: MACD=-0.00135150, Signal=-0.00110268, Diff=-0.00024882
  T-1: MACD=-0.00135962, Signal=-0.00115407, Diff=-0.00020555, Change=0.00000812
   T0: MACD=-0.00121487, Signal=-0.00116623, Diff=-0.00004864, Change=0.00014475
2025-05-15 23:56:57,407 - INFO - No new MACD cross
2025-05-15 23:56:57,408 - INFO - 
=== Position Analysis for ACX/USDT ===

2025-05-15 23:56:57,408 - INFO - 2. MA angles JD Color: RED - True
2025-05-15 23:56:57,626 - INFO - 
JMA Slope Debug for LINK/USDT:
2025-05-15 23:56:57,626 - INFO - Current JMA value: 15.93148999939845
2025-05-15 23:56:57,626 - INFO - Previous JMA value: 15.938796020323203
2025-05-15 23:56:57,626 - INFO - Calculated slope: -4.236228323744669
2025-05-15 23:56:57,626 - INFO - Threshold comparison: -4.236228323744669 > 4
2025-05-15 23:56:57,627 - INFO - 
=== Cross Check for LINK/USDT ===
2025-05-15 23:56:57,627 - INFO - 
EMA Cross Analysis at 2025-05-15 23:55:00+09:00:
Last 3 candles EMA values:
  T-2: EMA12=16.02129939, EMA26=16.10785371, Diff=-0.08655432
  T-1: EMA12=16.00756102, EMA26=16.09482751, Diff=-0.08726649, Change=0.01373837
   T0: EMA12=16.00762856, EMA26=16.08839585, Diff=-0.08076729, Change=0.00006753
2025-05-15 23:56:57,627 - INFO - No new EMA cross
2025-05-15 23:56:57,628 - INFO - 
MACD Cross Analysis at 2025-05-15 23:55:00+09:00:
Last 3 candles MACD values:
  T-2: MACD=-0.08655432, Signal=-0.06665052, Diff=-0.01990381
  T-1: MACD=-0.08726649, Signal=-0.07077371, Diff=-0.01649278, Change=0.00071217
   T0: MACD=-0.08076729, Signal=-0.07277243, Diff=-0.00799486, Change=0.00649920
2025-05-15 23:56:57,628 - INFO - No new MACD cross
2025-05-15 23:56:57,628 - INFO - 
=== Position Analysis for LINK/USDT ===

2025-05-15 23:56:57,628 - INFO - 2. MA angles JD Color: RED - True
2025-05-15 23:56:57,851 - INFO - 
JMA Slope Debug for POL/USDT:
2025-05-15 23:56:57,851 - INFO - Current JMA value: 0.23299352870777995
2025-05-15 23:56:57,851 - INFO - Previous JMA value: 0.23297940464675584
2025-05-15 23:56:57,851 - INFO - Calculated slope: 0.4655308014512925
2025-05-15 23:56:57,851 - INFO - Threshold comparison: 0.4655308014512925 > 4
2025-05-15 23:56:57,852 - INFO - 
=== Cross Check for POL/USDT ===
2025-05-15 23:56:57,852 - INFO - 
EMA Cross Analysis at 2025-05-15 23:55:00+09:00:
Last 3 candles EMA values:
  T-2: EMA12=0.23405973, EMA26=0.23513550, Diff=-0.00107577
  T-1: EMA12=0.23388285, EMA26=0.23497065, Diff=-0.00108780, Change=0.00017688
   T0: EMA12=0.23398857, EMA26=0.23494097, Diff=-0.00095241, Change=0.00010572
2025-05-15 23:56:57,853 - INFO - No new EMA cross
2025-05-15 23:56:57,853 - INFO - 
MACD Cross Analysis at 2025-05-15 23:55:00+09:00:
Last 3 candles MACD values:
  T-2: MACD=-0.00107577, Signal=-0.00084851, Diff=-0.00022726
  T-1: MACD=-0.00108780, Signal=-0.00089637, Diff=-0.00019143, Change=0.00001203
   T0: MACD=-0.00095241, Signal=-0.00090758, Diff=-0.00004483, Change=0.00013539
2025-05-15 23:56:57,853 - INFO - No new MACD cross
2025-05-15 23:56:57,853 - INFO - 
=== Position Analysis for POL/USDT ===

2025-05-15 23:56:57,853 - INFO - 2. MA angles JD Color: RED - True
2025-05-15 23:56:58,068 - INFO - 
JMA Slope Debug for MOODENG/USDT:
2025-05-15 23:56:58,069 - INFO - Current JMA value: 0.21030510592572546
2025-05-15 23:56:58,069 - INFO - Previous JMA value: 0.21047520333099046
2025-05-15 23:56:58,069 - INFO - Calculated slope: -2.304287892774861
2025-05-15 23:56:58,069 - INFO - Threshold comparison: -2.304287892774861 > 4
2025-05-15 23:56:58,070 - INFO - 
=== Cross Check for MOODENG/USDT ===
2025-05-15 23:56:58,070 - INFO - 
EMA Cross Analysis at 2025-05-15 23:55:00+09:00:
Last 3 candles EMA values:
  T-2: EMA12=0.21608764, EMA26=0.22186058, Diff=-0.00577294
  T-1: EMA12=0.21518339, EMA26=0.22099757, Diff=-0.00581419, Change=0.00090425
   T0: EMA12=0.21467979, EMA26=0.22032442, Diff=-0.00564463, Change=0.00050360
2025-05-15 23:56:58,070 - INFO - No new EMA cross
2025-05-15 23:56:58,071 - INFO - 
MACD Cross Analysis at 2025-05-15 23:55:00+09:00:
Last 3 candles MACD values:
  T-2: MACD=-0.00577294, Signal=-0.00509358, Diff=-0.00067936
  T-1: MACD=-0.00581419, Signal=-0.00523770, Diff=-0.00057648, Change=0.00004125
   T0: MACD=-0.00564463, Signal=-0.00531909, Diff=-0.00032554, Change=0.00016956
2025-05-15 23:56:58,071 - INFO - No new MACD cross
2025-05-15 23:56:58,071 - INFO - 
=== Position Analysis for MOODENG/USDT ===

2025-05-15 23:56:58,071 - INFO - 2. MA angles JD Color: RED - True
2025-05-15 23:56:58,291 - INFO - 
JMA Slope Debug for ATOM/USDT:
2025-05-15 23:56:58,291 - INFO - Current JMA value: 4.78125924874254
2025-05-15 23:56:58,291 - INFO - Previous JMA value: 4.7835389027336195
2025-05-15 23:56:58,291 - INFO - Calculated slope: -4.527407168928608
2025-05-15 23:56:58,291 - INFO - Threshold comparison: -4.527407168928608 > 4
2025-05-15 23:56:58,292 - INFO - 
=== Cross Check for ATOM/USDT ===
2025-05-15 23:56:58,292 - INFO - 
EMA Cross Analysis at 2025-05-15 23:55:00+09:00:
Last 3 candles EMA values:
  T-2: EMA12=4.80440403, EMA26=4.82744421, Diff=-0.02304018
  T-1: EMA12=4.80049572, EMA26=4.82385575, Diff=-0.02336004, Change=0.00390831
   T0: EMA12=4.80041945, EMA26=4.82208866, Diff=-0.02166921, Change=0.00007626
2025-05-15 23:56:58,292 - INFO - No new EMA cross
2025-05-15 23:56:58,293 - INFO - 
MACD Cross Analysis at 2025-05-15 23:55:00+09:00:
Last 3 candles MACD values:
  T-2: MACD=-0.02304018, Signal=-0.01848371, Diff=-0.00455648
  T-1: MACD=-0.02336004, Signal=-0.01945897, Diff=-0.00390106, Change=0.00031985
   T0: MACD=-0.02166921, Signal=-0.01990102, Diff=-0.00176819, Change=0.00169083
2025-05-15 23:56:58,293 - INFO - No new MACD cross
2025-05-15 23:56:58,293 - INFO - 
=== Position Analysis for ATOM/USDT ===

2025-05-15 23:56:58,293 - INFO - 2. MA angles JD Color: RED - True
2025-05-15 23:56:58,511 - INFO - 
JMA Slope Debug for PHA/USDT:
2025-05-15 23:56:58,511 - INFO - Current JMA value: 0.1323209623845108
2025-05-15 23:56:58,511 - INFO - Previous JMA value: 0.1322758040517225
2025-05-15 23:56:58,511 - INFO - Calculated slope: 2.232727873515036
2025-05-15 23:56:58,511 - INFO - Threshold comparison: 2.232727873515036 > 4
2025-05-15 23:56:58,512 - INFO - 
=== Cross Check for PHA/USDT ===
2025-05-15 23:56:58,512 - INFO - 
EMA Cross Analysis at 2025-05-15 23:55:00+09:00:
Last 3 candles EMA values:
  T-2: EMA12=0.13322697, EMA26=0.13432101, Diff=-0.00109404
  T-1: EMA12=0.13312590, EMA26=0.13419131, Diff=-0.00106541, Change=0.00010107
   T0: EMA12=0.13317576, EMA26=0.13413640, Diff=-0.00096064, Change=0.00004986
2025-05-15 23:56:58,512 - INFO - No new EMA cross
2025-05-15 23:56:58,513 - INFO - 
MACD Cross Analysis at 2025-05-15 23:55:00+09:00:
Last 3 candles MACD values:
  T-2: MACD=-0.00109404, Signal=-0.00095444, Diff=-0.00013960
  T-1: MACD=-0.00106541, Signal=-0.00097663, Diff=-0.00008878, Change=0.00002863
   T0: MACD=-0.00096064, Signal=-0.00097343, Diff=0.00001280, Change=0.00010477
2025-05-15 23:56:58,514 - INFO - 
Detailed MACD Cross Analysis:
Current MACD: -0.0009606362866499962, Previous: -0.0010654097354206582
Current Signal: -0.000973432520985235, Previous: -0.0009766315795690446
MACD change: 0.00010477344877066197
Signal change: 3.199058583809632e-06
Absolute slope difference: 0.00010157439018685234
Current price: 0.13345
Relative slope: 0.07611419272150792%
2025-05-15 23:56:58,514 - INFO - MACD Golden Cross ignored - conditions not met
MA Color: red
Cross Slope: 0.07611419272150792%
2025-05-15 23:56:58,514 - INFO - No new MACD cross
2025-05-15 23:56:58,514 - INFO - 
=== Position Analysis for PHA/USDT ===

2025-05-15 23:56:58,514 - INFO - 2. MA angles JD Color: RED - True
2025-05-15 23:56:58,728 - INFO - 
JMA Slope Debug for ORDI/USDT:
2025-05-15 23:56:58,728 - INFO - Current JMA value: 10.806913218403848
2025-05-15 23:56:58,729 - INFO - Previous JMA value: 10.816302314710754
2025-05-15 23:56:58,729 - INFO - Calculated slope: -4.484181850067133
2025-05-15 23:56:58,729 - INFO - Threshold comparison: -4.484181850067133 > 4
2025-05-15 23:56:58,730 - INFO - 
=== Cross Check for ORDI/USDT ===
2025-05-15 23:56:58,730 - INFO - 
EMA Cross Analysis at 2025-05-15 23:55:00+09:00:
Last 3 candles EMA values:
  T-2: EMA12=10.85478172, EMA26=10.93200839, Diff=-0.07722667
  T-1: EMA12=10.83958453, EMA26=10.91897073, Diff=-0.07938620, Change=0.01519719
   T0: EMA12=10.83318691, EMA26=10.91000994, Diff=-0.07682302, Change=0.00639762
2025-05-15 23:56:58,730 - INFO - No new EMA cross
2025-05-15 23:56:58,730 - INFO - 
MACD Cross Analysis at 2025-05-15 23:55:00+09:00:
Last 3 candles MACD values:
  T-2: MACD=-0.07722667, Signal=-0.08257870, Diff=0.00535203
  T-1: MACD=-0.07938620, Signal=-0.08194020, Diff=0.00255400, Change=0.00215953
   T0: MACD=-0.07682302, Signal=-0.08091676, Diff=0.00409374, Change=0.00256317
2025-05-15 23:56:58,731 - INFO - No new MACD cross
2025-05-15 23:56:58,731 - INFO - 
=== Position Analysis for ORDI/USDT ===

2025-05-15 23:56:58,731 - INFO - 2. MA angles JD Color: RED - True
2025-05-15 23:56:58,948 - INFO - 
JMA Slope Debug for DOGE/USDT:
2025-05-15 23:56:58,949 - INFO - Current JMA value: 0.21731462172396795
2025-05-15 23:56:58,949 - INFO - Previous JMA value: 0.21765861928471245
2025-05-15 23:56:58,949 - INFO - Calculated slope: -11.333953282298086
2025-05-15 23:56:58,949 - INFO - Threshold comparison: -11.333953282298086 > 4
2025-05-15 23:56:58,950 - INFO - 
=== Cross Check for DOGE/USDT ===
2025-05-15 23:56:58,950 - INFO - 
EMA Cross Analysis at 2025-05-15 23:55:00+09:00:
Last 3 candles EMA values:
  T-2: EMA12=0.21985425, EMA26=0.22206198, Diff=-0.00220773
  T-1: EMA12=0.21936590, EMA26=0.22166331, Diff=-0.00229741, Change=0.00048835
   T0: EMA12=0.21918653, EMA26=0.22140677, Diff=-0.00222024, Change=0.00017937
2025-05-15 23:56:58,950 - INFO - No new EMA cross
2025-05-15 23:56:58,951 - INFO - 
MACD Cross Analysis at 2025-05-15 23:55:00+09:00:
Last 3 candles MACD values:
  T-2: MACD=-0.00220773, Signal=-0.00170002, Diff=-0.00050771
  T-1: MACD=-0.00229741, Signal=-0.00181950, Diff=-0.00047792, Change=0.00008968
   T0: MACD=-0.00222024, Signal=-0.00189965, Diff=-0.00032059, Change=0.00007717
2025-05-15 23:56:58,951 - INFO - No new MACD cross
2025-05-15 23:56:58,951 - INFO - 
=== Position Analysis for DOGE/USDT ===

2025-05-15 23:56:58,951 - INFO - 2. MA angles JD Color: RED - True
2025-05-15 23:56:59,167 - INFO - 
JMA Slope Debug for XLM/USDT:
2025-05-15 23:56:59,167 - INFO - Current JMA value: 0.28936867058901583
2025-05-15 23:56:59,167 - INFO - Previous JMA value: 0.289484335190935
2025-05-15 23:56:59,167 - INFO - Calculated slope: -3.5318923941848266
2025-05-15 23:56:59,167 - INFO - Threshold comparison: -3.5318923941848266 > 4
2025-05-15 23:56:59,168 - INFO - 
=== Cross Check for XLM/USDT ===
2025-05-15 23:56:59,168 - INFO - 
EMA Cross Analysis at 2025-05-15 23:55:00+09:00:
Last 3 candles EMA values:
  T-2: EMA12=0.29135566, EMA26=0.29321913, Diff=-0.00186348
  T-1: EMA12=0.29104863, EMA26=0.29293327, Diff=-0.00188464, Change=0.00030702
   T0: EMA12=0.29107654, EMA26=0.29280710, Diff=-0.00173057, Change=0.00002790
2025-05-15 23:56:59,169 - INFO - No new EMA cross
2025-05-15 23:56:59,169 - INFO - 
MACD Cross Analysis at 2025-05-15 23:55:00+09:00:
Last 3 candles MACD values:
  T-2: MACD=-0.00186348, Signal=-0.00144431, Diff=-0.00041917
  T-1: MACD=-0.00188464, Signal=-0.00153237, Diff=-0.00035227, Change=0.00002116
   T0: MACD=-0.00173057, Signal=-0.00157201, Diff=-0.00015856, Change=0.00015407
2025-05-15 23:56:59,169 - INFO - No new MACD cross
2025-05-15 23:56:59,169 - INFO - 
=== Position Analysis for XLM/USDT ===

2025-05-15 23:56:59,169 - INFO - 2. MA angles JD Color: RED - True
2025-05-15 23:56:59,390 - INFO - 
JMA Slope Debug for GALA/USDT:
2025-05-15 23:56:59,390 - INFO - Current JMA value: 0.019714234606399043
2025-05-15 23:56:59,390 - INFO - Previous JMA value: 0.019716149788278802
2025-05-15 23:56:59,390 - INFO - Calculated slope: -0.606345500410366
2025-05-15 23:56:59,391 - INFO - Threshold comparison: -0.606345500410366 > 4
2025-05-15 23:56:59,391 - INFO - 
=== Cross Check for GALA/USDT ===
2025-05-15 23:56:59,392 - INFO - 
EMA Cross Analysis at 2025-05-15 23:55:00+09:00:
Last 3 candles EMA values:
  T-2: EMA12=0.01986324, EMA26=0.02001533, Diff=-0.00015209
  T-1: EMA12=0.01984582, EMA26=0.01999567, Diff=-0.00014986, Change=0.00001742
   T0: EMA12=0.01984954, EMA26=0.01998636, Diff=-0.00013683, Change=0.00000372
2025-05-15 23:56:59,392 - INFO - No new EMA cross
2025-05-15 23:56:59,392 - INFO - 
MACD Cross Analysis at 2025-05-15 23:55:00+09:00:
Last 3 candles MACD values:
  T-2: MACD=-0.00015209, Signal=-0.00012133, Diff=-0.00003075
  T-1: MACD=-0.00014986, Signal=-0.00012704, Diff=-0.00002282, Change=0.00000223
   T0: MACD=-0.00013683, Signal=-0.00012900, Diff=-0.00000783, Change=0.00001303
2025-05-15 23:56:59,392 - INFO - No new MACD cross
2025-05-15 23:56:59,393 - INFO - 
=== Position Analysis for GALA/USDT ===

2025-05-15 23:56:59,393 - INFO - 2. MA angles JD Color: RED - True
2025-05-15 23:56:59,610 - INFO - 
JMA Slope Debug for TNSR/USDT:
2025-05-15 23:56:59,610 - INFO - Current JMA value: 0.16241383038475346
2025-05-15 23:56:59,610 - INFO - Previous JMA value: 0.16234470832972092
2025-05-15 23:56:59,610 - INFO - Calculated slope: 2.899367866813321
2025-05-15 23:56:59,610 - INFO - Threshold comparison: 2.899367866813321 > 4
2025-05-15 23:56:59,611 - INFO - 
=== Cross Check for TNSR/USDT ===
2025-05-15 23:56:59,611 - INFO - 
EMA Cross Analysis at 2025-05-15 23:55:00+09:00:
Last 3 candles EMA values:
  T-2: EMA12=0.16325224, EMA26=0.16431160, Diff=-0.00105936
  T-1: EMA12=0.16312112, EMA26=0.16417000, Diff=-0.00104888, Change=0.00013111
   T0: EMA12=0.16314864, EMA26=0.16410556, Diff=-0.00095691, Change=0.00002752
2025-05-15 23:56:59,612 - INFO - No new EMA cross
2025-05-15 23:56:59,612 - INFO - 
MACD Cross Analysis at 2025-05-15 23:55:00+09:00:
Last 3 candles MACD values:
  T-2: MACD=-0.00105936, Signal=-0.00099562, Diff=-0.00006374
  T-1: MACD=-0.00104888, Signal=-0.00100627, Diff=-0.00004261, Change=0.00001049
   T0: MACD=-0.00095691, Signal=-0.00099640, Diff=0.00003949, Change=0.00009196
2025-05-15 23:56:59,613 - INFO - 
Detailed MACD Cross Analysis:
Current MACD: -0.000956913029223766, Previous: -0.0010488768639641821
Current Signal: -0.0009963995178112728, Previous: -0.0010062711399581494
MACD change: 9.196383474041614e-05
Signal change: 9.871622146876606e-06
Absolute slope difference: 8.209221259353953e-05
Current price: 0.1633
Relative slope: 0.05027079766903829%
2025-05-15 23:56:59,613 - INFO - MACD Golden Cross ignored - conditions not met
MA Color: red
Cross Slope: 0.05027079766903829%
2025-05-15 23:56:59,613 - INFO - No new MACD cross
2025-05-15 23:56:59,613 - INFO - 
=== Position Analysis for TNSR/USDT ===

2025-05-15 23:56:59,613 - INFO - 2. MA angles JD Color: RED - True
2025-05-15 23:56:59,829 - INFO - 
JMA Slope Debug for GRASS/USDT:
2025-05-15 23:56:59,829 - INFO - Current JMA value: 1.9342650975300146
2025-05-15 23:56:59,829 - INFO - Previous JMA value: 1.9290207698514024
2025-05-15 23:56:59,829 - INFO - Calculated slope: 11.65301553404268
2025-05-15 23:56:59,829 - INFO - Threshold comparison: 11.65301553404268 > 4
2025-05-15 23:56:59,830 - INFO - 
=== Cross Check for GRASS/USDT ===
2025-05-15 23:56:59,830 - INFO - 
EMA Cross Analysis at 2025-05-15 23:55:00+09:00:
Last 3 candles EMA values:
  T-2: EMA12=1.94631582, EMA26=1.95767951, Diff=-0.01136369
  T-1: EMA12=1.94663646, EMA26=1.95699214, Diff=-0.01035568, Change=0.00032064
   T0: EMA12=1.94895393, EMA26=1.95734087, Diff=-0.00838694, Change=0.00231747
2025-05-15 23:56:59,831 - INFO - No new EMA cross
2025-05-15 23:56:59,831 - INFO - 
MACD Cross Analysis at 2025-05-15 23:55:00+09:00:
Last 3 candles MACD values:
  T-2: MACD=-0.01136369, Signal=-0.00792053, Diff=-0.00344316
  T-1: MACD=-0.01035568, Signal=-0.00840756, Diff=-0.00194812, Change=0.00100801
   T0: MACD=-0.00838694, Signal=-0.00840343, Diff=0.00001650, Change=0.00196874
2025-05-15 23:56:59,832 - INFO - 
Detailed MACD Cross Analysis:
Current MACD: -0.008386938422624057, Previous: -0.010355675136777931
Current Signal: -0.008403433698579172, Previous: -0.008407557517567952
MACD change: 0.0019687367141538736
Signal change: 4.123818988779546e-06
Absolute slope difference: 0.001964612895165094
Current price: 1.9617
Relative slope: 0.10014848830937932%
2025-05-15 23:56:59,832 - INFO - NEW MACD Golden Cross at 2025-05-15 23:55:00+09:00
Cross Slope: 0.10014848830937932%
Candle High: 1.9549
Candle Low: 1.94
MA Color: green
2025-05-15 23:56:59,833 - INFO - 
Checking Historical EMA Crosses
Time Range: 2025-05-15 23:30:00+09:00 to 2025-05-15 23:55:00+09:00
2025-05-15 23:56:59,835 - INFO - No new MACD cross
2025-05-15 23:56:59,836 - INFO - Current MACD cross: Time=2025-05-15 23:55:00+09:00, Type=golden, High=1.9549, Low=1.94
2025-05-15 23:56:59,836 - INFO - 
=== Position Analysis for GRASS/USDT ===

2025-05-15 23:56:59,836 - INFO - 2. MA angles JD Color: GREEN - True
2025-05-15 23:57:00,051 - INFO - 
JMA Slope Debug for DOT/USDT:
2025-05-15 23:57:00,051 - INFO - Current JMA value: 4.712349506083588
2025-05-15 23:57:00,052 - INFO - Previous JMA value: 4.713481829727272
2025-05-15 23:57:00,052 - INFO - Calculated slope: -2.2205767260832063
2025-05-15 23:57:00,052 - INFO - Threshold comparison: -2.2205767260832063 > 4
2025-05-15 23:57:00,052 - INFO - 
=== Cross Check for DOT/USDT ===
2025-05-15 23:57:00,053 - INFO - 
EMA Cross Analysis at 2025-05-15 23:55:00+09:00:
Last 3 candles EMA values:
  T-2: EMA12=4.73238959, EMA26=4.75109987, Diff=-0.01871028
  T-1: EMA12=4.72956043, EMA26=4.74835173, Diff=-0.01879131, Change=0.00282917
   T0: EMA12=4.73008959, EMA26=4.74721457, Diff=-0.01712498, Change=0.00052917
2025-05-15 23:57:00,053 - INFO - No new EMA cross
2025-05-15 23:57:00,053 - INFO - 
MACD Cross Analysis at 2025-05-15 23:55:00+09:00:
Last 3 candles MACD values:
  T-2: MACD=-0.01871028, Signal=-0.01380356, Diff=-0.00490672
  T-1: MACD=-0.01879131, Signal=-0.01480111, Diff=-0.00399020, Change=0.00008103
   T0: MACD=-0.01712498, Signal=-0.01526588, Diff=-0.00185909, Change=0.00166633
2025-05-15 23:57:00,053 - INFO - No new MACD cross
2025-05-15 23:57:00,054 - INFO - 
=== Position Analysis for DOT/USDT ===

2025-05-15 23:57:00,054 - INFO - 2. MA angles JD Color: RED - True
2025-05-15 23:57:00,274 - INFO - 
JMA Slope Debug for ZRO/USDT:
2025-05-15 23:57:00,274 - INFO - Current JMA value: 2.82766607299315
2025-05-15 23:57:00,274 - INFO - Previous JMA value: 2.8282568885882355
2025-05-15 23:57:00,274 - INFO - Calculated slope: -1.4517685955001756
2025-05-15 23:57:00,274 - INFO - Threshold comparison: -1.4517685955001756 > 4
2025-05-15 23:57:00,275 - INFO - 
=== Cross Check for ZRO/USDT ===
2025-05-15 23:57:00,276 - INFO - 
EMA Cross Analysis at 2025-05-15 23:55:00+09:00:
Last 3 candles EMA values:
  T-2: EMA12=2.84834543, EMA26=2.86872481, Diff=-0.02037938
  T-1: EMA12=2.84498460, EMA26=2.86559705, Diff=-0.02061245, Change=0.00336084
   T0: EMA12=2.84538697, EMA26=2.86426393, Diff=-0.01887697, Change=0.00040237
2025-05-15 23:57:00,276 - INFO - No new EMA cross
2025-05-15 23:57:00,276 - INFO - 
MACD Cross Analysis at 2025-05-15 23:55:00+09:00:
Last 3 candles MACD values:
  T-2: MACD=-0.02037938, Signal=-0.01652057, Diff=-0.00385881
  T-1: MACD=-0.02061245, Signal=-0.01733894, Diff=-0.00327351, Change=0.00023307
   T0: MACD=-0.01887697, Signal=-0.01764655, Diff=-0.00123042, Change=0.00173548
2025-05-15 23:57:00,276 - INFO - No new MACD cross
2025-05-15 23:57:00,276 - INFO - 
=== Position Analysis for ZRO/USDT ===

2025-05-15 23:57:00,276 - INFO - 2. MA angles JD Color: RED - True
2025-05-15 23:57:00,490 - INFO - 
JMA Slope Debug for BNB/USDT:
2025-05-15 23:57:00,490 - INFO - Current JMA value: 646.1204705538258
2025-05-15 23:57:00,491 - INFO - Previous JMA value: 646.6418498648558
2025-05-15 23:57:00,491 - INFO - Calculated slope: -13.716027705476202
2025-05-15 23:57:00,491 - INFO - Threshold comparison: -13.716027705476202 > 4
2025-05-15 23:57:00,492 - INFO - 
=== Cross Check for BNB/USDT ===
2025-05-15 23:57:00,492 - INFO - 
EMA Cross Analysis at 2025-05-15 23:55:00+09:00:
Last 3 candles EMA values:
  T-2: EMA12=648.30967611, EMA26=650.07440074, Diff=-1.76472464
  T-1: EMA12=647.86049517, EMA26=649.72740810, Diff=-1.86691293, Change=0.44918094
   T0: EMA12=647.75888053, EMA26=649.54019268, Diff=-1.78131216, Change=0.10161464
2025-05-15 23:57:00,492 - INFO - No new EMA cross
2025-05-15 23:57:00,492 - INFO - 
MACD Cross Analysis at 2025-05-15 23:55:00+09:00:
Last 3 candles MACD values:
  T-2: MACD=-1.76472464, Signal=-1.13107659, Diff=-0.63364805
  T-1: MACD=-1.86691293, Signal=-1.27824386, Diff=-0.58866907, Change=0.10218829
   T0: MACD=-1.78131216, Signal=-1.37885752, Diff=-0.40245464, Change=0.08560077
2025-05-15 23:57:00,493 - INFO - No new MACD cross
2025-05-15 23:57:00,493 - INFO - 
=== Position Analysis for BNB/USDT ===

2025-05-15 23:57:00,493 - INFO - 2. MA angles JD Color: RED - True
2025-05-15 23:57:00,711 - INFO - 
JMA Slope Debug for THETA/USDT:
2025-05-15 23:57:00,711 - INFO - Current JMA value: 0.8902048843885376
2025-05-15 23:57:00,711 - INFO - Previous JMA value: 0.8905995165788451
2025-05-15 23:57:00,711 - INFO - Calculated slope: -3.124112954647028
2025-05-15 23:57:00,711 - INFO - Threshold comparison: -3.124112954647028 > 4
2025-05-15 23:57:00,712 - INFO - 
=== Cross Check for THETA/USDT ===
2025-05-15 23:57:00,712 - INFO - 
EMA Cross Analysis at 2025-05-15 23:55:00+09:00:
Last 3 candles EMA values:
  T-2: EMA12=0.89583340, EMA26=0.90135863, Diff=-0.00552523
  T-1: EMA12=0.89504365, EMA26=0.90056910, Diff=-0.00552546, Change=0.00078975
   T0: EMA12=0.89522155, EMA26=0.90024547, Diff=-0.00502392, Change=0.00017790
2025-05-15 23:57:00,713 - INFO - No new EMA cross
2025-05-15 23:57:00,713 - INFO - 
MACD Cross Analysis at 2025-05-15 23:55:00+09:00:
Last 3 candles MACD values:
  T-2: MACD=-0.00552523, Signal=-0.00411361, Diff=-0.00141162
  T-1: MACD=-0.00552546, Signal=-0.00439598, Diff=-0.00112948, Change=0.00000023
   T0: MACD=-0.00502392, Signal=-0.00452157, Diff=-0.00050235, Change=0.00050154
2025-05-15 23:57:00,713 - INFO - No new MACD cross
2025-05-15 23:57:00,713 - INFO - 
=== Position Analysis for THETA/USDT ===

2025-05-15 23:57:00,713 - INFO - 2. MA angles JD Color: RED - True
2025-05-15 23:57:00,926 - INFO - 
JMA Slope Debug for ARPA/USDT:
2025-05-15 23:57:00,927 - INFO - Current JMA value: 0.02531152173399546
2025-05-15 23:57:00,927 - INFO - Previous JMA value: 0.02531205226575223
2025-05-15 23:57:00,927 - INFO - Calculated slope: -0.1352200388620906
2025-05-15 23:57:00,927 - INFO - Threshold comparison: -0.1352200388620906 > 4
2025-05-15 23:57:00,928 - INFO - 
=== Cross Check for ARPA/USDT ===
2025-05-15 23:57:00,928 - INFO - 
EMA Cross Analysis at 2025-05-15 23:55:00+09:00:
Last 3 candles EMA values:
  T-2: EMA12=0.02551575, EMA26=0.02569559, Diff=-0.00017984
  T-1: EMA12=0.02549333, EMA26=0.02567147, Diff=-0.00017814, Change=0.00002242
   T0: EMA12=0.02550051, EMA26=0.02566173, Diff=-0.00016122, Change=0.00000718
2025-05-15 23:57:00,928 - INFO - No new EMA cross
2025-05-15 23:57:00,929 - INFO - 
MACD Cross Analysis at 2025-05-15 23:55:00+09:00:
Last 3 candles MACD values:
  T-2: MACD=-0.00017984, Signal=-0.00012572, Diff=-0.00005411
  T-1: MACD=-0.00017814, Signal=-0.00013621, Diff=-0.00004194, Change=0.00000169
   T0: MACD=-0.00016122, Signal=-0.00014121, Diff=-0.00002001, Change=0.00001692
2025-05-15 23:57:00,929 - INFO - No new MACD cross
2025-05-15 23:57:00,929 - INFO - 
=== Position Analysis for ARPA/USDT ===

2025-05-15 23:57:00,929 - INFO - 2. MA angles JD Color: RED - True
2025-05-15 23:57:01,146 - INFO - 
JMA Slope Debug for EOS/USDT:
2025-05-15 23:57:01,147 - INFO - Current JMA value: 0.7723906214935613
2025-05-15 23:57:01,147 - INFO - Previous JMA value: 0.7725174869608672
2025-05-15 23:57:01,147 - INFO - Calculated slope: -1.338936789532173
2025-05-15 23:57:01,147 - INFO - Threshold comparison: -1.338936789532173 > 4
2025-05-15 23:57:01,148 - INFO - 
=== Cross Check for EOS/USDT ===
2025-05-15 23:57:01,148 - INFO - 
EMA Cross Analysis at 2025-05-15 23:55:00+09:00:
Last 3 candles EMA values:
  T-2: EMA12=0.77254519, EMA26=0.77289124, Diff=-0.00034605
  T-1: EMA12=0.77230747, EMA26=0.77275114, Diff=-0.00044368, Change=0.00023772
   T0: EMA12=0.77256786, EMA26=0.77284365, Diff=-0.00027580, Change=0.00026039
2025-05-15 23:57:01,148 - INFO - No new EMA cross
2025-05-15 23:57:01,148 - INFO - 
MACD Cross Analysis at 2025-05-15 23:55:00+09:00:
Last 3 candles MACD values:
  T-2: MACD=-0.00034605, Signal=-0.00016834, Diff=-0.00017771
  T-1: MACD=-0.00044368, Signal=-0.00022341, Diff=-0.00022027, Change=0.00009763
   T0: MACD=-0.00027580, Signal=-0.00023389, Diff=-0.00004191, Change=0.00016788
2025-05-15 23:57:01,148 - INFO - No new MACD cross
2025-05-15 23:57:01,149 - INFO - 
=== Position Analysis for EOS/USDT ===

2025-05-15 23:57:01,149 - INFO - 2. MA angles JD Color: RED - True
2025-05-15 23:57:01,367 - INFO - 
JMA Slope Debug for XRP/USDT:
2025-05-15 23:57:01,367 - INFO - Current JMA value: 2.4144280841933012
2025-05-15 23:57:01,367 - INFO - Previous JMA value: 2.415569280112269
2025-05-15 23:57:01,367 - INFO - Calculated slope: -4.846018721254302
2025-05-15 23:57:01,367 - INFO - Threshold comparison: -4.846018721254302 > 4
2025-05-15 23:57:01,368 - INFO - 
=== Cross Check for XRP/USDT ===
2025-05-15 23:57:01,368 - INFO - 
EMA Cross Analysis at 2025-05-15 23:55:00+09:00:
Last 3 candles EMA values:
  T-2: EMA12=2.42813014, EMA26=2.44139570, Diff=-0.01326556
  T-1: EMA12=2.42583319, EMA26=2.43930713, Diff=-0.01347393, Change=0.00229694
   T0: EMA12=2.42615116, EMA26=2.43846216, Diff=-0.01231099, Change=0.00031797
2025-05-15 23:57:01,368 - INFO - No new EMA cross
2025-05-15 23:57:01,369 - INFO - 
MACD Cross Analysis at 2025-05-15 23:55:00+09:00:
Last 3 candles MACD values:
  T-2: MACD=-0.01326556, Signal=-0.01044582, Diff=-0.00281974
  T-1: MACD=-0.01347393, Signal=-0.01105144, Diff=-0.00242249, Change=0.00020837
   T0: MACD=-0.01231099, Signal=-0.01130335, Diff=-0.00100764, Change=0.00116294
2025-05-15 23:57:01,369 - INFO - No new MACD cross
2025-05-15 23:57:01,369 - INFO - 
=== Position Analysis for XRP/USDT ===

2025-05-15 23:57:01,369 - INFO - 2. MA angles JD Color: RED - True
2025-05-15 23:57:01,587 - INFO - 
JMA Slope Debug for ADA/USDT:
2025-05-15 23:57:01,587 - INFO - Current JMA value: 0.7491900023416059
2025-05-15 23:57:01,587 - INFO - Previous JMA value: 0.7496276348150163
2025-05-15 23:57:01,587 - INFO - Calculated slope: -4.933727188241773
2025-05-15 23:57:01,587 - INFO - Threshold comparison: -4.933727188241773 > 4
2025-05-15 23:57:01,588 - INFO - 
=== Cross Check for ADA/USDT ===
2025-05-15 23:57:01,589 - INFO - 
EMA Cross Analysis at 2025-05-15 23:55:00+09:00:
Last 3 candles EMA values:
  T-2: EMA12=0.75466392, EMA26=0.75985872, Diff=-0.00519480
  T-1: EMA12=0.75388486, EMA26=0.75909881, Diff=-0.00521396, Change=0.00077906
   T0: EMA12=0.75388719, EMA26=0.75871372, Diff=-0.00482653, Change=0.00000233
2025-05-15 23:57:01,589 - INFO - No new EMA cross
2025-05-15 23:57:01,589 - INFO - 
MACD Cross Analysis at 2025-05-15 23:55:00+09:00:
Last 3 candles MACD values:
  T-2: MACD=-0.00519480, Signal=-0.00396848, Diff=-0.00122631
  T-1: MACD=-0.00521396, Signal=-0.00421758, Diff=-0.00099638, Change=0.00001916
   T0: MACD=-0.00482653, Signal=-0.00433937, Diff=-0.00048716, Change=0.00038743
2025-05-15 23:57:01,589 - INFO - No new MACD cross
2025-05-15 23:57:01,589 - INFO - 
=== Position Analysis for ADA/USDT ===

2025-05-15 23:57:01,589 - INFO - 2. MA angles JD Color: RED - True
2025-05-15 23:57:01,801 - INFO - 
JMA Slope Debug for WLD/USDT:
2025-05-15 23:57:01,802 - INFO - Current JMA value: 1.1438546538428074
2025-05-15 23:57:01,802 - INFO - Previous JMA value: 1.1441763814098458
2025-05-15 23:57:01,802 - INFO - Calculated slope: -1.813982847188989
2025-05-15 23:57:01,802 - INFO - Threshold comparison: -1.813982847188989 > 4
2025-05-15 23:57:01,803 - INFO - 
=== Cross Check for WLD/USDT ===
2025-05-15 23:57:01,803 - INFO - 
EMA Cross Analysis at 2025-05-15 23:55:00+09:00:
Last 3 candles EMA values:
  T-2: EMA12=1.15150246, EMA26=1.15966078, Diff=-0.00815833
  T-1: EMA12=1.15031746, EMA26=1.15848591, Diff=-0.00816845, Change=0.00118499
   T0: EMA12=1.15046862, EMA26=1.15795362, Diff=-0.00748500, Change=0.00015116
2025-05-15 23:57:01,803 - INFO - No new EMA cross
2025-05-15 23:57:01,804 - INFO - 
MACD Cross Analysis at 2025-05-15 23:55:00+09:00:
Last 3 candles MACD values:
  T-2: MACD=-0.00815833, Signal=-0.00669731, Diff=-0.00146102
  T-1: MACD=-0.00816845, Signal=-0.00699154, Diff=-0.00117691, Change=0.00001012
   T0: MACD=-0.00748500, Signal=-0.00709023, Diff=-0.00039477, Change=0.00068345
2025-05-15 23:57:01,804 - INFO - No new MACD cross
2025-05-15 23:57:01,804 - INFO - 
=== Position Analysis for WLD/USDT ===

2025-05-15 23:57:01,804 - INFO - 2. MA angles JD Color: RED - True
2025-05-15 23:57:02,024 - INFO - 
JMA Slope Debug for RENDER/USDT:
2025-05-15 23:57:02,024 - INFO - Current JMA value: 4.729210756502261
2025-05-15 23:57:02,024 - INFO - Previous JMA value: 4.734722980010087
2025-05-15 23:57:02,024 - INFO - Calculated slope: -8.162165590024895
2025-05-15 23:57:02,025 - INFO - Threshold comparison: -8.162165590024895 > 4
2025-05-15 23:57:02,025 - INFO - 
=== Cross Check for RENDER/USDT ===
2025-05-15 23:57:02,026 - INFO - 
EMA Cross Analysis at 2025-05-15 23:55:00+09:00:
Last 3 candles EMA values:
  T-2: EMA12=4.76768424, EMA26=4.79896998, Diff=-0.03128574
  T-1: EMA12=4.76050205, EMA26=4.79319443, Diff=-0.03269238, Change=0.00718219
   T0: EMA12=4.76057866, EMA26=4.79080965, Diff=-0.03023100, Change=0.00007661
2025-05-15 23:57:02,026 - INFO - No new EMA cross
2025-05-15 23:57:02,026 - INFO - 
MACD Cross Analysis at 2025-05-15 23:55:00+09:00:
Last 3 candles MACD values:
  T-2: MACD=-0.03128574, Signal=-0.02038772, Diff=-0.01089803
  T-1: MACD=-0.03269238, Signal=-0.02284865, Diff=-0.00984373, Change=0.00140664
   T0: MACD=-0.03023100, Signal=-0.02432512, Diff=-0.00590588, Change=0.00246138
2025-05-15 23:57:02,026 - INFO - No new MACD cross
2025-05-15 23:57:02,027 - INFO - 
=== Position Analysis for RENDER/USDT ===

2025-05-15 23:57:02,027 - INFO - 2. MA angles JD Color: RED - True
2025-05-15 23:57:02,246 - INFO - 
JMA Slope Debug for PENGU/USDT:
2025-05-15 23:57:02,246 - INFO - Current JMA value: 0.013217653909057896
2025-05-15 23:57:02,246 - INFO - Previous JMA value: 0.013230165317293987
2025-05-15 23:57:02,246 - INFO - Calculated slope: -4.811786467580899
2025-05-15 23:57:02,247 - INFO - Threshold comparison: -4.811786467580899 > 4
2025-05-15 23:57:02,247 - INFO - 
=== Cross Check for PENGU/USDT ===
2025-05-15 23:57:02,248 - INFO - 
EMA Cross Analysis at 2025-05-15 23:55:00+09:00:
Last 3 candles EMA values:
  T-2: EMA12=0.01327437, EMA26=0.01334501, Diff=-0.00007064
  T-1: EMA12=0.01324447, EMA26=0.01332538, Diff=-0.00008091, Change=0.00002990
   T0: EMA12=0.01324194, EMA26=0.01331817, Diff=-0.00007623, Change=0.00000253
2025-05-15 23:57:02,248 - INFO - No new EMA cross
2025-05-15 23:57:02,248 - INFO - 
MACD Cross Analysis at 2025-05-15 23:55:00+09:00:
Last 3 candles MACD values:
  T-2: MACD=-0.00007064, Signal=-0.00007795, Diff=0.00000731
  T-1: MACD=-0.00008091, Signal=-0.00007855, Diff=-0.00000237, Change=0.00001027
   T0: MACD=-0.00007623, Signal=-0.00007808, Diff=0.00000185, Change=0.00000468
2025-05-15 23:57:02,249 - INFO - 
Detailed MACD Cross Analysis:
Current MACD: -7.623398483293936e-05, Previous: -8.091385546309116e-05
Current Signal: -7.808368057768726e-05, Previous: -7.854610451387423e-05
MACD change: 4.6798706301517945e-06
Signal change: 4.6242393618697365e-07
Absolute slope difference: 4.217446693964821e-06
Current price: 0.013228
Relative slope: 0.03188272372214107%
2025-05-15 23:57:02,249 - INFO - MACD Golden Cross ignored - conditions not met
MA Color: red
Cross Slope: 0.03188272372214107%
2025-05-15 23:57:02,250 - INFO - 
Detailed MACD Cross Analysis:
Current MACD: -7.623398483293936e-05, Previous: -8.091385546309116e-05
Current Signal: -7.808368057768726e-05, Previous: -7.854610451387423e-05
MACD change: 4.6798706301517945e-06
Signal change: 4.6242393618697365e-07
Absolute slope difference: 4.217446693964821e-06
Current price: 0.013228
Relative slope: 0.03188272372214107%
2025-05-15 23:57:02,251 - INFO - NEW MACD Dead Cross at 2025-05-15 23:50:00+09:00
Cross Slope: 0.03188272372214107%
Candle High: 0.013311
Candle Low: 0.013153
MA Color: red
2025-05-15 23:57:02,251 - INFO - 
Checking Historical EMA Crosses
Time Range: 2025-05-15 23:25:00+09:00 to 2025-05-15 23:50:00+09:00
2025-05-15 23:57:02,254 - INFO - Current MACD cross: Time=2025-05-15 23:50:00+09:00, Type=dead, High=0.013311, Low=0.013153
2025-05-15 23:57:02,254 - INFO - 
=== Position Analysis for PENGU/USDT ===

2025-05-15 23:57:02,254 - INFO - 2. MA angles JD Color: RED - True
2025-05-15 23:57:02,470 - INFO - 
JMA Slope Debug for AIXBT/USDT:
2025-05-15 23:57:02,470 - INFO - Current JMA value: 0.18290716540802401
2025-05-15 23:57:02,470 - INFO - Previous JMA value: 0.18277334739927764
2025-05-15 23:57:02,470 - INFO - Calculated slope: 3.350846000402178
2025-05-15 23:57:02,470 - INFO - Threshold comparison: 3.350846000402178 > 4
2025-05-15 23:57:02,471 - INFO - 
=== Cross Check for AIXBT/USDT ===
2025-05-15 23:57:02,471 - INFO - 
EMA Cross Analysis at 2025-05-15 23:55:00+09:00:
Last 3 candles EMA values:
  T-2: EMA12=0.18451289, EMA26=0.18647862, Diff=-0.00196574
  T-1: EMA12=0.18434167, EMA26=0.18625058, Diff=-0.00190890, Change=0.00017121
   T0: EMA12=0.18447526, EMA26=0.18617350, Diff=-0.00169823, Change=0.00013359
2025-05-15 23:57:02,472 - INFO - No new EMA cross
2025-05-15 23:57:02,472 - INFO - 
MACD Cross Analysis at 2025-05-15 23:55:00+09:00:
Last 3 candles MACD values:
  T-2: MACD=-0.00196574, Signal=-0.00172039, Diff=-0.00024535
  T-1: MACD=-0.00190890, Signal=-0.00175809, Diff=-0.00015081, Change=0.00005683
   T0: MACD=-0.00169823, Signal=-0.00174612, Diff=0.00004788, Change=0.00021067
2025-05-15 23:57:02,473 - INFO - 
Detailed MACD Cross Analysis:
Current MACD: -0.0016982348175690887, Previous: -0.0019089034043248965
Current Signal: -0.0017461181072798396, Previous: -0.0017580889297075272
MACD change: 0.0002106685867558078
Signal change: 1.197082242768762e-05
Absolute slope difference: 0.00019869776432812018
Current price: 0.18521
Relative slope: 0.10728241689332119%
2025-05-15 23:57:02,473 - INFO - MACD Golden Cross ignored - conditions not met
MA Color: red
Cross Slope: 0.10728241689332119%
2025-05-15 23:57:02,473 - INFO - No new MACD cross
2025-05-15 23:57:02,473 - INFO - 
=== Position Analysis for AIXBT/USDT ===

2025-05-15 23:57:02,474 - INFO - 2. MA angles JD Color: RED - True
2025-05-15 23:57:02,691 - INFO - 
JMA Slope Debug for ATA/USDT:
2025-05-15 23:57:02,691 - INFO - Current JMA value: 0.05923111412377559
2025-05-15 23:57:02,691 - INFO - Previous JMA value: 0.059230802049495546
2025-05-15 23:57:02,691 - INFO - Calculated slope: 0.025939822762654302
2025-05-15 23:57:02,691 - INFO - Threshold comparison: 0.025939822762654302 > 4
2025-05-15 23:57:02,692 - INFO - 
=== Cross Check for ATA/USDT ===
2025-05-15 23:57:02,692 - INFO - 
EMA Cross Analysis at 2025-05-15 23:55:00+09:00:
Last 3 candles EMA values:
  T-2: EMA12=0.06015661, EMA26=0.06095194, Diff=-0.00079533
  T-1: EMA12=0.06007098, EMA26=0.06085180, Diff=-0.00078082, Change=0.00008563
   T0: EMA12=0.06004468, EMA26=0.06078130, Diff=-0.00073662, Change=0.00002630
2025-05-15 23:57:02,693 - INFO - No new EMA cross
2025-05-15 23:57:02,693 - INFO - 
MACD Cross Analysis at 2025-05-15 23:55:00+09:00:
Last 3 candles MACD values:
  T-2: MACD=-0.00079533, Signal=-0.00059382, Diff=-0.00020151
  T-1: MACD=-0.00078082, Signal=-0.00063122, Diff=-0.00014960, Change=0.00001451
   T0: MACD=-0.00073662, Signal=-0.00065230, Diff=-0.00008432, Change=0.00004420
2025-05-15 23:57:02,693 - INFO - No new MACD cross
2025-05-15 23:57:02,693 - INFO - 
=== Position Analysis for ATA/USDT ===

2025-05-15 23:57:02,693 - INFO - 2. MA angles JD Color: RED - True
2025-05-15 23:57:03,085 - INFO - 
JMA Slope Debug for SUI/USDT:
2025-05-15 23:57:03,086 - INFO - Current JMA value: 3.671360468702128
2025-05-15 23:57:03,086 - INFO - Previous JMA value: 3.6700567688771213
2025-05-15 23:57:03,086 - INFO - Calculated slope: 2.667875891435763
2025-05-15 23:57:03,086 - INFO - Threshold comparison: 2.667875891435763 > 4
2025-05-15 23:57:03,087 - INFO - 
=== Cross Check for SUI/USDT ===
2025-05-15 23:57:03,087 - INFO - 
EMA Cross Analysis at 2025-05-15 23:55:00+09:00:
Last 3 candles EMA values:
  T-2: EMA12=3.68905868, EMA26=3.70653358, Diff=-0.01747490
  T-1: EMA12=3.68711119, EMA26=3.70430146, Diff=-0.01719027, Change=0.00194749
   T0: EMA12=3.69097101, EMA26=3.70488654, Diff=-0.01391553, Change=0.00385982
2025-05-15 23:57:03,087 - INFO - No new EMA cross
2025-05-15 23:57:03,087 - INFO - 
MACD Cross Analysis at 2025-05-15 23:55:00+09:00:
Last 3 candles MACD values:
  T-2: MACD=-0.01747490, Signal=-0.01206810, Diff=-0.00540680
  T-1: MACD=-0.01719027, Signal=-0.01309254, Diff=-0.00409774, Change=0.00028463
   T0: MACD=-0.01391553, Signal=-0.01325714, Diff=-0.00065840, Change=0.00327474
2025-05-15 23:57:03,088 - INFO - No new MACD cross
2025-05-15 23:57:03,088 - INFO - 
=== Position Analysis for SUI/USDT ===

2025-05-15 23:57:03,088 - INFO - 2. MA angles JD Color: RED - True
2025-05-15 23:57:03,304 - INFO - 
JMA Slope Debug for AVAX/USDT:
2025-05-15 23:57:03,304 - INFO - Current JMA value: 23.217971523998354
2025-05-15 23:57:03,304 - INFO - Previous JMA value: 23.24044080706205
2025-05-15 23:57:03,304 - INFO - Calculated slope: -8.24502046744299
2025-05-15 23:57:03,304 - INFO - Threshold comparison: -8.24502046744299 > 4
2025-05-15 23:57:03,305 - INFO - 
=== Cross Check for AVAX/USDT ===
2025-05-15 23:57:03,305 - INFO - 
EMA Cross Analysis at 2025-05-15 23:55:00+09:00:
Last 3 candles EMA values:
  T-2: EMA12=23.38717462, EMA26=23.54220906, Diff=-0.15503444
  T-1: EMA12=23.35776314, EMA26=23.51656394, Diff=-0.15880080, Change=0.02941148
   T0: EMA12=23.35395343, EMA26=23.50296661, Diff=-0.14901319, Change=0.00380971
2025-05-15 23:57:03,306 - INFO - No new EMA cross
2025-05-15 23:57:03,306 - INFO - 
MACD Cross Analysis at 2025-05-15 23:55:00+09:00:
Last 3 candles MACD values:
  T-2: MACD=-0.15503444, Signal=-0.11618973, Diff=-0.03884471
  T-1: MACD=-0.15880080, Signal=-0.12471194, Diff=-0.03408886, Change=0.00376636
   T0: MACD=-0.14901319, Signal=-0.12957219, Diff=-0.01944100, Change=0.00978761
2025-05-15 23:57:03,306 - INFO - No new MACD cross
2025-05-15 23:57:03,306 - INFO - 
=== Position Analysis for AVAX/USDT ===

2025-05-15 23:57:03,306 - INFO - 2. MA angles JD Color: RED - True
2025-05-15 23:57:03,523 - INFO - 
JMA Slope Debug for MOVE/USDT:
2025-05-15 23:57:03,523 - INFO - Current JMA value: 0.19337668608724431
2025-05-15 23:57:03,524 - INFO - Previous JMA value: 0.19352564879682202
2025-05-15 23:57:03,524 - INFO - Calculated slope: -5.282206394245805
2025-05-15 23:57:03,524 - INFO - Threshold comparison: -5.282206394245805 > 4
2025-05-15 23:57:03,524 - INFO - 
=== Cross Check for MOVE/USDT ===
2025-05-15 23:57:03,525 - INFO - 
EMA Cross Analysis at 2025-05-15 23:55:00+09:00:
Last 3 candles EMA values:
  T-2: EMA12=0.19478358, EMA26=0.19638103, Diff=-0.00159746
  T-1: EMA12=0.19449380, EMA26=0.19612318, Diff=-0.00162938, Change=0.00028978
   T0: EMA12=0.19447937, EMA26=0.19599554, Diff=-0.00151617, Change=0.00001443
2025-05-15 23:57:03,525 - INFO - No new EMA cross
2025-05-15 23:57:03,525 - INFO - 
MACD Cross Analysis at 2025-05-15 23:55:00+09:00:
Last 3 candles MACD values:
  T-2: MACD=-0.00159746, Signal=-0.00142132, Diff=-0.00017614
  T-1: MACD=-0.00162938, Signal=-0.00146293, Diff=-0.00016645, Change=0.00003193
   T0: MACD=-0.00151617, Signal=-0.00147358, Diff=-0.00004259, Change=0.00011321
2025-05-15 23:57:03,525 - INFO - No new MACD cross
2025-05-15 23:57:03,526 - INFO - 
=== Position Analysis for MOVE/USDT ===

2025-05-15 23:57:03,526 - INFO - 2. MA angles JD Color: RED - True
2025-05-15 23:57:03,742 - INFO - 
JMA Slope Debug for GOAT/USDT:
2025-05-15 23:57:03,742 - INFO - Current JMA value: 0.16583608759529622
2025-05-15 23:57:03,742 - INFO - Previous JMA value: 0.1660861410955093
2025-05-15 23:57:03,743 - INFO - Calculated slope: -5.038696579572972
2025-05-15 23:57:03,743 - INFO - Threshold comparison: -5.038696579572972 > 4
2025-05-15 23:57:03,743 - INFO - 
=== Cross Check for GOAT/USDT ===
2025-05-15 23:57:03,744 - INFO - 
EMA Cross Analysis at 2025-05-15 23:55:00+09:00:
Last 3 candles EMA values:
  T-2: EMA12=0.16959848, EMA26=0.17360066, Diff=-0.00400217
  T-1: EMA12=0.16908026, EMA26=0.17305468, Diff=-0.00397443, Change=0.00051823
   T0: EMA12=0.16872791, EMA26=0.17259063, Diff=-0.00386272, Change=0.00035235
2025-05-15 23:57:03,744 - INFO - No new EMA cross
2025-05-15 23:57:03,744 - INFO - 
MACD Cross Analysis at 2025-05-15 23:55:00+09:00:
Last 3 candles MACD values:
  T-2: MACD=-0.00400217, Signal=-0.00354692, Diff=-0.00045525
  T-1: MACD=-0.00397443, Signal=-0.00363242, Diff=-0.00034200, Change=0.00002775
   T0: MACD=-0.00386272, Signal=-0.00367848, Diff=-0.00018424, Change=0.00011170
2025-05-15 23:57:03,745 - INFO - No new MACD cross
2025-05-15 23:57:03,745 - INFO - 
=== Position Analysis for GOAT/USDT ===

2025-05-15 23:57:03,745 - INFO - 2. MA angles JD Color: RED - True
2025-05-15 23:57:03,971 - INFO - 
JMA Slope Debug for HIVE/USDT:
2025-05-15 23:57:03,971 - INFO - Current JMA value: 0.25229698601615147
2025-05-15 23:57:03,971 - INFO - Previous JMA value: 0.252995378314169
2025-05-15 23:57:03,971 - INFO - Calculated slope: -18.863497647318944
2025-05-15 23:57:03,971 - INFO - Threshold comparison: -18.863497647318944 > 4
2025-05-15 23:57:03,973 - INFO - 
=== Cross Check for HIVE/USDT ===
2025-05-15 23:57:03,973 - INFO - 
EMA Cross Analysis at 2025-05-15 23:55:00+09:00:
Last 3 candles EMA values:
  T-2: EMA12=0.25604906, EMA26=0.25911504, Diff=-0.00306598
  T-1: EMA12=0.25528921, EMA26=0.25852207, Diff=-0.00323287, Change=0.00075986
   T0: EMA12=0.25492933, EMA26=0.25810933, Diff=-0.00318000, Change=0.00035988
2025-05-15 23:57:03,974 - INFO - No new EMA cross
2025-05-15 23:57:03,974 - INFO - 
MACD Cross Analysis at 2025-05-15 23:55:00+09:00:
Last 3 candles MACD values:
  T-2: MACD=-0.00306598, Signal=-0.00228111, Diff=-0.00078487
  T-1: MACD=-0.00323287, Signal=-0.00247146, Diff=-0.00076141, Change=0.00016689
   T0: MACD=-0.00318000, Signal=-0.00261317, Diff=-0.00056683, Change=0.00005287
2025-05-15 23:57:03,975 - INFO - No new MACD cross
2025-05-15 23:57:03,975 - INFO - 
=== Position Analysis for HIVE/USDT ===

2025-05-15 23:57:03,975 - INFO - 2. MA angles JD Color: RED - True
2025-05-15 23:57:04,203 - INFO - 
JMA Slope Debug for COW/USDT:
2025-05-15 23:57:04,203 - INFO - Current JMA value: 0.3697514630235494
2025-05-15 23:57:04,203 - INFO - Previous JMA value: 0.36977190655867
2025-05-15 23:57:04,203 - INFO - Calculated slope: -0.3700040967966968
2025-05-15 23:57:04,203 - INFO - Threshold comparison: -0.3700040967966968 > 4
2025-05-15 23:57:04,204 - INFO - 
=== Cross Check for COW/USDT ===
2025-05-15 23:57:04,205 - INFO - 
EMA Cross Analysis at 2025-05-15 23:55:00+09:00:
Last 3 candles EMA values:
  T-2: EMA12=0.37227411, EMA26=0.37483891, Diff=-0.00256480
  T-1: EMA12=0.37190886, EMA26=0.37447306, Diff=-0.00256420, Change=0.00036525
   T0: EMA12=0.37203057, EMA26=0.37434172, Diff=-0.00231115, Change=0.00012171
2025-05-15 23:57:04,205 - INFO - No new EMA cross
2025-05-15 23:57:04,205 - INFO - 
MACD Cross Analysis at 2025-05-15 23:55:00+09:00:
Last 3 candles MACD values:
  T-2: MACD=-0.00256480, Signal=-0.00200452, Diff=-0.00056027
  T-1: MACD=-0.00256420, Signal=-0.00211646, Diff=-0.00044774, Change=0.00000060
   T0: MACD=-0.00231115, Signal=-0.00215540, Diff=-0.00015575, Change=0.00025305
2025-05-15 23:57:04,205 - INFO - No new MACD cross
2025-05-15 23:57:04,206 - INFO - 
=== Position Analysis for COW/USDT ===

2025-05-15 23:57:04,206 - INFO - 2. MA angles JD Color: RED - True
2025-05-15 23:57:04,424 - INFO - 
JMA Slope Debug for ZEN/USDT:
2025-05-15 23:57:04,425 - INFO - Current JMA value: 9.654567480244708
2025-05-15 23:57:04,425 - INFO - Previous JMA value: 9.65671511602597
2025-05-15 23:57:04,425 - INFO - Calculated slope: -1.5445942436233675
2025-05-15 23:57:04,425 - INFO - Threshold comparison: -1.5445942436233675 > 4
2025-05-15 23:57:04,426 - INFO - 
=== Cross Check for ZEN/USDT ===
2025-05-15 23:57:04,426 - INFO - 
EMA Cross Analysis at 2025-05-15 23:55:00+09:00:
Last 3 candles EMA values:
  T-2: EMA12=9.68990196, EMA26=9.72082342, Diff=-0.03092146
  T-1: EMA12=9.68484012, EMA26=9.71609576, Diff=-0.03125564, Change=0.00506184
   T0: EMA12=9.68763395, EMA26=9.71512570, Diff=-0.02749175, Change=0.00279383
2025-05-15 23:57:04,426 - INFO - No new EMA cross
2025-05-15 23:57:04,427 - INFO - 
MACD Cross Analysis at 2025-05-15 23:55:00+09:00:
Last 3 candles MACD values:
  T-2: MACD=-0.03092146, Signal=-0.01946179, Diff=-0.01145967
  T-1: MACD=-0.03125564, Signal=-0.02182056, Diff=-0.00943508, Change=0.00033418
   T0: MACD=-0.02749175, Signal=-0.02295480, Diff=-0.00453696, Change=0.00376388
2025-05-15 23:57:04,427 - INFO - No new MACD cross
2025-05-15 23:57:04,427 - INFO - 
=== Position Analysis for ZEN/USDT ===

2025-05-15 23:57:04,427 - INFO - 2. MA angles JD Color: RED - True
2025-05-15 23:57:04,646 - INFO - 
JMA Slope Debug for ONDOUSDT:
2025-05-15 23:57:04,647 - INFO - Current JMA value: 0.957088702945399
2025-05-15 23:57:04,647 - INFO - Previous JMA value: 0.9572978033686316
2025-05-15 23:57:04,647 - INFO - Calculated slope: -1.3096285374086596
2025-05-15 23:57:04,647 - INFO - Threshold comparison: -1.3096285374086596 > 4
2025-05-15 23:57:04,648 - INFO - 
=== Cross Check for ONDOUSDT ===
2025-05-15 23:57:04,648 - INFO - 
EMA Cross Analysis at 2025-05-15 23:55:00+09:00:
Last 3 candles EMA values:
  T-2: EMA12=0.96373835, EMA26=0.96858770, Diff=-0.00484935
  T-1: EMA12=0.96276322, EMA26=0.96775898, Diff=-0.00499576, Change=0.00097513
   T0: EMA12=0.96299965, EMA26=0.96750276, Diff=-0.00450311, Change=0.00023643
2025-05-15 23:57:04,648 - INFO - No new EMA cross
2025-05-15 23:57:04,649 - INFO - 
MACD Cross Analysis at 2025-05-15 23:55:00+09:00:
Last 3 candles MACD values:
  T-2: MACD=-0.00484935, Signal=-0.00281400, Diff=-0.00203534
  T-1: MACD=-0.00499576, Signal=-0.00325035, Diff=-0.00174540, Change=0.00014641
   T0: MACD=-0.00450311, Signal=-0.00350091, Diff=-0.00100220, Change=0.00049265
2025-05-15 23:57:04,649 - INFO - No new MACD cross
2025-05-15 23:57:04,649 - INFO - 
=== Position Analysis for ONDOUSDT ===

2025-05-15 23:57:04,649 - INFO - 2. MA angles JD Color: RED - True
2025-05-15 23:57:04,876 - INFO - 
JMA Slope Debug for USUAL/USDT:
2025-05-15 23:57:04,876 - INFO - Current JMA value: 0.1397459999777733
2025-05-15 23:57:04,876 - INFO - Previous JMA value: 0.1396825405589792
2025-05-15 23:57:04,876 - INFO - Calculated slope: 2.2294845890748682
2025-05-15 23:57:04,877 - INFO - Threshold comparison: 2.2294845890748682 > 4
2025-05-15 23:57:04,878 - INFO - 
=== Cross Check for USUAL/USDT ===
2025-05-15 23:57:04,878 - INFO - 
EMA Cross Analysis at 2025-05-15 23:55:00+09:00:
Last 3 candles EMA values:
  T-2: EMA12=0.14081184, EMA26=0.14218340, Diff=-0.00137156
  T-1: EMA12=0.14070232, EMA26=0.14202907, Diff=-0.00132675, Change=0.00010951
   T0: EMA12=0.14073274, EMA26=0.14194544, Diff=-0.00121270, Change=0.00003041
2025-05-15 23:57:04,879 - INFO - No new EMA cross
2025-05-15 23:57:04,879 - INFO - 
MACD Cross Analysis at 2025-05-15 23:55:00+09:00:
Last 3 candles MACD values:
  T-2: MACD=-0.00137156, Signal=-0.00122860, Diff=-0.00014297
  T-1: MACD=-0.00132675, Signal=-0.00124823, Diff=-0.00007852, Change=0.00004481
   T0: MACD=-0.00121270, Signal=-0.00124112, Diff=0.00002842, Change=0.00011405
2025-05-15 23:57:04,880 - INFO - 
Detailed MACD Cross Analysis:
Current MACD: -0.0012127027108878585, Previous: -0.0013267495192906265
Current Signal: -0.0012411221186500645, Previous: -0.0012482269705906158
MACD change: 0.00011404680840276793
Signal change: 7.104851940551273e-06
Absolute slope difference: 0.00010694195646221666
Current price: 0.1409
Relative slope: 0.07589918840469599%
2025-05-15 23:57:04,880 - INFO - MACD Golden Cross ignored - conditions not met
MA Color: red
Cross Slope: 0.07589918840469599%
2025-05-15 23:57:04,880 - INFO - No new MACD cross
2025-05-15 23:57:04,881 - INFO - 
=== Position Analysis for USUAL/USDT ===

2025-05-15 23:57:04,881 - INFO - 2. MA angles JD Color: RED - True
2025-05-15 23:57:05,102 - INFO - 
JMA Slope Debug for BRETT/USDT:
2025-05-15 23:57:05,102 - INFO - Current JMA value: 0.06692475210307955
2025-05-15 23:57:05,102 - INFO - Previous JMA value: 0.06697913058415585
2025-05-15 23:57:05,102 - INFO - Calculated slope: -3.9009119206511196
2025-05-15 23:57:05,103 - INFO - Threshold comparison: -3.9009119206511196 > 4
2025-05-15 23:57:05,103 - INFO - 
=== Cross Check for BRETT/USDT ===
2025-05-15 23:57:05,104 - INFO - 
EMA Cross Analysis at 2025-05-15 23:55:00+09:00:
Last 3 candles EMA values:
  T-2: EMA12=0.06761869, EMA26=0.06832652, Diff=-0.00070783
  T-1: EMA12=0.06749428, EMA26=0.06821419, Diff=-0.00071991, Change=0.00012441
   T0: EMA12=0.06749670, EMA26=0.06816203, Diff=-0.00066533, Change=0.00000242
2025-05-15 23:57:05,104 - INFO - No new EMA cross
2025-05-15 23:57:05,104 - INFO - 
MACD Cross Analysis at 2025-05-15 23:55:00+09:00:
Last 3 candles MACD values:
  T-2: MACD=-0.00070783, Signal=-0.00058341, Diff=-0.00012442
  T-1: MACD=-0.00071991, Signal=-0.00061071, Diff=-0.00010920, Change=0.00001208
   T0: MACD=-0.00066533, Signal=-0.00062164, Diff=-0.00004369, Change=0.00005458
2025-05-15 23:57:05,104 - INFO - No new MACD cross
2025-05-15 23:57:05,104 - INFO - 
=== Position Analysis for BRETT/USDT ===

2025-05-15 23:57:05,105 - INFO - 2. MA angles JD Color: RED - True
2025-05-15 23:57:05,497 - INFO - 
JMA Slope Debug for VANA/USDT:
2025-05-15 23:57:05,497 - INFO - Current JMA value: 5.867677356585525
2025-05-15 23:57:05,497 - INFO - Previous JMA value: 5.869391280684528
2025-05-15 23:57:05,497 - INFO - Calculated slope: -1.9384571473021985
2025-05-15 23:57:05,497 - INFO - Threshold comparison: -1.9384571473021985 > 4
2025-05-15 23:57:05,498 - INFO - 
=== Cross Check for VANA/USDT ===
2025-05-15 23:57:05,498 - INFO - 
EMA Cross Analysis at 2025-05-15 23:55:00+09:00:
Last 3 candles EMA values:
  T-2: EMA12=5.92283822, EMA26=5.98699438, Diff=-0.06415616
  T-1: EMA12=5.91409388, EMA26=5.97803183, Diff=-0.06393795, Change=0.00874434
   T0: EMA12=5.91392559, EMA26=5.97321466, Diff=-0.05928907, Change=0.00016829
2025-05-15 23:57:05,499 - INFO - No new EMA cross
2025-05-15 23:57:05,499 - INFO - 
MACD Cross Analysis at 2025-05-15 23:55:00+09:00:
Last 3 candles MACD values:
  T-2: MACD=-0.06415616, Signal=-0.05643864, Diff=-0.00771752
  T-1: MACD=-0.06393795, Signal=-0.05793850, Diff=-0.00599945, Change=0.00021820
   T0: MACD=-0.05928907, Signal=-0.05820862, Diff=-0.00108046, Change=0.00464888
2025-05-15 23:57:05,499 - INFO - No new MACD cross
2025-05-15 23:57:05,499 - INFO - 
=== Position Analysis for VANA/USDT ===

2025-05-15 23:57:05,499 - INFO - 2. MA angles JD Color: RED - True
2025-05-15 23:57:05,759 - INFO - 
JMA Slope Debug for MELANIA/USDT:
2025-05-15 23:57:05,759 - INFO - Current JMA value: 0.3474303984147412
2025-05-15 23:57:05,759 - INFO - Previous JMA value: 0.34705986977123887
2025-05-15 23:57:05,759 - INFO - Calculated slope: 6.537886400044504
2025-05-15 23:57:05,759 - INFO - Threshold comparison: 6.537886400044504 > 4
2025-05-15 23:57:05,760 - INFO - 
=== Cross Check for MELANIA/USDT ===
2025-05-15 23:57:05,761 - INFO - 
EMA Cross Analysis at 2025-05-15 23:55:00+09:00:
Last 3 candles EMA values:
  T-2: EMA12=0.34999441, EMA26=0.35373794, Diff=-0.00374353
  T-1: EMA12=0.34991835, EMA26=0.35342402, Diff=-0.00350567, Change=0.00007606
   T0: EMA12=0.35023860, EMA26=0.35331853, Diff=-0.00307993, Change=0.00032025
2025-05-15 23:57:05,761 - INFO - No new EMA cross
2025-05-15 23:57:05,761 - INFO - 
MACD Cross Analysis at 2025-05-15 23:55:00+09:00:
Last 3 candles MACD values:
  T-2: MACD=-0.00374353, Signal=-0.00340120, Diff=-0.00034233
  T-1: MACD=-0.00350567, Signal=-0.00342209, Diff=-0.00008358, Change=0.00023786
   T0: MACD=-0.00307993, Signal=-0.00335366, Diff=0.00027373, Change=0.00042574
2025-05-15 23:57:05,762 - INFO - 
Detailed MACD Cross Analysis:
Current MACD: -0.0030799327236028518, Previous: -0.003505669825013602
Current Signal: -0.0033536604018821418, Previous: -0.003422092321451964
MACD change: 0.0004257371014107503
Signal change: 6.843191956982207e-05
Absolute slope difference: 0.0003573051818409282
Current price: 0.352
Relative slope: 0.10150715393208189%
2025-05-15 23:57:05,762 - INFO - NEW MACD Golden Cross at 2025-05-15 23:55:00+09:00
Cross Slope: 0.10150715393208189%
Candle High: 0.35
Candle Low: 0.3471
MA Color: green
2025-05-15 23:57:05,762 - INFO - 
Checking Historical EMA Crosses
Time Range: 2025-05-15 23:30:00+09:00 to 2025-05-15 23:55:00+09:00
2025-05-15 23:57:05,765 - INFO - No new MACD cross
2025-05-15 23:57:05,765 - INFO - Current MACD cross: Time=2025-05-15 23:55:00+09:00, Type=golden, High=0.35, Low=0.3471
2025-05-15 23:57:05,765 - INFO - 
=== Position Analysis for MELANIA/USDT ===

2025-05-15 23:57:05,765 - INFO - 2. MA angles JD Color: GREEN - True
