2025-05-10 00:15:29,986 - INFO - 
==================== ENTRY SIGNAL ====================
Symbol: MOODENG/USDT
Position: LONG
Time: 2025-05-10 00:15:29
Cross Pairs: [('2025-05-10 00:10', '2025-05-10 00:10')]
==================================================
2025-05-10 00:15:29,986 - INFO - 
==================== ENTRY SIGNAL ====================
Symbol: MOODENG/USDT
Position: LONG
Time: 2025-05-10 00:15:29
Price: 0.13236
==================================================
2025-05-10 00:15:30,029 - INFO - Stop Loss Range Calculation:
EMA Cross Time: 2025-05-10 00:10:00+09:00
MACD Cross Time: 2025-05-10 00:10:00+09:00
SL Range: 2025-05-10 00:05:00+09:00 to 2025-05-10 00:10:00+09:00
2025-05-10 00:15:30,034 - INFO - Stop Loss calculation for long:
Data range: 2025-05-10 00:05:00+09:00 to 2025-05-10 00:10:00+09:00
Stop loss price: 0.12808
Distance from entry: 0.0042200000000000015 (3.190%)
2025-05-10 00:15:30,034 - INFO - Take Profit calculation:
Entry: 0.1323
Stop Loss: 0.12808
SL Distance: 0.0042200000000000015
Take Profit: 0.139685
2025-05-10 00:15:30,095 - ERROR - ===== Insufficient Balance =====
Symbol: MOODENG/USDT
Required: 10 USDT
Available: 6.01765175 USDT
2025-05-10 00:15:30,095 - ERROR - Failed to enter position for MOODENG/USDT: Insufficient balance
2025-05-10 00:20:09,469 - INFO - 
==================== ENTRY SIGNAL ====================
Symbol: MOODENG/USDT
Position: LONG
Time: 2025-05-10 00:20:09
Cross Pairs: [('2025-05-10 00:10', '2025-05-10 00:10')]
==================================================
2025-05-10 00:20:09,469 - INFO - 
==================== ENTRY SIGNAL ====================
Symbol: MOODENG/USDT
Position: LONG
Time: 2025-05-10 00:20:09
Price: 0.13132
==================================================
2025-05-10 00:20:09,512 - INFO - Stop Loss Range Calculation:
EMA Cross Time: 2025-05-10 00:10:00+09:00
MACD Cross Time: 2025-05-10 00:10:00+09:00
SL Range: 2025-05-10 00:05:00+09:00 to 2025-05-10 00:10:00+09:00
2025-05-10 00:20:09,513 - INFO - Stop Loss calculation for long:
Data range: 2025-05-10 00:05:00+09:00 to 2025-05-10 00:10:00+09:00
Stop loss price: 0.12808
Distance from entry: 0.0033199999999999896 (2.527%)
2025-05-10 00:20:09,513 - INFO - Take Profit calculation:
Entry: 0.1314
Stop Loss: 0.12808
SL Distance: 0.0033199999999999896
Take Profit: 0.13720999999999997
2025-05-10 00:20:09,561 - ERROR - ===== Insufficient Balance =====
Symbol: MOODENG/USDT
Required: 10 USDT
Available: 6.01765175 USDT
2025-05-10 00:20:09,562 - ERROR - Failed to enter position for MOODENG/USDT: Insufficient balance
2025-05-10 00:25:58,527 - INFO - 
==================== ENTRY SIGNAL ====================
Symbol: MOODENG/USDT
Position: LONG
Time: 2025-05-10 00:25:58
Cross Pairs: [('2025-05-10 00:10', '2025-05-10 00:10')]
==================================================
2025-05-10 00:25:58,527 - INFO - 
==================== ENTRY SIGNAL ====================
Symbol: MOODENG/USDT
Position: LONG
Time: 2025-05-10 00:25:58
Price: 0.13019
==================================================
2025-05-10 00:25:58,568 - INFO - Stop Loss Range Calculation:
EMA Cross Time: 2025-05-10 00:10:00+09:00
MACD Cross Time: 2025-05-10 00:10:00+09:00
SL Range: 2025-05-10 00:05:00+09:00 to 2025-05-10 00:10:00+09:00
2025-05-10 00:25:58,569 - INFO - Stop Loss calculation for long:
Data range: 2025-05-10 00:05:00+09:00 to 2025-05-10 00:10:00+09:00
Stop loss price: 0.12808
Distance from entry: 0.0017199999999999993 (1.325%)
2025-05-10 00:25:58,569 - INFO - Take Profit calculation:
Entry: 0.1298
Stop Loss: 0.12808
SL Distance: 0.0017199999999999993
Take Profit: 0.13280999999999998
2025-05-10 00:25:58,622 - ERROR - ===== Insufficient Balance =====
Symbol: MOODENG/USDT
Required: 10 USDT
Available: 6.01765175 USDT
2025-05-10 00:25:58,622 - ERROR - Failed to enter position for MOODENG/USDT: Insufficient balance
2025-05-10 00:30:38,121 - INFO - 
==================== ENTRY SIGNAL ====================
Symbol: MOODENG/USDT
Position: LONG
Time: 2025-05-10 00:30:38
Cross Pairs: [('2025-05-10 00:10', '2025-05-10 00:10')]
==================================================
2025-05-10 00:30:38,122 - INFO - 
==================== ENTRY SIGNAL ====================
Symbol: MOODENG/USDT
Position: LONG
Time: 2025-05-10 00:30:38
Price: 0.13092
==================================================
2025-05-10 00:30:38,163 - INFO - Stop Loss Range Calculation:
EMA Cross Time: 2025-05-10 00:10:00+09:00
MACD Cross Time: 2025-05-10 00:10:00+09:00
SL Range: 2025-05-10 00:05:00+09:00 to 2025-05-10 00:10:00+09:00
2025-05-10 00:30:38,164 - INFO - Stop Loss calculation for long:
Data range: 2025-05-10 00:05:00+09:00 to 2025-05-10 00:10:00+09:00
Stop loss price: 0.12808
Distance from entry: 0.0023100000000000065 (1.772%)
2025-05-10 00:30:38,164 - INFO - Take Profit calculation:
Entry: 0.13039
Stop Loss: 0.12808
SL Distance: 0.0023100000000000065
Take Profit: 0.1344325
2025-05-10 00:30:38,217 - ERROR - ===== Insufficient Balance =====
Symbol: MOODENG/USDT
Required: 10 USDT
Available: 6.01765175 USDT
2025-05-10 00:30:38,217 - ERROR - Failed to enter position for MOODENG/USDT: Insufficient balance
2025-05-10 00:50:25,296 - INFO - 
==================== ENTRY SIGNAL ====================
Symbol: PHA/USDT
Position: LONG
Time: 2025-05-10 00:50:25
Cross Pairs: [('2025-05-10 00:50', '2025-05-10 00:35')]
==================================================
2025-05-10 00:50:25,296 - INFO - 
==================== ENTRY SIGNAL ====================
Symbol: PHA/USDT
Position: LONG
Time: 2025-05-10 00:50:25
Price: 0.1345
==================================================
2025-05-10 00:50:25,340 - INFO - Stop Loss Range Calculation:
EMA Cross Time: 2025-05-10 00:50:00+09:00
MACD Cross Time: 2025-05-10 00:35:00+09:00
SL Range: 2025-05-10 00:30:00+09:00 to 2025-05-10 00:35:00+09:00
2025-05-10 00:50:25,341 - INFO - Stop Loss calculation for long:
Data range: 2025-05-10 00:30:00+09:00 to 2025-05-10 00:35:00+09:00
Stop loss price: 0.13129
Distance from entry: 0.0033400000000000096 (2.481%)
2025-05-10 00:50:25,341 - INFO - Take Profit calculation:
Entry: 0.13463
Stop Loss: 0.13129
SL Distance: 0.0033400000000000096
Take Profit: 0.14047500000000002
2025-05-10 00:50:25,402 - ERROR - ===== Insufficient Balance =====
Symbol: PHA/USDT
Required: 10 USDT
Available: 6.01765175 USDT
2025-05-10 00:50:25,402 - ERROR - Failed to enter position for PHA/USDT: Insufficient balance
2025-05-10 00:50:31,438 - INFO - 
==================== ENTRY SIGNAL ====================
Symbol: COW/USDT
Position: SHORT
Time: 2025-05-10 00:50:31
Cross Pairs: [('2025-05-10 00:50', '2025-05-10 00:40')]
==================================================
2025-05-10 00:50:31,438 - INFO - 
==================== ENTRY SIGNAL ====================
Symbol: COW/USDT
Position: SHORT
Time: 2025-05-10 00:50:31
Price: 0.356
==================================================
2025-05-10 00:50:31,489 - INFO - Stop Loss Range Calculation:
EMA Cross Time: 2025-05-10 00:50:00+09:00
MACD Cross Time: 2025-05-10 00:40:00+09:00
SL Range: 2025-05-10 00:35:00+09:00 to 2025-05-10 00:40:00+09:00
2025-05-10 00:50:31,490 - INFO - Stop Loss calculation for short:
Data range: 2025-05-10 00:35:00+09:00 to 2025-05-10 00:40:00+09:00
Stop loss price: 0.3777
Distance from entry: 0.021599999999999953 (6.066%)
2025-05-10 00:50:31,490 - INFO - Take Profit calculation:
Entry: 0.3561
Stop Loss: 0.3777
SL Distance: 0.021599999999999953
Take Profit: 0.31830000000000014
2025-05-10 00:50:31,533 - ERROR - ===== Insufficient Balance =====
Symbol: COW/USDT
Required: 10 USDT
Available: 6.01765175 USDT
2025-05-10 00:50:31,534 - ERROR - Failed to enter position for COW/USDT: Insufficient balance
2025-05-10 00:55:10,205 - INFO - 
==================== ENTRY SIGNAL ====================
Symbol: COW/USDT
Position: SHORT
Time: 2025-05-10 00:55:10
Cross Pairs: [('2025-05-10 00:50', '2025-05-10 00:40')]
==================================================
2025-05-10 00:55:10,205 - INFO - 
==================== ENTRY SIGNAL ====================
Symbol: COW/USDT
Position: SHORT
Time: 2025-05-10 00:55:10
Price: 0.3567
==================================================
2025-05-10 00:55:10,248 - INFO - Stop Loss Range Calculation:
EMA Cross Time: 2025-05-10 00:50:00+09:00
MACD Cross Time: 2025-05-10 00:40:00+09:00
SL Range: 2025-05-10 00:35:00+09:00 to 2025-05-10 00:40:00+09:00
2025-05-10 00:55:10,249 - INFO - Stop Loss calculation for short:
Data range: 2025-05-10 00:35:00+09:00 to 2025-05-10 00:40:00+09:00
Stop loss price: 0.3777
Distance from entry: 0.021299999999999986 (5.976%)
2025-05-10 00:55:10,249 - INFO - Take Profit calculation:
Entry: 0.3564
Stop Loss: 0.3777
SL Distance: 0.021299999999999986
Take Profit: 0.319125
2025-05-10 00:55:10,301 - ERROR - ===== Insufficient Balance =====
Symbol: COW/USDT
Required: 10 USDT
Available: 6.01765175 USDT
2025-05-10 00:55:10,301 - ERROR - Failed to enter position for COW/USDT: Insufficient balance
2025-05-10 00:56:15,763 - INFO - 
==================== ENTRY SIGNAL ====================
Symbol: PHA/USDT
Position: LONG
Time: 2025-05-10 00:56:15
Cross Pairs: [('2025-05-10 00:50', '2025-05-10 00:35')]
==================================================
2025-05-10 00:56:15,763 - INFO - 
==================== ENTRY SIGNAL ====================
Symbol: PHA/USDT
Position: LONG
Time: 2025-05-10 00:56:15
Price: 0.13693
==================================================
2025-05-10 00:56:15,803 - INFO - Stop Loss Range Calculation:
EMA Cross Time: 2025-05-10 00:50:00+09:00
MACD Cross Time: 2025-05-10 00:35:00+09:00
SL Range: 2025-05-10 00:30:00+09:00 to 2025-05-10 00:35:00+09:00
2025-05-10 00:56:15,804 - INFO - Stop Loss calculation for long:
Data range: 2025-05-10 00:30:00+09:00 to 2025-05-10 00:35:00+09:00
Stop loss price: 0.13129
Distance from entry: 0.005720000000000003 (4.175%)
2025-05-10 00:56:15,804 - INFO - Take Profit calculation:
Entry: 0.13701
Stop Loss: 0.13129
SL Distance: 0.005720000000000003
Take Profit: 0.14701999999999998
2025-05-10 00:56:15,857 - ERROR - ===== Insufficient Balance =====
Symbol: PHA/USDT
Required: 10 USDT
Available: 6.01765175 USDT
2025-05-10 00:56:15,858 - ERROR - Failed to enter position for PHA/USDT: Insufficient balance
2025-05-10 01:00:59,383 - INFO - 
==================== ENTRY SIGNAL ====================
Symbol: COW/USDT
Position: SHORT
Time: 2025-05-10 01:00:59
Cross Pairs: [('2025-05-10 00:50', '2025-05-10 00:40')]
==================================================
2025-05-10 01:00:59,384 - INFO - 
==================== ENTRY SIGNAL ====================
Symbol: COW/USDT
Position: SHORT
Time: 2025-05-10 01:00:59
Price: 0.3591
==================================================
2025-05-10 01:00:59,426 - INFO - Stop Loss Range Calculation:
EMA Cross Time: 2025-05-10 00:50:00+09:00
MACD Cross Time: 2025-05-10 00:40:00+09:00
SL Range: 2025-05-10 00:35:00+09:00 to 2025-05-10 00:40:00+09:00
2025-05-10 01:00:59,427 - INFO - Stop Loss calculation for short:
Data range: 2025-05-10 00:35:00+09:00 to 2025-05-10 00:40:00+09:00
Stop loss price: 0.3777
Distance from entry: 0.018699999999999994 (5.209%)
2025-05-10 01:00:59,427 - INFO - Take Profit calculation:
Entry: 0.359
Stop Loss: 0.3777
SL Distance: 0.018699999999999994
Take Profit: 0.326275
2025-05-10 01:00:59,482 - ERROR - ===== Insufficient Balance =====
Symbol: COW/USDT
Required: 10 USDT
Available: 6.01765175 USDT
2025-05-10 01:00:59,482 - ERROR - Failed to enter position for COW/USDT: Insufficient balance
2025-05-10 01:59:21,212 - INFO - Position closed or order timeout after 694.0 minutes for BRETT/USDT, cleaning up orders...
2025-05-10 01:59:21,406 - INFO - Found 2 open orders to cancel for BRETT/USDT
2025-05-10 01:59:21,726 - INFO - Successfully cancelled order:
Symbol: BRETT/USDT
Order ID: 1078473446
Type: stop
Side: buy
2025-05-10 01:59:21,965 - INFO - Successfully cancelled order:
Symbol: BRETT/USDT
Order ID: 1078682496
Type: stop
Side: buy
2025-05-10 01:59:21,966 - INFO - Position Closed - Manual
Symbol: BRETT/USDT
Time: 2025-05-10 01:59:21.966577
Position Type: short

2025-05-10 02:20:18,256 - INFO - Position closed or order timeout after 709.2 minutes for WLD/USDT, cleaning up orders...
2025-05-10 02:20:18,439 - INFO - Found 1 open orders to cancel for WLD/USDT
2025-05-10 02:20:18,503 - INFO - Successfully cancelled order:
Symbol: WLD/USDT
Order ID: 14789836530
Type: take_profit
Side: buy
2025-05-10 02:20:18,504 - INFO - Position Closed - Manual
Symbol: WLD/USDT
Time: 2025-05-10 02:20:18.504921
Position Type: short

2025-05-10 02:20:20,658 - INFO - 
==================== ENTRY SIGNAL ====================
Symbol: GOAT/USDT
Position: LONG
Time: 2025-05-10 02:20:20
Cross Pairs: [('2025-05-10 02:20', '2025-05-10 02:10')]
==================================================
2025-05-10 02:20:20,658 - INFO - 
==================== ENTRY SIGNAL ====================
Symbol: GOAT/USDT
Position: LONG
Time: 2025-05-10 02:20:20
Price: 0.11514
==================================================
2025-05-10 02:20:20,701 - INFO - Stop Loss Range Calculation:
EMA Cross Time: 2025-05-10 02:20:00+09:00
MACD Cross Time: 2025-05-10 02:10:00+09:00
SL Range: 2025-05-10 02:05:00+09:00 to 2025-05-10 02:10:00+09:00
2025-05-10 02:20:20,702 - INFO - Stop Loss calculation for long:
Data range: 2025-05-10 02:05:00+09:00 to 2025-05-10 02:10:00+09:00
Stop loss price: 0.1113
Distance from entry: 0.0038900000000000046 (3.377%)
2025-05-10 02:20:20,702 - INFO - Take Profit calculation:
Entry: 0.11519
Stop Loss: 0.1113
SL Distance: 0.0038900000000000046
Take Profit: 0.12199750000000001
2025-05-10 02:20:21,420 - INFO - ===== Trade Successfully Executed =====
Symbol: GOAT/USDT
Type: long
Entry: 0.11519
Stop Loss: 0.1113
Take Profit: 0.12199750000000001
Position Size: 868.1309141418526
Margin Used: 10 USDT
Total Position Value: 100 USDT
Order IDs: Entry=1926032360, SL=1926032392, TP=1926032399
2025-05-10 02:21:28,474 - INFO - Position closed or order timeout after 710.4 minutes for THETA/USDT, cleaning up orders...
2025-05-10 02:21:28,658 - INFO - Found 1 open orders to cancel for THETA/USDT
2025-05-10 02:21:28,720 - INFO - Successfully cancelled order:
Symbol: THETA/USDT
Order ID: 15499993095
Type: take_profit
Side: buy
2025-05-10 02:21:28,720 - INFO - Position Closed - Manual
Symbol: THETA/USDT
Time: 2025-05-10 02:21:28.720784
Position Type: short

2025-05-10 02:41:08,597 - INFO - Position closed or order timeout after 725.5 minutes for BAKE/USDT, cleaning up orders...
2025-05-10 02:41:08,826 - INFO - Found 1 open orders to cancel for BAKE/USDT
2025-05-10 02:41:08,890 - INFO - Successfully cancelled order:
Symbol: BAKE/USDT
Order ID: 8407334069
Type: take_profit
Side: buy
2025-05-10 02:41:08,890 - INFO - Position Closed - Manual
Symbol: BAKE/USDT
Time: 2025-05-10 02:41:08.890771
Position Type: short

2025-05-10 02:47:02,499 - INFO - Trailing Stop Added (Original SL maintained)
Symbol: GOAT/USDT
Time: 2025-05-10 02:47:02.499374
Entry: 0.11519
Current Price: 0.12057
Original SL: Maintained
Trailing SL: 0.1163419
Profit %: 4.67%
Trailing Order ID: 1926349228
2025-05-10 02:50:30,665 - INFO - Position closed or order timeout after 570.1 minutes for GOAT/USDT, cleaning up orders...
2025-05-10 02:50:30,861 - INFO - Found 2 open orders to cancel for GOAT/USDT
2025-05-10 02:50:30,911 - INFO - Successfully cancelled order:
Symbol: GOAT/USDT
Order ID: 1926032392
Type: stop
Side: sell
2025-05-10 02:50:30,974 - INFO - Successfully cancelled order:
Symbol: GOAT/USDT
Order ID: 1926349228
Type: stop
Side: sell
2025-05-10 02:50:30,974 - INFO - Position Closed - Manual
Symbol: GOAT/USDT
Time: 2025-05-10 02:50:30.974641
Position Type: long

2025-05-10 09:15:29,543 - INFO - 
==================== ENTRY SIGNAL ====================
Symbol: DOGS/USDT
Position: LONG
Time: 2025-05-10 09:15:29
Cross Pairs: [('2025-05-10 09:10', '2025-05-10 09:15')]
==================================================
2025-05-10 09:15:29,543 - INFO - 
==================== ENTRY SIGNAL ====================
Symbol: DOGS/USDT
Position: LONG
Time: 2025-05-10 09:15:29
Price: 0.0002127
==================================================
2025-05-10 09:15:29,584 - INFO - Stop Loss Range Calculation:
EMA Cross Time: 2025-05-10 09:10:00+09:00
MACD Cross Time: 2025-05-10 09:15:00+09:00
SL Range: 2025-05-10 09:05:00+09:00 to 2025-05-10 09:10:00+09:00
2025-05-10 09:15:29,584 - INFO - Stop Loss calculation for long:
Data range: 2025-05-10 09:05:00+09:00 to 2025-05-10 09:10:00+09:00
Stop loss price: 0.0002075
Distance from entry: 5.199999999999991e-06 (2.445%)
2025-05-10 09:15:29,585 - INFO - Take Profit calculation:
Entry: 0.0002127
Stop Loss: 0.0002075
SL Distance: 5.199999999999991e-06
Take Profit: 0.00022179999999999997
2025-05-10 09:15:30,309 - INFO - ===== Trade Successfully Executed =====
Symbol: DOGS/USDT
Type: long
Entry: 0.0002127
Stop Loss: 0.0002075
Take Profit: 0.00022179999999999997
Position Size: 470145.74518100615
Margin Used: 10 USDT
Total Position Value: 100 USDT
Order IDs: Entry=2993749639, SL=2993749701, TP=2993749812
2025-05-10 09:48:59,789 - INFO - Position closed or order timeout after 573.5 minutes for DOGS/USDT, cleaning up orders...
2025-05-10 09:48:59,971 - INFO - Found 1 open orders to cancel for DOGS/USDT
2025-05-10 09:49:00,062 - INFO - Successfully cancelled order:
Symbol: DOGS/USDT
Order ID: 2993749812
Type: take_profit
Side: sell
2025-05-10 09:49:00,062 - INFO - Position Closed - Manual
Symbol: DOGS/USDT
Time: 2025-05-10 09:49:00.062668
Position Type: long

2025-05-10 09:50:18,845 - INFO - 
==================== ENTRY SIGNAL ====================
Symbol: USUAL/USDT
Position: SHORT
Time: 2025-05-10 09:50:18
Cross Pairs: [('2025-05-10 09:50', '2025-05-10 09:35')]
==================================================
2025-05-10 09:50:18,845 - INFO - 
==================== ENTRY SIGNAL ====================
Symbol: USUAL/USDT
Position: SHORT
Time: 2025-05-10 09:50:18
Price: 0.1494
==================================================
2025-05-10 09:50:18,886 - INFO - Stop Loss Range Calculation:
EMA Cross Time: 2025-05-10 09:50:00+09:00
MACD Cross Time: 2025-05-10 09:35:00+09:00
SL Range: 2025-05-10 09:30:00+09:00 to 2025-05-10 09:35:00+09:00
2025-05-10 09:50:18,887 - INFO - Stop Loss calculation for short:
Data range: 2025-05-10 09:30:00+09:00 to 2025-05-10 09:35:00+09:00
Stop loss price: 0.1552
Distance from entry: 0.005599999999999994 (3.743%)
2025-05-10 09:50:18,887 - INFO - Take Profit calculation:
Entry: 0.1496
Stop Loss: 0.1552
SL Distance: 0.005599999999999994
Take Profit: 0.13980000000000004
2025-05-10 09:50:19,626 - INFO - ===== Trade Successfully Executed =====
Symbol: USUAL/USDT
Type: short
Entry: 0.1496
Stop Loss: 0.1552
Take Profit: 0.13980000000000004
Position Size: 668.4491978609625
Margin Used: 10 USDT
Total Position Value: 100 USDT
Order IDs: Entry=1375792353, SL=1375792359, TP=1375792371
2025-05-10 09:55:56,541 - INFO - 
==================== ENTRY SIGNAL ====================
Symbol: ORCA/USDT
Position: SHORT
Time: 2025-05-10 09:55:56
Cross Pairs: [('2025-05-10 09:55', '2025-05-10 09:35')]
==================================================
2025-05-10 09:55:56,541 - INFO - 
==================== ENTRY SIGNAL ====================
Symbol: ORCA/USDT
Position: SHORT
Time: 2025-05-10 09:55:56
Price: 2.875
==================================================
2025-05-10 09:55:56,581 - INFO - Stop Loss Range Calculation:
EMA Cross Time: 2025-05-10 09:55:00+09:00
MACD Cross Time: 2025-05-10 09:35:00+09:00
SL Range: 2025-05-10 09:30:00+09:00 to 2025-05-10 09:35:00+09:00
2025-05-10 09:55:56,581 - INFO - Stop Loss calculation for short:
Data range: 2025-05-10 09:30:00+09:00 to 2025-05-10 09:35:00+09:00
Stop loss price: 2.95
Distance from entry: 0.07800000000000029 (2.716%)
2025-05-10 09:55:56,581 - INFO - Take Profit calculation:
Entry: 2.872
Stop Loss: 2.95
SL Distance: 0.07800000000000029
Take Profit: 2.735499999999999
2025-05-10 09:55:57,332 - INFO - ===== Trade Successfully Executed =====
Symbol: ORCA/USDT
Type: short
Entry: 2.872
Stop Loss: 2.95
Take Profit: 2.735499999999999
Position Size: 34.81894150417828
Margin Used: 10 USDT
Total Position Value: 100 USDT
Order IDs: Entry=660177645, SL=660177649, TP=660177665
2025-05-10 09:55:58,885 - INFO - 
==================== ENTRY SIGNAL ====================
Symbol: 1000PEPE/USDT
Position: SHORT
Time: 2025-05-10 09:55:58
Cross Pairs: [('2025-05-10 09:55', '2025-05-10 09:40')]
==================================================
2025-05-10 09:55:58,885 - INFO - 
==================== ENTRY SIGNAL ====================
Symbol: 1000PEPE/USDT
Position: SHORT
Time: 2025-05-10 09:55:58
Price: 0.0121621
==================================================
2025-05-10 09:55:58,928 - INFO - Stop Loss Range Calculation:
EMA Cross Time: 2025-05-10 09:55:00+09:00
MACD Cross Time: 2025-05-10 09:40:00+09:00
SL Range: 2025-05-10 09:35:00+09:00 to 2025-05-10 09:40:00+09:00
2025-05-10 09:55:58,928 - INFO - Stop Loss calculation for short:
Data range: 2025-05-10 09:35:00+09:00 to 2025-05-10 09:40:00+09:00
Stop loss price: 0.0125293
Distance from entry: 0.0003619999999999995 (2.975%)
2025-05-10 09:55:58,929 - INFO - Take Profit calculation:
Entry: 0.0121673
Stop Loss: 0.0125293
SL Distance: 0.0003619999999999995
Take Profit: 0.011533800000000002
2025-05-10 09:55:59,679 - INFO - ===== Trade Successfully Executed =====
Symbol: 1000PEPE/USDT
Type: short
Entry: 0.0121673
Stop Loss: 0.0125293
Take Profit: 0.011533800000000002
Position Size: 8218.750256835945
Margin Used: 10 USDT
Total Position Value: 100 USDT
Order IDs: Entry=38364386970, SL=38364387265, TP=38364387649
2025-05-10 09:56:00,791 - INFO - 
==================== ENTRY SIGNAL ====================
Symbol: ATOM/USDT
Position: SHORT
Time: 2025-05-10 09:56:00
Cross Pairs: [('2025-05-10 09:55', '2025-05-10 09:45')]
==================================================
2025-05-10 09:56:00,791 - INFO - 
==================== ENTRY SIGNAL ====================
Symbol: ATOM/USDT
Position: SHORT
Time: 2025-05-10 09:56:00
Price: 4.89
==================================================
2025-05-10 09:56:00,832 - INFO - Stop Loss Range Calculation:
EMA Cross Time: 2025-05-10 09:55:00+09:00
MACD Cross Time: 2025-05-10 09:45:00+09:00
SL Range: 2025-05-10 09:40:00+09:00 to 2025-05-10 09:45:00+09:00
2025-05-10 09:56:00,833 - INFO - Stop Loss calculation for short:
Data range: 2025-05-10 09:40:00+09:00 to 2025-05-10 09:45:00+09:00
Stop loss price: 4.982
Distance from entry: 0.08999999999999986 (1.840%)
2025-05-10 09:56:00,833 - INFO - Take Profit calculation:
Entry: 4.892
Stop Loss: 4.982
SL Distance: 0.08999999999999986
Take Profit: 4.734500000000001
2025-05-10 09:56:01,571 - INFO - ===== Trade Successfully Executed =====
Symbol: ATOM/USDT
Type: short
Entry: 4.892
Stop Loss: 4.982
Take Profit: 4.734500000000001
Position Size: 20.441537203597708
Margin Used: 10 USDT
Total Position Value: 100 USDT
Order IDs: Entry=21984437296, SL=21984437323, TP=21984437346
2025-05-10 09:56:05,765 - INFO - 
==================== ENTRY SIGNAL ====================
Symbol: AIXBT/USDT
Position: SHORT
Time: 2025-05-10 09:56:05
Cross Pairs: [('2025-05-10 09:55', '2025-05-10 09:45')]
==================================================
2025-05-10 09:56:05,765 - INFO - 
==================== ENTRY SIGNAL ====================
Symbol: AIXBT/USDT
Position: SHORT
Time: 2025-05-10 09:56:05
Price: 0.21358
==================================================
2025-05-10 09:56:05,806 - INFO - Stop Loss Range Calculation:
EMA Cross Time: 2025-05-10 09:55:00+09:00
MACD Cross Time: 2025-05-10 09:45:00+09:00
SL Range: 2025-05-10 09:40:00+09:00 to 2025-05-10 09:45:00+09:00
2025-05-10 09:56:05,806 - INFO - Stop Loss calculation for short:
Data range: 2025-05-10 09:40:00+09:00 to 2025-05-10 09:45:00+09:00
Stop loss price: 0.22392
Distance from entry: 0.010450000000000015 (4.895%)
2025-05-10 09:56:05,806 - INFO - Take Profit calculation:
Entry: 0.21347
Stop Loss: 0.22392
SL Distance: 0.010450000000000015
Take Profit: 0.19518249999999998
2025-05-10 09:56:05,865 - ERROR - ===== Insufficient Balance =====
Symbol: AIXBT/USDT
Required: 10 USDT
Available: 8.91710469 USDT
2025-05-10 09:56:05,865 - ERROR - Failed to enter position for AIXBT/USDT: Insufficient balance
2025-05-10 09:56:06,495 - INFO - 
==================== ENTRY SIGNAL ====================
Symbol: SUI/USDT
Position: SHORT
Time: 2025-05-10 09:56:06
Cross Pairs: [('2025-05-10 09:55', '2025-05-10 09:35')]
==================================================
2025-05-10 09:56:06,495 - INFO - 
==================== ENTRY SIGNAL ====================
Symbol: SUI/USDT
Position: SHORT
Time: 2025-05-10 09:56:06
Price: 3.8864
==================================================
2025-05-10 09:56:06,538 - INFO - Stop Loss Range Calculation:
EMA Cross Time: 2025-05-10 09:55:00+09:00
MACD Cross Time: 2025-05-10 09:35:00+09:00
SL Range: 2025-05-10 09:30:00+09:00 to 2025-05-10 09:35:00+09:00
2025-05-10 09:56:06,538 - INFO - Stop Loss calculation for short:
Data range: 2025-05-10 09:30:00+09:00 to 2025-05-10 09:35:00+09:00
Stop loss price: 3.9731
Distance from entry: 0.08550000000000013 (2.199%)
2025-05-10 09:56:06,538 - INFO - Take Profit calculation:
Entry: 3.8876
Stop Loss: 3.9731
SL Distance: 0.08550000000000013
Take Profit: 3.7379749999999996
2025-05-10 09:56:06,598 - ERROR - ===== Insufficient Balance =====
Symbol: SUI/USDT
Required: 10 USDT
Available: 8.91710469 USDT
2025-05-10 09:56:06,598 - ERROR - Failed to enter position for SUI/USDT: Insufficient balance
2025-05-10 09:56:07,493 - INFO - 
==================== ENTRY SIGNAL ====================
Symbol: HIVE/USDT
Position: SHORT
Time: 2025-05-10 09:56:07
Cross Pairs: [('2025-05-10 09:50', '2025-05-10 09:35')]
==================================================
2025-05-10 09:56:07,493 - INFO - 
==================== ENTRY SIGNAL ====================
Symbol: HIVE/USDT
Position: SHORT
Time: 2025-05-10 09:56:07
Price: 0.25902
==================================================
2025-05-10 09:56:07,537 - INFO - Stop Loss Range Calculation:
EMA Cross Time: 2025-05-10 09:50:00+09:00
MACD Cross Time: 2025-05-10 09:35:00+09:00
SL Range: 2025-05-10 09:30:00+09:00 to 2025-05-10 09:35:00+09:00
2025-05-10 09:56:07,538 - INFO - Stop Loss calculation for short:
Data range: 2025-05-10 09:30:00+09:00 to 2025-05-10 09:35:00+09:00
Stop loss price: 0.26502
Distance from entry: 0.006000000000000005 (2.316%)
2025-05-10 09:56:07,538 - INFO - Take Profit calculation:
Entry: 0.25902
Stop Loss: 0.26502
SL Distance: 0.006000000000000005
Take Profit: 0.24851999999999996
2025-05-10 09:56:07,595 - ERROR - ===== Insufficient Balance =====
Symbol: HIVE/USDT
Required: 10 USDT
Available: 8.91710469 USDT
2025-05-10 09:56:07,595 - ERROR - Failed to enter position for HIVE/USDT: Insufficient balance
2025-05-10 09:56:08,794 - INFO - 
==================== ENTRY SIGNAL ====================
Symbol: BRETT/USDT
Position: SHORT
Time: 2025-05-10 09:56:08
Cross Pairs: [('2025-05-10 09:50', '2025-05-10 09:40')]
==================================================
2025-05-10 09:56:08,794 - INFO - 
==================== ENTRY SIGNAL ====================
Symbol: BRETT/USDT
Position: SHORT
Time: 2025-05-10 09:56:08
Price: 0.07524
==================================================
2025-05-10 09:56:08,836 - INFO - Stop Loss Range Calculation:
EMA Cross Time: 2025-05-10 09:50:00+09:00
MACD Cross Time: 2025-05-10 09:40:00+09:00
SL Range: 2025-05-10 09:35:00+09:00 to 2025-05-10 09:40:00+09:00
2025-05-10 09:56:08,836 - INFO - Stop Loss calculation for short:
Data range: 2025-05-10 09:35:00+09:00 to 2025-05-10 09:40:00+09:00
Stop loss price: 0.07894
Distance from entry: 0.0037599999999999995 (5.001%)
2025-05-10 09:56:08,837 - INFO - Take Profit calculation:
Entry: 0.07518
Stop Loss: 0.07894
SL Distance: 0.0037599999999999995
Take Profit: 0.0686
2025-05-10 09:56:08,898 - ERROR - ===== Insufficient Balance =====
Symbol: BRETT/USDT
Required: 10 USDT
Available: 8.91710469 USDT
2025-05-10 09:56:08,898 - ERROR - Failed to enter position for BRETT/USDT: Insufficient balance
2025-05-10 09:56:09,446 - INFO - 
==================== ENTRY SIGNAL ====================
Symbol: VANA/USDT
Position: SHORT
Time: 2025-05-10 09:56:09
Cross Pairs: [('2025-05-10 09:55', '2025-05-10 09:40')]
==================================================
2025-05-10 09:56:09,447 - INFO - 
==================== ENTRY SIGNAL ====================
Symbol: VANA/USDT
Position: SHORT
Time: 2025-05-10 09:56:09
Price: 6.235
==================================================
2025-05-10 09:56:09,491 - INFO - Stop Loss Range Calculation:
EMA Cross Time: 2025-05-10 09:55:00+09:00
MACD Cross Time: 2025-05-10 09:40:00+09:00
SL Range: 2025-05-10 09:35:00+09:00 to 2025-05-10 09:40:00+09:00
2025-05-10 09:56:09,491 - INFO - Stop Loss calculation for short:
Data range: 2025-05-10 09:35:00+09:00 to 2025-05-10 09:40:00+09:00
Stop loss price: 6.466
Distance from entry: 0.22200000000000042 (3.555%)
2025-05-10 09:56:09,492 - INFO - Take Profit calculation:
Entry: 6.244
Stop Loss: 6.466
SL Distance: 0.22200000000000042
Take Profit: 5.855499999999999
2025-05-10 09:56:09,548 - ERROR - ===== Insufficient Balance =====
Symbol: VANA/USDT
Required: 10 USDT
Available: 8.91710469 USDT
2025-05-10 09:56:09,548 - ERROR - Failed to enter position for VANA/USDT: Insufficient balance
2025-05-10 10:00:40,598 - INFO - 
==================== ENTRY SIGNAL ====================
Symbol: ACX/USDT
Position: SHORT
Time: 2025-05-10 10:00:40
Cross Pairs: [('2025-05-10 10:00', '2025-05-10 09:45')]
==================================================
2025-05-10 10:00:40,598 - INFO - 
==================== ENTRY SIGNAL ====================
Symbol: ACX/USDT
Position: SHORT
Time: 2025-05-10 10:00:40
Price: 0.2508
==================================================
2025-05-10 10:00:40,641 - INFO - Stop Loss Range Calculation:
EMA Cross Time: 2025-05-10 10:00:00+09:00
MACD Cross Time: 2025-05-10 09:45:00+09:00
SL Range: 2025-05-10 09:40:00+09:00 to 2025-05-10 09:45:00+09:00
2025-05-10 10:00:40,641 - INFO - Stop Loss calculation for short:
Data range: 2025-05-10 09:40:00+09:00 to 2025-05-10 09:45:00+09:00
Stop loss price: 0.2556
Distance from entry: 0.004799999999999971 (1.914%)
2025-05-10 10:00:40,642 - INFO - Take Profit calculation:
Entry: 0.2508
Stop Loss: 0.2556
SL Distance: 0.004799999999999971
Take Profit: 0.24240000000000006
2025-05-10 10:00:40,694 - ERROR - ===== Insufficient Balance =====
Symbol: ACX/USDT
Required: 10 USDT
Available: 8.9189197 USDT
2025-05-10 10:00:40,694 - ERROR - Failed to enter position for ACX/USDT: Insufficient balance
2025-05-10 10:00:45,850 - INFO - 
==================== ENTRY SIGNAL ====================
Symbol: AIXBT/USDT
Position: SHORT
Time: 2025-05-10 10:00:45
Cross Pairs: [('2025-05-10 09:55', '2025-05-10 09:45')]
==================================================
2025-05-10 10:00:45,850 - INFO - 
==================== ENTRY SIGNAL ====================
Symbol: AIXBT/USDT
Position: SHORT
Time: 2025-05-10 10:00:45
Price: 0.21449
==================================================
2025-05-10 10:00:45,893 - INFO - Stop Loss Range Calculation:
EMA Cross Time: 2025-05-10 09:55:00+09:00
MACD Cross Time: 2025-05-10 09:45:00+09:00
SL Range: 2025-05-10 09:40:00+09:00 to 2025-05-10 09:45:00+09:00
2025-05-10 10:00:45,893 - INFO - Stop Loss calculation for short:
Data range: 2025-05-10 09:40:00+09:00 to 2025-05-10 09:45:00+09:00
Stop loss price: 0.22392
Distance from entry: 0.009430000000000022 (4.396%)
2025-05-10 10:00:45,894 - INFO - Take Profit calculation:
Entry: 0.21449
Stop Loss: 0.22392
SL Distance: 0.009430000000000022
Take Profit: 0.19798749999999996
2025-05-10 10:00:45,949 - ERROR - ===== Insufficient Balance =====
Symbol: AIXBT/USDT
Required: 10 USDT
Available: 8.9189197 USDT
2025-05-10 10:00:45,949 - ERROR - Failed to enter position for AIXBT/USDT: Insufficient balance
2025-05-10 10:00:47,668 - INFO - 
==================== ENTRY SIGNAL ====================
Symbol: COW/USDT
Position: SHORT
Time: 2025-05-10 10:00:47
Cross Pairs: [('2025-05-10 10:00', '2025-05-10 09:50')]
==================================================
2025-05-10 10:00:47,668 - INFO - 
==================== ENTRY SIGNAL ====================
Symbol: COW/USDT
Position: SHORT
Time: 2025-05-10 10:00:47
Price: 0.3639
==================================================
2025-05-10 10:00:47,709 - INFO - Stop Loss Range Calculation:
EMA Cross Time: 2025-05-10 10:00:00+09:00
MACD Cross Time: 2025-05-10 09:50:00+09:00
SL Range: 2025-05-10 09:45:00+09:00 to 2025-05-10 09:50:00+09:00
2025-05-10 10:00:47,709 - INFO - Stop Loss calculation for short:
Data range: 2025-05-10 09:45:00+09:00 to 2025-05-10 09:50:00+09:00
Stop loss price: 0.3735
Distance from entry: 0.009599999999999997 (2.638%)
2025-05-10 10:00:47,709 - INFO - Take Profit calculation:
Entry: 0.3639
Stop Loss: 0.3735
SL Distance: 0.009599999999999997
Take Profit: 0.3471
2025-05-10 10:00:47,770 - ERROR - ===== Insufficient Balance =====
Symbol: COW/USDT
Required: 10 USDT
Available: 8.9189197 USDT
2025-05-10 10:00:47,770 - ERROR - Failed to enter position for COW/USDT: Insufficient balance
2025-05-10 10:00:48,801 - INFO - 
==================== ENTRY SIGNAL ====================
Symbol: BRETT/USDT
Position: SHORT
Time: 2025-05-10 10:00:48
Cross Pairs: [('2025-05-10 09:50', '2025-05-10 09:40')]
==================================================
2025-05-10 10:00:48,802 - INFO - 
==================== ENTRY SIGNAL ====================
Symbol: BRETT/USDT
Position: SHORT
Time: 2025-05-10 10:00:48
Price: 0.07626
==================================================
2025-05-10 10:00:48,843 - INFO - Stop Loss Range Calculation:
EMA Cross Time: 2025-05-10 09:50:00+09:00
MACD Cross Time: 2025-05-10 09:40:00+09:00
SL Range: 2025-05-10 09:35:00+09:00 to 2025-05-10 09:40:00+09:00
2025-05-10 10:00:48,843 - INFO - Stop Loss calculation for short:
Data range: 2025-05-10 09:35:00+09:00 to 2025-05-10 09:40:00+09:00
Stop loss price: 0.07894
Distance from entry: 0.0026599999999999957 (3.487%)
2025-05-10 10:00:48,843 - INFO - Take Profit calculation:
Entry: 0.07628
Stop Loss: 0.07894
SL Distance: 0.0026599999999999957
Take Profit: 0.07162500000000001
2025-05-10 10:00:48,903 - ERROR - ===== Insufficient Balance =====
Symbol: BRETT/USDT
Required: 10 USDT
Available: 8.9189197 USDT
2025-05-10 10:00:48,903 - ERROR - Failed to enter position for BRETT/USDT: Insufficient balance
2025-05-10 10:00:49,457 - INFO - 
==================== ENTRY SIGNAL ====================
Symbol: VANA/USDT
Position: SHORT
Time: 2025-05-10 10:00:49
Cross Pairs: [('2025-05-10 09:55', '2025-05-10 09:40')]
==================================================
2025-05-10 10:00:49,457 - INFO - 
==================== ENTRY SIGNAL ====================
Symbol: VANA/USDT
Position: SHORT
Time: 2025-05-10 10:00:49
Price: 6.233
==================================================
2025-05-10 10:00:49,508 - INFO - Stop Loss Range Calculation:
EMA Cross Time: 2025-05-10 09:55:00+09:00
MACD Cross Time: 2025-05-10 09:40:00+09:00
SL Range: 2025-05-10 09:35:00+09:00 to 2025-05-10 09:40:00+09:00
2025-05-10 10:00:49,508 - INFO - Stop Loss calculation for short:
Data range: 2025-05-10 09:35:00+09:00 to 2025-05-10 09:40:00+09:00
Stop loss price: 6.466
Distance from entry: 0.22599999999999998 (3.622%)
2025-05-10 10:00:49,509 - INFO - Take Profit calculation:
Entry: 6.24
Stop Loss: 6.466
SL Distance: 0.22599999999999998
Take Profit: 5.8445
2025-05-10 10:00:49,550 - ERROR - ===== Insufficient Balance =====
Symbol: VANA/USDT
Required: 10 USDT
Available: 8.9189197 USDT
2025-05-10 10:00:49,551 - ERROR - Failed to enter position for VANA/USDT: Insufficient balance
2025-05-10 10:05:21,152 - INFO - 
==================== ENTRY SIGNAL ====================
Symbol: ACX/USDT
Position: SHORT
Time: 2025-05-10 10:05:21
Cross Pairs: [('2025-05-10 10:05', '2025-05-10 09:45')]
==================================================
2025-05-10 10:05:21,152 - INFO - 
==================== ENTRY SIGNAL ====================
Symbol: ACX/USDT
Position: SHORT
Time: 2025-05-10 10:05:21
Price: 0.252
==================================================
2025-05-10 10:05:21,194 - INFO - Stop Loss Range Calculation:
EMA Cross Time: 2025-05-10 10:05:00+09:00
MACD Cross Time: 2025-05-10 09:45:00+09:00
SL Range: 2025-05-10 09:40:00+09:00 to 2025-05-10 09:45:00+09:00
2025-05-10 10:05:21,194 - INFO - Stop Loss calculation for short:
Data range: 2025-05-10 09:40:00+09:00 to 2025-05-10 09:45:00+09:00
Stop loss price: 0.2556
Distance from entry: 0.003599999999999992 (1.429%)
2025-05-10 10:05:21,194 - INFO - Take Profit calculation:
Entry: 0.252
Stop Loss: 0.2556
SL Distance: 0.003599999999999992
Take Profit: 0.24570000000000003
2025-05-10 10:05:21,253 - ERROR - ===== Insufficient Balance =====
Symbol: ACX/USDT
Required: 10 USDT
Available: 8.9189197 USDT
2025-05-10 10:05:21,254 - ERROR - Failed to enter position for ACX/USDT: Insufficient balance
2025-05-10 10:05:26,432 - INFO - 
==================== ENTRY SIGNAL ====================
Symbol: AIXBT/USDT
Position: SHORT
Time: 2025-05-10 10:05:26
Cross Pairs: [('2025-05-10 09:55', '2025-05-10 09:45')]
==================================================
2025-05-10 10:05:26,432 - INFO - 
==================== ENTRY SIGNAL ====================
Symbol: AIXBT/USDT
Position: SHORT
Time: 2025-05-10 10:05:26
Price: 0.21874
==================================================
2025-05-10 10:05:26,474 - INFO - Stop Loss Range Calculation:
EMA Cross Time: 2025-05-10 09:55:00+09:00
MACD Cross Time: 2025-05-10 09:45:00+09:00
SL Range: 2025-05-10 09:40:00+09:00 to 2025-05-10 09:45:00+09:00
2025-05-10 10:05:26,474 - INFO - Stop Loss calculation for short:
Data range: 2025-05-10 09:40:00+09:00 to 2025-05-10 09:45:00+09:00
Stop loss price: 0.22392
Distance from entry: 0.005150000000000016 (2.354%)
2025-05-10 10:05:26,475 - INFO - Take Profit calculation:
Entry: 0.21877
Stop Loss: 0.22392
SL Distance: 0.005150000000000016
Take Profit: 0.20975749999999996
2025-05-10 10:05:26,534 - ERROR - ===== Insufficient Balance =====
Symbol: AIXBT/USDT
Required: 10 USDT
Available: 8.9189197 USDT
2025-05-10 10:05:26,534 - ERROR - Failed to enter position for AIXBT/USDT: Insufficient balance
2025-05-10 10:05:28,235 - INFO - 
==================== ENTRY SIGNAL ====================
Symbol: COW/USDT
Position: SHORT
Time: 2025-05-10 10:05:28
Cross Pairs: [('2025-05-10 10:00', '2025-05-10 09:50')]
==================================================
2025-05-10 10:05:28,235 - INFO - 
==================== ENTRY SIGNAL ====================
Symbol: COW/USDT
Position: SHORT
Time: 2025-05-10 10:05:28
Price: 0.3654
==================================================
2025-05-10 10:05:28,276 - INFO - Stop Loss Range Calculation:
EMA Cross Time: 2025-05-10 10:00:00+09:00
MACD Cross Time: 2025-05-10 09:50:00+09:00
SL Range: 2025-05-10 09:45:00+09:00 to 2025-05-10 09:50:00+09:00
2025-05-10 10:05:28,276 - INFO - Stop Loss calculation for short:
Data range: 2025-05-10 09:45:00+09:00 to 2025-05-10 09:50:00+09:00
Stop loss price: 0.3735
Distance from entry: 0.008099999999999996 (2.217%)
2025-05-10 10:05:28,276 - INFO - Take Profit calculation:
Entry: 0.3654
Stop Loss: 0.3735
SL Distance: 0.008099999999999996
Take Profit: 0.351225
2025-05-10 10:05:28,336 - ERROR - ===== Insufficient Balance =====
Symbol: COW/USDT
Required: 10 USDT
Available: 8.9189197 USDT
2025-05-10 10:05:28,337 - ERROR - Failed to enter position for COW/USDT: Insufficient balance
2025-05-10 10:10:07,099 - INFO - 
==================== ENTRY SIGNAL ====================
Symbol: COW/USDT
Position: SHORT
Time: 2025-05-10 10:10:07
Cross Pairs: [('2025-05-10 10:00', '2025-05-10 09:50')]
==================================================
2025-05-10 10:10:07,100 - INFO - 
==================== ENTRY SIGNAL ====================
Symbol: COW/USDT
Position: SHORT
Time: 2025-05-10 10:10:07
Price: 0.3643
==================================================
2025-05-10 10:10:07,140 - INFO - Stop Loss Range Calculation:
EMA Cross Time: 2025-05-10 10:00:00+09:00
MACD Cross Time: 2025-05-10 09:50:00+09:00
SL Range: 2025-05-10 09:45:00+09:00 to 2025-05-10 09:50:00+09:00
2025-05-10 10:10:07,141 - INFO - Stop Loss calculation for short:
Data range: 2025-05-10 09:45:00+09:00 to 2025-05-10 09:50:00+09:00
Stop loss price: 0.3735
Distance from entry: 0.009299999999999975 (2.554%)
2025-05-10 10:10:07,141 - INFO - Take Profit calculation:
Entry: 0.3642
Stop Loss: 0.3735
SL Distance: 0.009299999999999975
Take Profit: 0.34792500000000004
2025-05-10 10:10:07,199 - ERROR - ===== Insufficient Balance =====
Symbol: COW/USDT
Required: 10 USDT
Available: 8.9189197 USDT
2025-05-10 10:10:07,199 - ERROR - Failed to enter position for COW/USDT: Insufficient balance
2025-05-10 10:15:49,625 - INFO - Position closed or order timeout after 559.8 minutes for 1000PEPE/USDT, cleaning up orders...
2025-05-10 10:15:49,811 - INFO - Found 1 open orders to cancel for 1000PEPE/USDT
2025-05-10 10:15:49,881 - INFO - Successfully cancelled order:
Symbol: 1000PEPE/USDT
Order ID: 38364387649
Type: take_profit
Side: buy
2025-05-10 10:15:49,881 - INFO - Position Closed - Manual
Symbol: 1000PEPE/USDT
Time: 2025-05-10 10:15:49.881247
Position Type: short

2025-05-10 10:25:12,254 - INFO - 
==================== ENTRY SIGNAL ====================
Symbol: AIXBT/USDT
Position: LONG
Time: 2025-05-10 10:25:12
Cross Pairs: [('2025-05-10 10:20', '2025-05-10 10:20')]
==================================================
2025-05-10 10:25:12,254 - INFO - 
==================== ENTRY SIGNAL ====================
Symbol: AIXBT/USDT
Position: LONG
Time: 2025-05-10 10:25:12
Price: 0.22584
==================================================
2025-05-10 10:25:12,295 - INFO - Stop Loss Range Calculation:
EMA Cross Time: 2025-05-10 10:20:00+09:00
MACD Cross Time: 2025-05-10 10:20:00+09:00
SL Range: 2025-05-10 10:15:00+09:00 to 2025-05-10 10:20:00+09:00
2025-05-10 10:25:12,295 - INFO - Stop Loss calculation for long:
Data range: 2025-05-10 10:15:00+09:00 to 2025-05-10 10:20:00+09:00
Stop loss price: 0.21972
Distance from entry: 0.005980000000000013 (2.650%)
2025-05-10 10:25:12,295 - INFO - Take Profit calculation:
Entry: 0.2257
Stop Loss: 0.21972
SL Distance: 0.005980000000000013
Take Profit: 0.23616500000000004
2025-05-10 10:25:13,034 - INFO - ===== Trade Successfully Executed =====
Symbol: AIXBT/USDT
Type: long
Entry: 0.2257
Stop Loss: 0.21972
Take Profit: 0.23616500000000004
Position Size: 443.0660168365086
Margin Used: 10 USDT
Total Position Value: 100 USDT
Order IDs: Entry=2465833973, SL=2465834032, TP=2465834042
2025-05-10 10:49:34,222 - INFO - Position closed or order timeout after 564.3 minutes for AIXBT/USDT, cleaning up orders...
2025-05-10 10:49:34,401 - INFO - Found 1 open orders to cancel for AIXBT/USDT
2025-05-10 10:49:34,472 - INFO - Successfully cancelled order:
Symbol: AIXBT/USDT
Order ID: 2465834042
Type: take_profit
Side: sell
2025-05-10 10:49:34,473 - INFO - Position Closed - Manual
Symbol: AIXBT/USDT
Time: 2025-05-10 10:49:34.473732
Position Type: long

2025-05-10 10:50:39,440 - INFO - 
==================== ENTRY SIGNAL ====================
Symbol: HIPPO/USDT
Position: SHORT
Time: 2025-05-10 10:50:39
Cross Pairs: [('2025-05-10 10:45', '2025-05-10 10:30')]
==================================================
2025-05-10 10:50:39,441 - INFO - 
==================== ENTRY SIGNAL ====================
Symbol: HIPPO/USDT
Position: SHORT
Time: 2025-05-10 10:50:39
Price: 0.002621
==================================================
2025-05-10 10:50:39,484 - INFO - Stop Loss Range Calculation:
EMA Cross Time: 2025-05-10 10:45:00+09:00
MACD Cross Time: 2025-05-10 10:30:00+09:00
SL Range: 2025-05-10 10:25:00+09:00 to 2025-05-10 10:30:00+09:00
2025-05-10 10:50:39,484 - INFO - Stop Loss calculation for short:
Data range: 2025-05-10 10:25:00+09:00 to 2025-05-10 10:30:00+09:00
Stop loss price: 0.003255
Distance from entry: 0.0006299999999999999 (24.000%)
2025-05-10 10:50:39,484 - INFO - Take Profit calculation:
Entry: 0.002625
Stop Loss: 0.003255
SL Distance: 0.0006299999999999999
Take Profit: 0.0015225000000000004
2025-05-10 10:50:40,222 - INFO - ===== Trade Successfully Executed =====
Symbol: HIPPO/USDT
Type: short
Entry: 0.002625
Stop Loss: 0.003255
Take Profit: 0.0015225000000000004
Position Size: 38095.23809523809
Margin Used: 10 USDT
Total Position Value: 100 USDT
Order IDs: Entry=877986307, SL=877986415, TP=877986422
2025-05-10 10:51:51,377 - INFO - Trailing Stop Added (Original SL maintained)
Symbol: HIPPO/USDT
Time: 2025-05-10 10:51:51.377416
Entry: 0.002625
Current Price: 0.002507
Original SL: Maintained
Trailing SL: 0.00259875
Profit %: 4.50%
Trailing Order ID: 878029984
2025-05-10 10:53:00,382 - INFO - Position closed or order timeout after 542.3 minutes for HIPPO/USDT, cleaning up orders...
2025-05-10 10:53:00,566 - INFO - Found 2 open orders to cancel for HIPPO/USDT
2025-05-10 10:53:00,626 - INFO - Successfully cancelled order:
Symbol: HIPPO/USDT
Order ID: 877986415
Type: stop
Side: buy
2025-05-10 10:53:00,687 - INFO - Successfully cancelled order:
Symbol: HIPPO/USDT
Order ID: 877986422
Type: take_profit
Side: buy
2025-05-10 10:53:00,687 - INFO - Position Closed - Manual
Symbol: HIPPO/USDT
Time: 2025-05-10 10:53:00.687530
Position Type: short

2025-05-10 10:55:25,148 - INFO - 
==================== ENTRY SIGNAL ====================
Symbol: AIXBT/USDT
Position: SHORT
Time: 2025-05-10 10:55:25
Cross Pairs: [('2025-05-10 10:55', '2025-05-10 10:45')]
==================================================
2025-05-10 10:55:25,148 - INFO - 
==================== ENTRY SIGNAL ====================
Symbol: AIXBT/USDT
Position: SHORT
Time: 2025-05-10 10:55:25
Price: 0.21656
==================================================
2025-05-10 10:55:25,194 - INFO - Stop Loss Range Calculation:
EMA Cross Time: 2025-05-10 10:55:00+09:00
MACD Cross Time: 2025-05-10 10:45:00+09:00
SL Range: 2025-05-10 10:40:00+09:00 to 2025-05-10 10:45:00+09:00
2025-05-10 10:55:25,195 - INFO - Stop Loss calculation for short:
Data range: 2025-05-10 10:40:00+09:00 to 2025-05-10 10:45:00+09:00
Stop loss price: 0.22574
Distance from entry: 0.009179999999999994 (4.239%)
2025-05-10 10:55:25,195 - INFO - Take Profit calculation:
Entry: 0.21656
Stop Loss: 0.22574
SL Distance: 0.009179999999999994
Take Profit: 0.200495
2025-05-10 10:55:25,928 - INFO - ===== Trade Successfully Executed =====
Symbol: AIXBT/USDT
Type: short
Entry: 0.21656
Stop Loss: 0.22574
Take Profit: 0.200495
Position Size: 461.76579239009976
Margin Used: 10 USDT
Total Position Value: 100 USDT
Order IDs: Entry=2466325224, SL=2466325252, TP=2466325361
2025-05-10 11:40:43,519 - INFO - 
==================== ENTRY SIGNAL ====================
Symbol: GOAT/USDT
Position: LONG
Time: 2025-05-10 11:40:43
Cross Pairs: [('2025-05-10 11:40', '2025-05-10 11:25')]
==================================================
2025-05-10 11:40:43,520 - INFO - 
==================== ENTRY SIGNAL ====================
Symbol: GOAT/USDT
Position: LONG
Time: 2025-05-10 11:40:43
Price: 0.16306
==================================================
2025-05-10 11:40:43,561 - INFO - Stop Loss Range Calculation:
EMA Cross Time: 2025-05-10 11:40:00+09:00
MACD Cross Time: 2025-05-10 11:25:00+09:00
SL Range: 2025-05-10 11:20:00+09:00 to 2025-05-10 11:25:00+09:00
2025-05-10 11:40:43,561 - INFO - Stop Loss calculation for long:
Data range: 2025-05-10 11:20:00+09:00 to 2025-05-10 11:25:00+09:00
Stop loss price: 0.15753
Distance from entry: 0.00544 (3.338%)
2025-05-10 11:40:43,561 - INFO - Take Profit calculation:
Entry: 0.16297
Stop Loss: 0.15753
SL Distance: 0.00544
Take Profit: 0.17249
2025-05-10 11:40:43,621 - ERROR - ===== Insufficient Balance =====
Symbol: GOAT/USDT
Required: 10 USDT
Available: 4.22701266 USDT
2025-05-10 11:40:43,621 - ERROR - Failed to enter position for GOAT/USDT: Insufficient balance
2025-05-10 11:45:22,473 - INFO - 
==================== ENTRY SIGNAL ====================
Symbol: GOAT/USDT
Position: LONG
Time: 2025-05-10 11:45:22
Cross Pairs: [('2025-05-10 11:40', '2025-05-10 11:25')]
==================================================
2025-05-10 11:45:22,473 - INFO - 
==================== ENTRY SIGNAL ====================
Symbol: GOAT/USDT
Position: LONG
Time: 2025-05-10 11:45:22
Price: 0.16531
==================================================
2025-05-10 11:45:22,518 - INFO - Stop Loss Range Calculation:
EMA Cross Time: 2025-05-10 11:40:00+09:00
MACD Cross Time: 2025-05-10 11:25:00+09:00
SL Range: 2025-05-10 11:20:00+09:00 to 2025-05-10 11:25:00+09:00
2025-05-10 11:45:22,518 - INFO - Stop Loss calculation for long:
Data range: 2025-05-10 11:20:00+09:00 to 2025-05-10 11:25:00+09:00
Stop loss price: 0.15753
Distance from entry: 0.007769999999999999 (4.701%)
2025-05-10 11:45:22,518 - INFO - Take Profit calculation:
Entry: 0.1653
Stop Loss: 0.15753
SL Distance: 0.007769999999999999
Take Profit: 0.1788975
2025-05-10 11:45:22,571 - ERROR - ===== Insufficient Balance =====
Symbol: GOAT/USDT
Required: 10 USDT
Available: 4.22701266 USDT
2025-05-10 11:45:22,571 - ERROR - Failed to enter position for GOAT/USDT: Insufficient balance
2025-05-10 13:35:40,019 - INFO - Position closed or order timeout after 700.2 minutes for AIXBT/USDT, cleaning up orders...
2025-05-10 13:35:40,209 - INFO - Found 2 open orders to cancel for AIXBT/USDT
2025-05-10 13:35:40,273 - INFO - Successfully cancelled order:
Symbol: AIXBT/USDT
Order ID: 2466325252
Type: stop
Side: buy
2025-05-10 13:35:40,338 - INFO - Successfully cancelled order:
Symbol: AIXBT/USDT
Order ID: 2466325361
Type: take_profit
Side: buy
2025-05-10 13:35:40,338 - INFO - Position Closed - Manual
Symbol: AIXBT/USDT
Time: 2025-05-10 13:35:40.338158
Position Type: short

2025-05-10 14:40:35,108 - INFO - 
==================== ENTRY SIGNAL ====================
Symbol: MOODENG/USDT
Position: SHORT
Time: 2025-05-10 14:40:35
Cross Pairs: [('2025-05-10 14:40', '2025-05-10 14:20')]
==================================================
2025-05-10 14:40:35,108 - INFO - 
==================== ENTRY SIGNAL ====================
Symbol: MOODENG/USDT
Position: SHORT
Time: 2025-05-10 14:40:35
Price: 0.13109
==================================================
2025-05-10 14:40:35,151 - INFO - Stop Loss Range Calculation:
EMA Cross Time: 2025-05-10 14:40:00+09:00
MACD Cross Time: 2025-05-10 14:20:00+09:00
SL Range: 2025-05-10 14:15:00+09:00 to 2025-05-10 14:20:00+09:00
2025-05-10 14:40:35,151 - INFO - Stop Loss calculation for short:
Data range: 2025-05-10 14:15:00+09:00 to 2025-05-10 14:20:00+09:00
Stop loss price: 0.13595
Distance from entry: 0.004839999999999983 (3.692%)
2025-05-10 14:40:35,151 - INFO - Take Profit calculation:
Entry: 0.13111
Stop Loss: 0.13595
SL Distance: 0.004839999999999983
Take Profit: 0.12264000000000003
2025-05-10 14:40:35,887 - INFO - ===== Trade Successfully Executed =====
Symbol: MOODENG/USDT
Type: short
Entry: 0.13111
Stop Loss: 0.13595
Take Profit: 0.12264000000000003
Position Size: 762.7183281214247
Margin Used: 10 USDT
Total Position Value: 100 USDT
Order IDs: Entry=2770886761, SL=2770886880, TP=2770886915
2025-05-10 15:17:47,170 - INFO - Position closed or order timeout after 861.8 minutes for ATOM/USDT, cleaning up orders...
2025-05-10 15:17:47,358 - INFO - Found 1 open orders to cancel for ATOM/USDT
2025-05-10 15:17:47,421 - INFO - Successfully cancelled order:
Symbol: ATOM/USDT
Order ID: 21984437346
Type: take_profit
Side: buy
2025-05-10 15:17:47,421 - INFO - Position Closed - Manual
Symbol: ATOM/USDT
Time: 2025-05-10 15:17:47.421087
Position Type: short

2025-05-10 15:20:03,434 - INFO - Position closed or order timeout after 864.1 minutes for ORCA/USDT, cleaning up orders...
2025-05-10 15:20:03,665 - INFO - Found 1 open orders to cancel for ORCA/USDT
2025-05-10 15:20:03,732 - INFO - Successfully cancelled order:
Symbol: ORCA/USDT
Order ID: 660177665
Type: take_profit
Side: buy
2025-05-10 15:20:03,732 - INFO - Position Closed - Manual
Symbol: ORCA/USDT
Time: 2025-05-10 15:20:03.732437
Position Type: short

2025-05-10 15:35:09,208 - INFO - 
==================== ENTRY SIGNAL ====================
Symbol: HIPPO/USDT
Position: LONG
Time: 2025-05-10 15:35:09
Cross Pairs: [('2025-05-10 15:30', '2025-05-10 15:20')]
==================================================
2025-05-10 15:35:09,213 - INFO - 
==================== ENTRY SIGNAL ====================
Symbol: HIPPO/USDT
Position: LONG
Time: 2025-05-10 15:35:09
Price: 0.002854
==================================================
2025-05-10 15:35:09,255 - INFO - Stop Loss Range Calculation:
EMA Cross Time: 2025-05-10 15:30:00+09:00
MACD Cross Time: 2025-05-10 15:20:00+09:00
SL Range: 2025-05-10 15:15:00+09:00 to 2025-05-10 15:20:00+09:00
2025-05-10 15:35:09,256 - INFO - Stop Loss calculation for long:
Data range: 2025-05-10 15:15:00+09:00 to 2025-05-10 15:20:00+09:00
Stop loss price: 0.002777
Distance from entry: 7.700000000000025e-05 (2.698%)
2025-05-10 15:35:09,257 - INFO - Take Profit calculation:
Entry: 0.002854
Stop Loss: 0.002777
SL Distance: 7.700000000000025e-05
Take Profit: 0.0029887500000000005
2025-05-10 15:35:09,982 - INFO - ===== Trade Successfully Executed =====
Symbol: HIPPO/USDT
Type: long
Entry: 0.002854
Stop Loss: 0.002777
Take Profit: 0.0029887500000000005
Position Size: 35038.542396636294
Margin Used: 10 USDT
Total Position Value: 100 USDT
Order IDs: Entry=879168518, SL=879168523, TP=879168530
2025-05-10 15:45:35,391 - INFO - 
==================== ENTRY SIGNAL ====================
Symbol: DOGS/USDT
Position: LONG
Time: 2025-05-10 15:45:35
Cross Pairs: [('2025-05-10 15:40', '2025-05-10 15:30')]
==================================================
2025-05-10 15:45:35,391 - INFO - 
==================== ENTRY SIGNAL ====================
Symbol: DOGS/USDT
Position: LONG
Time: 2025-05-10 15:45:35
Price: 0.0002144
==================================================
2025-05-10 15:45:35,440 - INFO - Stop Loss Range Calculation:
EMA Cross Time: 2025-05-10 15:40:00+09:00
MACD Cross Time: 2025-05-10 15:30:00+09:00
SL Range: 2025-05-10 15:25:00+09:00 to 2025-05-10 15:30:00+09:00
2025-05-10 15:45:35,441 - INFO - Stop Loss calculation for long:
Data range: 2025-05-10 15:25:00+09:00 to 2025-05-10 15:30:00+09:00
Stop loss price: 0.0002096
Distance from entry: 4.800000000000008e-06 (2.239%)
2025-05-10 15:45:35,441 - INFO - Take Profit calculation:
Entry: 0.0002144
Stop Loss: 0.0002096
SL Distance: 4.800000000000008e-06
Take Profit: 0.00022280000000000002
2025-05-10 15:45:36,154 - INFO - ===== Trade Successfully Executed =====
Symbol: DOGS/USDT
Type: long
Entry: 0.0002144
Stop Loss: 0.0002096
Take Profit: 0.00022280000000000002
Position Size: 466417.9104477612
Margin Used: 10 USDT
Total Position Value: 100 USDT
Order IDs: Entry=2996538586, SL=2996538611, TP=2996538624
2025-05-10 15:46:47,796 - INFO - Position closed or order timeout after 541.2 minutes for DOGS/USDT, cleaning up orders...
2025-05-10 15:46:47,982 - INFO - Found 3 open orders to cancel for DOGS/USDT
2025-05-10 15:46:48,044 - INFO - Successfully cancelled order:
Symbol: DOGS/USDT
Order ID: 2996538586
Type: limit
Side: buy
2025-05-10 15:46:48,200 - INFO - Successfully cancelled order:
Symbol: DOGS/USDT
Order ID: 2996538611
Type: stop
Side: sell
2025-05-10 15:46:48,248 - INFO - Successfully cancelled order:
Symbol: DOGS/USDT
Order ID: 2996538624
Type: take_profit
Side: sell
2025-05-10 15:46:48,248 - INFO - Position Closed - Manual
Symbol: DOGS/USDT
Time: 2025-05-10 15:46:48.248271
Position Type: long

2025-05-10 15:52:39,235 - INFO - Trailing Stop Added (Original SL maintained)
Symbol: MOODENG/USDT
Time: 2025-05-10 15:52:39.235457
Entry: 0.13111
Current Price: 0.12715
Original SL: Maintained
Trailing SL: 0.1297989
Profit %: 3.02%
Trailing Order ID: 2772883762
2025-05-10 16:07:43,020 - INFO - Position closed or order timeout after 627.1 minutes for MOODENG/USDT, cleaning up orders...
2025-05-10 16:07:43,206 - INFO - Found 2 open orders to cancel for MOODENG/USDT
2025-05-10 16:07:43,334 - INFO - Successfully cancelled order:
Symbol: MOODENG/USDT
Order ID: 2770886880
Type: stop
Side: buy
2025-05-10 16:07:43,374 - INFO - Successfully cancelled order:
Symbol: MOODENG/USDT
Order ID: 2770886915
Type: take_profit
Side: buy
2025-05-10 16:07:43,375 - INFO - Position Closed - Manual
Symbol: MOODENG/USDT
Time: 2025-05-10 16:07:43.375435
Position Type: short

2025-05-10 16:19:16,059 - INFO - Trailing Stop Added (Original SL maintained)
Symbol: HIPPO/USDT
Time: 2025-05-10 16:19:16.059890
Entry: 0.002854
Current Price: 0.002951
Original SL: Maintained
Trailing SL: 0.0028825400000000003
Profit %: 3.40%
Trailing Order ID: 879299616
2025-05-10 16:21:36,199 - INFO - Position closed or order timeout after 586.4 minutes for HIPPO/USDT, cleaning up orders...
2025-05-10 16:21:36,384 - INFO - Found 2 open orders to cancel for HIPPO/USDT
2025-05-10 16:21:36,447 - INFO - Successfully cancelled order:
Symbol: HIPPO/USDT
Order ID: 879168523
Type: stop
Side: sell
2025-05-10 16:21:36,511 - INFO - Successfully cancelled order:
Symbol: HIPPO/USDT
Order ID: 879299616
Type: stop
Side: sell
2025-05-10 16:21:36,512 - INFO - Position Closed - Manual
Symbol: HIPPO/USDT
Time: 2025-05-10 16:21:36.512424
Position Type: long

2025-05-10 16:45:51,728 - INFO - 
==================== ENTRY SIGNAL ====================
Symbol: ACX/USDT
Position: SHORT
Time: 2025-05-10 16:45:51
Cross Pairs: [('2025-05-10 16:45', '2025-05-10 16:30')]
==================================================
2025-05-10 16:45:51,728 - INFO - 
==================== ENTRY SIGNAL ====================
Symbol: ACX/USDT
Position: SHORT
Time: 2025-05-10 16:45:51
Price: 0.2532
==================================================
2025-05-10 16:45:51,768 - INFO - Stop Loss Range Calculation:
EMA Cross Time: 2025-05-10 16:45:00+09:00
MACD Cross Time: 2025-05-10 16:30:00+09:00
SL Range: 2025-05-10 16:25:00+09:00 to 2025-05-10 16:30:00+09:00
2025-05-10 16:45:51,769 - INFO - Stop Loss calculation for short:
Data range: 2025-05-10 16:25:00+09:00 to 2025-05-10 16:30:00+09:00
Stop loss price: 0.258
Distance from entry: 0.0048000000000000265 (1.896%)
2025-05-10 16:45:51,769 - INFO - Take Profit calculation:
Entry: 0.2532
Stop Loss: 0.258
SL Distance: 0.0048000000000000265
Take Profit: 0.24479999999999993
2025-05-10 16:45:52,508 - INFO - ===== Trade Successfully Executed =====
Symbol: ACX/USDT
Type: short
Entry: 0.2532
Stop Loss: 0.258
Take Profit: 0.24479999999999993
Position Size: 394.94470774091633
Margin Used: 10 USDT
Total Position Value: 100 USDT
Order IDs: Entry=445308449, SL=445308463, TP=445308468
2025-05-10 17:50:48,615 - INFO - 
==================== ENTRY SIGNAL ====================
Symbol: AIXBT/USDT
Position: SHORT
Time: 2025-05-10 17:50:48
Cross Pairs: [('2025-05-10 17:50', '2025-05-10 17:35')]
==================================================
2025-05-10 17:50:48,615 - INFO - 
==================== ENTRY SIGNAL ====================
Symbol: AIXBT/USDT
Position: SHORT
Time: 2025-05-10 17:50:48
Price: 0.21037
==================================================
2025-05-10 17:50:48,656 - INFO - Stop Loss Range Calculation:
EMA Cross Time: 2025-05-10 17:50:00+09:00
MACD Cross Time: 2025-05-10 17:35:00+09:00
SL Range: 2025-05-10 17:30:00+09:00 to 2025-05-10 17:35:00+09:00
2025-05-10 17:50:48,657 - INFO - Stop Loss calculation for short:
Data range: 2025-05-10 17:30:00+09:00 to 2025-05-10 17:35:00+09:00
Stop loss price: 0.21831
Distance from entry: 0.0071299999999999975 (3.376%)
2025-05-10 17:50:48,657 - INFO - Take Profit calculation:
Entry: 0.21118
Stop Loss: 0.21831
SL Distance: 0.0071299999999999975
Take Profit: 0.1987025
2025-05-10 17:50:50,803 - INFO - ===== Trade Successfully Executed =====
Symbol: AIXBT/USDT
Type: short
Entry: 0.21118
Stop Loss: 0.21831
Take Profit: 0.1987025
Position Size: 473.5296903115825
Margin Used: 10 USDT
Total Position Value: 100 USDT
Order IDs: Entry=2470797622, SL=2470798242, TP=2470798827
2025-05-10 17:52:00,590 - INFO - Position closed or order timeout after 541.2 minutes for AIXBT/USDT, cleaning up orders...
2025-05-10 17:52:00,775 - INFO - Found 3 open orders to cancel for AIXBT/USDT
2025-05-10 17:52:00,956 - INFO - Successfully cancelled order:
Symbol: AIXBT/USDT
Order ID: 2470797622
Type: limit
Side: sell
2025-05-10 17:52:01,095 - INFO - Successfully cancelled order:
Symbol: AIXBT/USDT
Order ID: 2470798242
Type: stop
Side: buy
2025-05-10 17:52:01,225 - INFO - Successfully cancelled order:
Symbol: AIXBT/USDT
Order ID: 2470798827
Type: take_profit
Side: buy
2025-05-10 17:52:01,226 - INFO - Position Closed - Manual
Symbol: AIXBT/USDT
Time: 2025-05-10 17:52:01.226812
Position Type: short

2025-05-10 17:55:30,032 - INFO - 
==================== ENTRY SIGNAL ====================
Symbol: AIXBT/USDT
Position: SHORT
Time: 2025-05-10 17:55:30
Cross Pairs: [('2025-05-10 17:50', '2025-05-10 17:35')]
==================================================
2025-05-10 17:55:30,032 - INFO - 
==================== ENTRY SIGNAL ====================
Symbol: AIXBT/USDT
Position: SHORT
Time: 2025-05-10 17:55:30
Price: 0.21214
==================================================
2025-05-10 17:55:30,073 - INFO - Stop Loss Range Calculation:
EMA Cross Time: 2025-05-10 17:50:00+09:00
MACD Cross Time: 2025-05-10 17:35:00+09:00
SL Range: 2025-05-10 17:30:00+09:00 to 2025-05-10 17:35:00+09:00
2025-05-10 17:55:30,073 - INFO - Stop Loss calculation for short:
Data range: 2025-05-10 17:30:00+09:00 to 2025-05-10 17:35:00+09:00
Stop loss price: 0.21831
Distance from entry: 0.0062600000000000156 (2.952%)
2025-05-10 17:55:30,073 - INFO - Take Profit calculation:
Entry: 0.21205
Stop Loss: 0.21831
SL Distance: 0.0062600000000000156
Take Profit: 0.20109499999999997
2025-05-10 17:55:30,812 - INFO - ===== Trade Successfully Executed =====
Symbol: AIXBT/USDT
Type: short
Entry: 0.21205
Stop Loss: 0.21831
Take Profit: 0.20109499999999997
Position Size: 471.58688988446124
Margin Used: 10 USDT
Total Position Value: 100 USDT
Order IDs: Entry=2470895615, SL=2470895648, TP=2470895784
2025-05-10 18:00:12,462 - INFO - 
==================== ENTRY SIGNAL ====================
Symbol: MELANIA/USDT
Position: SHORT
Time: 2025-05-10 18:00:12
Cross Pairs: [('2025-05-10 18:00', '2025-05-10 17:45')]
==================================================
2025-05-10 18:00:12,462 - INFO - 
==================== ENTRY SIGNAL ====================
Symbol: MELANIA/USDT
Position: SHORT
Time: 2025-05-10 18:00:12
Price: 0.3743
==================================================
2025-05-10 18:00:12,503 - INFO - Stop Loss Range Calculation:
EMA Cross Time: 2025-05-10 18:00:00+09:00
MACD Cross Time: 2025-05-10 17:45:00+09:00
SL Range: 2025-05-10 17:40:00+09:00 to 2025-05-10 17:45:00+09:00
2025-05-10 18:00:12,503 - INFO - Stop Loss calculation for short:
Data range: 2025-05-10 17:40:00+09:00 to 2025-05-10 17:45:00+09:00
Stop loss price: 0.3805
Distance from entry: 0.006500000000000006 (1.738%)
2025-05-10 18:00:12,504 - INFO - Take Profit calculation:
Entry: 0.374
Stop Loss: 0.3805
SL Distance: 0.006500000000000006
Take Profit: 0.362625
2025-05-10 18:00:13,237 - INFO - ===== Trade Successfully Executed =====
Symbol: MELANIA/USDT
Type: short
Entry: 0.374
Stop Loss: 0.3805
Take Profit: 0.362625
Position Size: 267.379679144385
Margin Used: 10 USDT
Total Position Value: 100 USDT
Order IDs: Entry=644479837, SL=644479852, TP=644479858
2025-05-10 18:05:54,732 - INFO - 
==================== ENTRY SIGNAL ====================
Symbol: PHA/USDT
Position: SHORT
Time: 2025-05-10 18:05:54
Cross Pairs: [('2025-05-10 18:05', '2025-05-10 17:50')]
==================================================
2025-05-10 18:05:54,732 - INFO - 
==================== ENTRY SIGNAL ====================
Symbol: PHA/USDT
Position: SHORT
Time: 2025-05-10 18:05:54
Price: 0.14052
==================================================
2025-05-10 18:05:54,774 - INFO - Stop Loss Range Calculation:
EMA Cross Time: 2025-05-10 18:05:00+09:00
MACD Cross Time: 2025-05-10 17:50:00+09:00
SL Range: 2025-05-10 17:45:00+09:00 to 2025-05-10 17:50:00+09:00
2025-05-10 18:05:54,774 - INFO - Stop Loss calculation for short:
Data range: 2025-05-10 17:45:00+09:00 to 2025-05-10 17:50:00+09:00
Stop loss price: 0.14437
Distance from entry: 0.0038499999999999923 (2.740%)
2025-05-10 18:05:54,775 - INFO - Take Profit calculation:
Entry: 0.14052
Stop Loss: 0.14437
SL Distance: 0.0038499999999999923
Take Profit: 0.13378250000000003
2025-05-10 18:05:54,832 - ERROR - ===== Insufficient Balance =====
Symbol: PHA/USDT
Required: 10 USDT
Available: 7.17071425 USDT
2025-05-10 18:05:54,833 - ERROR - Failed to enter position for PHA/USDT: Insufficient balance
2025-05-10 18:10:30,649 - INFO - 
==================== ENTRY SIGNAL ====================
Symbol: BAN/USDT
Position: SHORT
Time: 2025-05-10 18:10:30
Cross Pairs: [('2025-05-10 18:10', '2025-05-10 18:00')]
==================================================
2025-05-10 18:10:30,649 - INFO - 
==================== ENTRY SIGNAL ====================
Symbol: BAN/USDT
Position: SHORT
Time: 2025-05-10 18:10:30
Price: 0.07158
==================================================
2025-05-10 18:10:30,694 - INFO - Stop Loss Range Calculation:
EMA Cross Time: 2025-05-10 18:10:00+09:00
MACD Cross Time: 2025-05-10 18:00:00+09:00
SL Range: 2025-05-10 17:55:00+09:00 to 2025-05-10 18:00:00+09:00
2025-05-10 18:10:30,694 - INFO - Stop Loss calculation for short:
Data range: 2025-05-10 17:55:00+09:00 to 2025-05-10 18:00:00+09:00
Stop loss price: 0.07344
Distance from entry: 0.0018200000000000022 (2.541%)
2025-05-10 18:10:30,695 - INFO - Take Profit calculation:
Entry: 0.07162
Stop Loss: 0.07344
SL Distance: 0.0018200000000000022
Take Profit: 0.068435
2025-05-10 18:10:30,749 - ERROR - ===== Insufficient Balance =====
Symbol: BAN/USDT
Required: 10 USDT
Available: 7.17071425 USDT
2025-05-10 18:10:30,750 - ERROR - Failed to enter position for BAN/USDT: Insufficient balance
2025-05-10 18:10:34,157 - INFO - 
==================== ENTRY SIGNAL ====================
Symbol: PHA/USDT
Position: SHORT
Time: 2025-05-10 18:10:34
Cross Pairs: [('2025-05-10 18:05', '2025-05-10 17:50')]
==================================================
2025-05-10 18:10:34,157 - INFO - 
==================== ENTRY SIGNAL ====================
Symbol: PHA/USDT
Position: SHORT
Time: 2025-05-10 18:10:34
Price: 0.14055
==================================================
2025-05-10 18:10:34,199 - INFO - Stop Loss Range Calculation:
EMA Cross Time: 2025-05-10 18:05:00+09:00
MACD Cross Time: 2025-05-10 17:50:00+09:00
SL Range: 2025-05-10 17:45:00+09:00 to 2025-05-10 17:50:00+09:00
2025-05-10 18:10:34,199 - INFO - Stop Loss calculation for short:
Data range: 2025-05-10 17:45:00+09:00 to 2025-05-10 17:50:00+09:00
Stop loss price: 0.14437
Distance from entry: 0.003799999999999998 (2.703%)
2025-05-10 18:10:34,200 - INFO - Take Profit calculation:
Entry: 0.14057
Stop Loss: 0.14437
SL Distance: 0.003799999999999998
Take Profit: 0.13392
2025-05-10 18:10:34,260 - ERROR - ===== Insufficient Balance =====
Symbol: PHA/USDT
Required: 10 USDT
Available: 7.17071425 USDT
2025-05-10 18:10:34,260 - ERROR - Failed to enter position for PHA/USDT: Insufficient balance
2025-05-10 18:15:09,558 - INFO - 
==================== ENTRY SIGNAL ====================
Symbol: BAN/USDT
Position: SHORT
Time: 2025-05-10 18:15:09
Cross Pairs: [('2025-05-10 18:10', '2025-05-10 18:00')]
==================================================
2025-05-10 18:15:09,558 - INFO - 
==================== ENTRY SIGNAL ====================
Symbol: BAN/USDT
Position: SHORT
Time: 2025-05-10 18:15:09
Price: 0.07154
==================================================
2025-05-10 18:15:09,602 - INFO - Stop Loss Range Calculation:
EMA Cross Time: 2025-05-10 18:10:00+09:00
MACD Cross Time: 2025-05-10 18:00:00+09:00
SL Range: 2025-05-10 17:55:00+09:00 to 2025-05-10 18:00:00+09:00
2025-05-10 18:15:09,603 - INFO - Stop Loss calculation for short:
Data range: 2025-05-10 17:55:00+09:00 to 2025-05-10 18:00:00+09:00
Stop loss price: 0.07344
Distance from entry: 0.001899999999999999 (2.656%)
2025-05-10 18:15:09,603 - INFO - Take Profit calculation:
Entry: 0.07154
Stop Loss: 0.07344
SL Distance: 0.001899999999999999
Take Profit: 0.06821500000000001
2025-05-10 18:15:09,656 - ERROR - ===== Insufficient Balance =====
Symbol: BAN/USDT
Required: 10 USDT
Available: 7.17071425 USDT
2025-05-10 18:15:09,656 - ERROR - Failed to enter position for BAN/USDT: Insufficient balance
2025-05-10 18:20:57,400 - INFO - 
==================== ENTRY SIGNAL ====================
Symbol: BAN/USDT
Position: SHORT
Time: 2025-05-10 18:20:57
Cross Pairs: [('2025-05-10 18:10', '2025-05-10 18:00')]
==================================================
2025-05-10 18:20:57,400 - INFO - 
==================== ENTRY SIGNAL ====================
Symbol: BAN/USDT
Position: SHORT
Time: 2025-05-10 18:20:57
Price: 0.0718
==================================================
2025-05-10 18:20:57,444 - INFO - Stop Loss Range Calculation:
EMA Cross Time: 2025-05-10 18:10:00+09:00
MACD Cross Time: 2025-05-10 18:00:00+09:00
SL Range: 2025-05-10 17:55:00+09:00 to 2025-05-10 18:00:00+09:00
2025-05-10 18:20:57,445 - INFO - Stop Loss calculation for short:
Data range: 2025-05-10 17:55:00+09:00 to 2025-05-10 18:00:00+09:00
Stop loss price: 0.07344
Distance from entry: 0.0016400000000000026 (2.284%)
2025-05-10 18:20:57,445 - INFO - Take Profit calculation:
Entry: 0.0718
Stop Loss: 0.07344
SL Distance: 0.0016400000000000026
Take Profit: 0.06892999999999999
2025-05-10 18:20:57,505 - ERROR - ===== Insufficient Balance =====
Symbol: BAN/USDT
Required: 10 USDT
Available: 7.17071425 USDT
2025-05-10 18:20:57,505 - ERROR - Failed to enter position for BAN/USDT: Insufficient balance
2025-05-10 18:45:20,599 - INFO - 
==================== ENTRY SIGNAL ====================
Symbol: DOGS/USDT
Position: LONG
Time: 2025-05-10 18:45:20
Cross Pairs: [('2025-05-10 18:40', '2025-05-10 18:45')]
==================================================
2025-05-10 18:45:20,599 - INFO - 
==================== ENTRY SIGNAL ====================
Symbol: DOGS/USDT
Position: LONG
Time: 2025-05-10 18:45:20
Price: 0.0002305
==================================================
2025-05-10 18:45:20,641 - INFO - Stop Loss Range Calculation:
EMA Cross Time: 2025-05-10 18:40:00+09:00
MACD Cross Time: 2025-05-10 18:45:00+09:00
SL Range: 2025-05-10 18:35:00+09:00 to 2025-05-10 18:40:00+09:00
2025-05-10 18:45:20,641 - INFO - Stop Loss calculation for long:
Data range: 2025-05-10 18:35:00+09:00 to 2025-05-10 18:40:00+09:00
Stop loss price: 0.0002253
Distance from entry: 5.199999999999991e-06 (2.256%)
2025-05-10 18:45:20,642 - INFO - Take Profit calculation:
Entry: 0.0002305
Stop Loss: 0.0002253
SL Distance: 5.199999999999991e-06
Take Profit: 0.00023959999999999997
2025-05-10 18:45:20,705 - ERROR - ===== Insufficient Balance =====
Symbol: DOGS/USDT
Required: 10 USDT
Available: 7.17071425 USDT
2025-05-10 18:45:20,705 - ERROR - Failed to enter position for DOGS/USDT: Insufficient balance
2025-05-10 18:51:10,160 - INFO - 
==================== ENTRY SIGNAL ====================
Symbol: DOGS/USDT
Position: LONG
Time: 2025-05-10 18:51:10
Cross Pairs: [('2025-05-10 18:40', '2025-05-10 18:45')]
==================================================
2025-05-10 18:51:10,160 - INFO - 
==================== ENTRY SIGNAL ====================
Symbol: DOGS/USDT
Position: LONG
Time: 2025-05-10 18:51:10
Price: 0.000231
==================================================
2025-05-10 18:51:10,202 - INFO - Stop Loss Range Calculation:
EMA Cross Time: 2025-05-10 18:40:00+09:00
MACD Cross Time: 2025-05-10 18:45:00+09:00
SL Range: 2025-05-10 18:35:00+09:00 to 2025-05-10 18:40:00+09:00
2025-05-10 18:51:10,202 - INFO - Stop Loss calculation for long:
Data range: 2025-05-10 18:35:00+09:00 to 2025-05-10 18:40:00+09:00
Stop loss price: 0.0002253
Distance from entry: 5.700000000000003e-06 (2.468%)
2025-05-10 18:51:10,202 - INFO - Take Profit calculation:
Entry: 0.000231
Stop Loss: 0.0002253
SL Distance: 5.700000000000003e-06
Take Profit: 0.00024097500000000002
2025-05-10 18:51:10,928 - INFO - ===== Trade Successfully Executed =====
Symbol: DOGS/USDT
Type: long
Entry: 0.000231
Stop Loss: 0.0002253
Take Profit: 0.00024097500000000002
Position Size: 432900.4329004329
Margin Used: 10 USDT
Total Position Value: 100 USDT
Order IDs: Entry=2998900994, SL=2998901104, TP=2998901143
2025-05-10 18:51:13,086 - INFO - Position closed or order timeout after 665.3 minutes for ACX/USDT, cleaning up orders...
2025-05-10 18:51:13,269 - INFO - Found 1 open orders to cancel for ACX/USDT
2025-05-10 18:51:13,333 - INFO - Successfully cancelled order:
Symbol: ACX/USDT
Order ID: 445308468
Type: take_profit
Side: buy
2025-05-10 18:51:13,333 - INFO - Position Closed - Manual
Symbol: ACX/USDT
Time: 2025-05-10 18:51:13.333437
Position Type: short

2025-05-10 19:36:28,108 - INFO - Position closed or order timeout after 585.3 minutes for DOGS/USDT, cleaning up orders...
2025-05-10 19:36:28,293 - INFO - Found 1 open orders to cancel for DOGS/USDT
2025-05-10 19:36:28,358 - INFO - Successfully cancelled order:
Symbol: DOGS/USDT
Order ID: 2998901143
Type: take_profit
Side: sell
2025-05-10 19:36:28,358 - INFO - Position Closed - Manual
Symbol: DOGS/USDT
Time: 2025-05-10 19:36:28.358309
Position Type: long

2025-05-10 19:41:04,826 - INFO - 
==================== ENTRY SIGNAL ====================
Symbol: DOGS/USDT
Position: SHORT
Time: 2025-05-10 19:41:04
Cross Pairs: [('2025-05-10 19:40', '2025-05-10 19:25')]
==================================================
2025-05-10 19:41:04,826 - INFO - 
==================== ENTRY SIGNAL ====================
Symbol: DOGS/USDT
Position: SHORT
Time: 2025-05-10 19:41:04
Price: 0.0002239
==================================================
2025-05-10 19:41:04,868 - INFO - Stop Loss Range Calculation:
EMA Cross Time: 2025-05-10 19:40:00+09:00
MACD Cross Time: 2025-05-10 19:25:00+09:00
SL Range: 2025-05-10 19:20:00+09:00 to 2025-05-10 19:25:00+09:00
2025-05-10 19:41:04,869 - INFO - Stop Loss calculation for short:
Data range: 2025-05-10 19:20:00+09:00 to 2025-05-10 19:25:00+09:00
Stop loss price: 0.0002309
Distance from entry: 7.10000000000001e-06 (3.172%)
2025-05-10 19:41:04,869 - INFO - Take Profit calculation:
Entry: 0.0002238
Stop Loss: 0.0002309
SL Distance: 7.10000000000001e-06
Take Profit: 0.00021137499999999997
2025-05-10 19:41:05,604 - INFO - ===== Trade Successfully Executed =====
Symbol: DOGS/USDT
Type: short
Entry: 0.0002238
Stop Loss: 0.0002309
Take Profit: 0.00021137499999999997
Position Size: 446827.52457551385
Margin Used: 10 USDT
Total Position Value: 100 USDT
Order IDs: Entry=2999295880, SL=2999295914, TP=2999295940
2025-05-10 20:19:31,287 - INFO - Position closed or order timeout after 679.3 minutes for MELANIA/USDT, cleaning up orders...
2025-05-10 20:19:31,470 - INFO - Found 1 open orders to cancel for MELANIA/USDT
2025-05-10 20:19:31,534 - INFO - Successfully cancelled order:
Symbol: MELANIA/USDT
Order ID: 644479852
Type: stop
Side: buy
2025-05-10 20:19:31,534 - INFO - Position Closed - Manual
Symbol: MELANIA/USDT
Time: 2025-05-10 20:19:31.534821
Position Type: short

2025-05-10 20:57:37,402 - INFO - Position closed or order timeout after 616.5 minutes for DOGS/USDT, cleaning up orders...
2025-05-10 20:57:37,586 - INFO - Found 1 open orders to cancel for DOGS/USDT
2025-05-10 20:57:37,648 - INFO - Successfully cancelled order:
Symbol: DOGS/USDT
Order ID: 2999295940
Type: take_profit
Side: buy
2025-05-10 20:57:37,648 - INFO - Position Closed - Manual
Symbol: DOGS/USDT
Time: 2025-05-10 20:57:37.648697
Position Type: short

2025-05-10 22:55:41,014 - INFO - 
==================== ENTRY SIGNAL ====================
Symbol: HIPPO/USDT
Position: LONG
Time: 2025-05-10 22:55:41
Cross Pairs: [('2025-05-10 22:55', '2025-05-10 22:40')]
==================================================
2025-05-10 22:55:41,014 - INFO - 
==================== ENTRY SIGNAL ====================
Symbol: HIPPO/USDT
Position: LONG
Time: 2025-05-10 22:55:41
Price: 0.002838
==================================================
2025-05-10 22:55:41,121 - INFO - Stop Loss Range Calculation:
EMA Cross Time: 2025-05-10 22:55:00+09:00
MACD Cross Time: 2025-05-10 22:40:00+09:00
SL Range: 2025-05-10 22:35:00+09:00 to 2025-05-10 22:40:00+09:00
2025-05-10 22:55:41,122 - INFO - Stop Loss calculation for long:
Data range: 2025-05-10 22:35:00+09:00 to 2025-05-10 22:40:00+09:00
Stop loss price: 0.002784
Distance from entry: 5.499999999999993e-05 (1.937%)
2025-05-10 22:55:41,122 - INFO - Take Profit calculation:
Entry: 0.002839
Stop Loss: 0.002784
SL Distance: 5.499999999999993e-05
Take Profit: 0.00293525
2025-05-10 22:55:41,847 - INFO - ===== Trade Successfully Executed =====
Symbol: HIPPO/USDT
Type: long
Entry: 0.002839
Stop Loss: 0.002784
Take Profit: 0.00293525
Position Size: 35223.67030644593
Margin Used: 10 USDT
Total Position Value: 100 USDT
Order IDs: Entry=880671597, SL=880671619, TP=880671627
2025-05-10 23:16:39,335 - INFO - Position closed or order timeout after 560.9 minutes for HIPPO/USDT, cleaning up orders...
2025-05-10 23:16:39,529 - INFO - Found 1 open orders to cancel for HIPPO/USDT
2025-05-10 23:16:39,588 - INFO - Successfully cancelled order:
Symbol: HIPPO/USDT
Order ID: 880671627
Type: take_profit
Side: sell
2025-05-10 23:16:39,588 - INFO - Position Closed - Manual
Symbol: HIPPO/USDT
Time: 2025-05-10 23:16:39.588858
Position Type: long

