2025-05-08 01:26:40,135 - INFO - Position closed or order timeout after 1640.8 minutes for GRASS/USDT, cleaning up orders...
2025-05-08 01:26:40,321 - INFO - Found 1 open orders to cancel for GRASS/USDT
2025-05-08 01:26:40,380 - INFO - Successfully cancelled order:
Symbol: GRASS/USDT
Order ID: 1230580266
Type: take_profit
Side: sell
2025-05-08 01:26:40,381 - INFO - Position Closed - Manual
Symbol: GRASS/USDT
Time: 2025-05-08 01:26:40.381090
Position Type: long

2025-05-08 01:29:02,364 - INFO - Position closed or order timeout after 633.7 minutes for BRETT/USDT, cleaning up orders...
2025-05-08 01:29:02,549 - INFO - Found 1 open orders to cancel for BRETT/USDT
2025-05-08 01:29:02,612 - INFO - Successfully cancelled order:
Symbol: BRETT/USDT
Order ID: 1062481674
Type: stop
Side: buy
2025-05-08 01:29:02,617 - INFO - Position Closed - Manual
Symbol: BRETT/USDT
Time: 2025-05-08 01:29:02.617942
Position Type: short

2025-05-08 06:15:08,455 - INFO - 
==================== ENTRY SIGNAL ====================
Symbol: BRETT/USDT
Position: LONG
Time: 2025-05-08 06:15:08
Cross Pairs: [('2025-05-08 06:15', '2025-05-08 05:55')]
==================================================
2025-05-08 06:15:08,455 - INFO - 
==================== ENTRY SIGNAL ====================
Symbol: BRETT/USDT
Position: LONG
Time: 2025-05-08 06:15:08
Price: 0.05216
==================================================
2025-05-08 06:15:08,507 - INFO - Stop Loss Range Calculation:
EMA Cross Time: 2025-05-08 06:15:00+09:00
MACD Cross Time: 2025-05-08 05:55:00+09:00
SL Range: 2025-05-08 05:50:00+09:00 to 2025-05-08 05:55:00+09:00
2025-05-08 06:15:08,507 - INFO - Stop Loss calculation for long:
Data range: 2025-05-08 05:50:00+09:00 to 2025-05-08 05:55:00+09:00
Stop loss price: 0.05097
Distance from entry: 0.0011899999999999966 (2.281%)
2025-05-08 06:15:08,508 - INFO - Take Profit calculation:
Entry: 0.05216
Stop Loss: 0.05097
SL Distance: 0.0011899999999999966
Take Profit: 0.05424249999999999
2025-05-08 06:15:09,236 - INFO - ===== Trade Successfully Executed =====
Symbol: BRETT/USDT
Type: long
Entry: 0.05216
Stop Loss: 0.05097
Take Profit: 0.05424249999999999
Position Size: 1917.1779141104296
Margin Used: 10 USDT
Total Position Value: 100 USDT
Order IDs: Entry=1063850079, SL=1063850097, TP=1063850107
2025-05-08 07:45:17,794 - INFO - Trailing Stop Added (Original SL maintained)
Symbol: BRETT/USDT
Time: 2025-05-08 07:45:17.794376
Entry: 0.05216
Current Price: 0.05375
Original SL: Maintained
Trailing SL: 0.052681599999999995
Profit %: 3.05%
Trailing Order ID: 1064084516
2025-05-08 08:16:28,210 - INFO - Position closed or order timeout after 661.3 minutes for BRETT/USDT, cleaning up orders...
2025-05-08 08:16:28,392 - INFO - Found 2 open orders to cancel for BRETT/USDT
2025-05-08 08:16:28,455 - INFO - Successfully cancelled order:
Symbol: BRETT/USDT
Order ID: 1063850097
Type: stop
Side: sell
2025-05-08 08:16:28,516 - INFO - Successfully cancelled order:
Symbol: BRETT/USDT
Order ID: 1064084516
Type: stop
Side: sell
2025-05-08 08:16:28,517 - INFO - Position Closed - Manual
Symbol: BRETT/USDT
Time: 2025-05-08 08:16:28.517873
Position Type: long

