2025-05-15 00:02:56,946 - INFO - Trailing Stop Added (Original SL maintained)
Symbol: TNSR/USDT
Time: 2025-05-15 00:02:56.946936
Entry: 0.1858
Current Price: 0.1799
Original SL: Maintained
Trailing SL: 0.183942
Profit %: 3.18%
Trailing Order ID: 2465957063
2025-05-15 00:50:18,031 - INFO - 
==================== ENTRY SIGNAL ====================
Symbol: ARPA/USDT
Position: SHORT
Time: 2025-05-15 00:50:18
Cross Pairs: [('2025-05-15 00:50', '2025-05-15 00:40')]
==================================================
2025-05-15 00:50:18,031 - INFO - 
==================== ENTRY SIGNAL ====================
Symbol: ARPA/USDT
Position: SHORT
Time: 2025-05-15 00:50:18
Price: 0.028
==================================================
2025-05-15 00:50:18,078 - INFO - Stop Loss Range Calculation:
EMA Cross Time: 2025-05-15 00:50:00+09:00
MACD Cross Time: 2025-05-15 00:40:00+09:00
SL Range: 2025-05-15 00:35:00+09:00 to 2025-05-15 00:40:00+09:00
2025-05-15 00:50:18,079 - INFO - Stop Loss calculation for short:
Data range: 2025-05-15 00:35:00+09:00 to 2025-05-15 00:40:00+09:00
Stop loss price: 0.02853
Distance from entry: 0.00051 (1.820%)
2025-05-15 00:50:18,079 - INFO - Take Profit calculation:
Entry: 0.02802
Stop Loss: 0.02853
SL Distance: 0.00051
Take Profit: 0.0271275
2025-05-15 00:50:18,133 - ERROR - ===== Insufficient Balance =====
Symbol: ARPA/USDT
Required: 10 USDT
Available: 6.50490953 USDT
2025-05-15 00:50:18,133 - ERROR - Failed to enter position for ARPA/USDT: Insufficient balance
2025-05-15 00:56:04,220 - INFO - 
==================== ENTRY SIGNAL ====================
Symbol: ARPA/USDT
Position: SHORT
Time: 2025-05-15 00:56:04
Cross Pairs: [('2025-05-15 00:50', '2025-05-15 00:40')]
==================================================
2025-05-15 00:56:04,220 - INFO - 
==================== ENTRY SIGNAL ====================
Symbol: ARPA/USDT
Position: SHORT
Time: 2025-05-15 00:56:04
Price: 0.02825
==================================================
2025-05-15 00:56:04,261 - INFO - Stop Loss Range Calculation:
EMA Cross Time: 2025-05-15 00:50:00+09:00
MACD Cross Time: 2025-05-15 00:40:00+09:00
SL Range: 2025-05-15 00:35:00+09:00 to 2025-05-15 00:40:00+09:00
2025-05-15 00:56:04,261 - INFO - Stop Loss calculation for short:
Data range: 2025-05-15 00:35:00+09:00 to 2025-05-15 00:40:00+09:00
Stop loss price: 0.02853
Distance from entry: 0.0002899999999999986 (1.027%)
2025-05-15 00:56:04,261 - INFO - Take Profit calculation:
Entry: 0.02824
Stop Loss: 0.02853
SL Distance: 0.0002899999999999986
Take Profit: 0.027732500000000004
2025-05-15 00:56:04,322 - ERROR - ===== Insufficient Balance =====
Symbol: ARPA/USDT
Required: 10 USDT
Available: 6.50490953 USDT
2025-05-15 00:56:04,323 - ERROR - Failed to enter position for ARPA/USDT: Insufficient balance
2025-05-15 01:00:41,503 - INFO - 
==================== ENTRY SIGNAL ====================
Symbol: ARPA/USDT
Position: SHORT
Time: 2025-05-15 01:00:41
Cross Pairs: [('2025-05-15 00:50', '2025-05-15 00:40')]
==================================================
2025-05-15 01:00:41,503 - INFO - 
==================== ENTRY SIGNAL ====================
Symbol: ARPA/USDT
Position: SHORT
Time: 2025-05-15 01:00:41
Price: 0.02829
==================================================
2025-05-15 01:00:41,544 - INFO - Stop Loss Range Calculation:
EMA Cross Time: 2025-05-15 00:50:00+09:00
MACD Cross Time: 2025-05-15 00:40:00+09:00
SL Range: 2025-05-15 00:35:00+09:00 to 2025-05-15 00:40:00+09:00
2025-05-15 01:00:41,544 - INFO - Stop Loss calculation for short:
Data range: 2025-05-15 00:35:00+09:00 to 2025-05-15 00:40:00+09:00
Stop loss price: 0.02853
Distance from entry: 0.00024000000000000063 (0.848%)
2025-05-15 01:00:41,545 - INFO - Take Profit calculation:
Entry: 0.02829
Stop Loss: 0.02853
SL Distance: 0.00024000000000000063
Take Profit: 0.02787
2025-05-15 01:00:41,603 - ERROR - ===== Insufficient Balance =====
Symbol: ARPA/USDT
Required: 10 USDT
Available: 6.50490953 USDT
2025-05-15 01:00:41,604 - ERROR - Failed to enter position for ARPA/USDT: Insufficient balance
2025-05-15 01:41:05,592 - INFO - Position closed or order timeout after 1050.3 minutes for TNSR/USDT, cleaning up orders...
2025-05-15 01:41:05,781 - INFO - Found 2 open orders to cancel for TNSR/USDT
2025-05-15 01:41:05,938 - INFO - Successfully cancelled order:
Symbol: TNSR/USDT
Order ID: 2465229248
Type: stop
Side: buy
2025-05-15 01:41:06,052 - INFO - Successfully cancelled order:
Symbol: TNSR/USDT
Order ID: 2465957063
Type: stop
Side: buy
2025-05-15 01:41:06,052 - INFO - Position Closed - Manual
Symbol: TNSR/USDT
Time: 2025-05-15 01:41:06.052221
Position Type: short

2025-05-15 06:40:02,883 - INFO - 
==================== ENTRY SIGNAL ====================
Symbol: GRASS/USDT
Position: LONG
Time: 2025-05-15 06:40:02
Cross Pairs: [('2025-05-15 06:40', '2025-05-15 06:30')]
==================================================
2025-05-15 06:40:02,883 - INFO - 
==================== ENTRY SIGNAL ====================
Symbol: GRASS/USDT
Position: LONG
Time: 2025-05-15 06:40:02
Price: 2.1294
==================================================
2025-05-15 06:40:02,925 - INFO - Stop Loss Range Calculation:
EMA Cross Time: 2025-05-15 06:40:00+09:00
MACD Cross Time: 2025-05-15 06:30:00+09:00
SL Range: 2025-05-15 06:25:00+09:00 to 2025-05-15 06:30:00+09:00
2025-05-15 06:40:02,926 - INFO - Stop Loss calculation for long:
Data range: 2025-05-15 06:25:00+09:00 to 2025-05-15 06:30:00+09:00
Stop loss price: 2.0072
Distance from entry: 0.11589999999999989 (5.459%)
2025-05-15 06:40:02,926 - INFO - Take Profit calculation:
Entry: 2.1231
Stop Loss: 2.0072
SL Distance: 0.11589999999999989
Take Profit: 2.325925
2025-05-15 06:40:03,663 - INFO - ===== Trade Successfully Executed =====
Symbol: GRASS/USDT
Type: long
Entry: 2.1231
Stop Loss: 2.0072
Take Profit: 2.325925
Position Size: 47.10093730865244
Margin Used: 10 USDT
Total Position Value: 100 USDT
Order IDs: Entry=1282181142, SL=1282181201, TP=1282181341
2025-05-15 06:50:25,949 - INFO - 
==================== ENTRY SIGNAL ====================
Symbol: FXS/USDT
Position: LONG
Time: 2025-05-15 06:50:25
Cross Pairs: [('2025-05-15 06:45', '2025-05-15 06:35')]
==================================================
2025-05-15 06:50:25,949 - INFO - 
==================== ENTRY SIGNAL ====================
Symbol: FXS/USDT
Position: LONG
Time: 2025-05-15 06:50:25
Price: 3.1162
==================================================
2025-05-15 06:50:25,989 - INFO - Stop Loss Range Calculation:
EMA Cross Time: 2025-05-15 06:45:00+09:00
MACD Cross Time: 2025-05-15 06:35:00+09:00
SL Range: 2025-05-15 06:30:00+09:00 to 2025-05-15 06:35:00+09:00
2025-05-15 06:50:25,990 - INFO - Stop Loss calculation for long:
Data range: 2025-05-15 06:30:00+09:00 to 2025-05-15 06:35:00+09:00
Stop loss price: 3.0061
Distance from entry: 0.11370000000000013 (3.644%)
2025-05-15 06:50:25,990 - INFO - Take Profit calculation:
Entry: 3.1198
Stop Loss: 3.0061
SL Distance: 0.11370000000000013
Take Profit: 3.3187750000000005
2025-05-15 06:50:26,046 - ERROR - ===== Insufficient Balance =====
Symbol: FXS/USDT
Required: 10 USDT
Available: 9.94562482 USDT
2025-05-15 06:50:26,048 - ERROR - Failed to enter position for FXS/USDT: Insufficient balance
2025-05-15 06:56:14,026 - INFO - 
==================== ENTRY SIGNAL ====================
Symbol: FXS/USDT
Position: LONG
Time: 2025-05-15 06:56:14
Cross Pairs: [('2025-05-15 06:45', '2025-05-15 06:35')]
==================================================
2025-05-15 06:56:14,026 - INFO - 
==================== ENTRY SIGNAL ====================
Symbol: FXS/USDT
Position: LONG
Time: 2025-05-15 06:56:14
Price: 3.1084
==================================================
2025-05-15 06:56:14,068 - INFO - Stop Loss Range Calculation:
EMA Cross Time: 2025-05-15 06:45:00+09:00
MACD Cross Time: 2025-05-15 06:35:00+09:00
SL Range: 2025-05-15 06:30:00+09:00 to 2025-05-15 06:35:00+09:00
2025-05-15 06:56:14,068 - INFO - Stop Loss calculation for long:
Data range: 2025-05-15 06:30:00+09:00 to 2025-05-15 06:35:00+09:00
Stop loss price: 3.0061
Distance from entry: 0.10210000000000008 (3.285%)
2025-05-15 06:56:14,069 - INFO - Take Profit calculation:
Entry: 3.1082
Stop Loss: 3.0061
SL Distance: 0.10210000000000008
Take Profit: 3.286875
2025-05-15 06:56:14,131 - ERROR - ===== Insufficient Balance =====
Symbol: FXS/USDT
Required: 10 USDT
Available: 9.84855172 USDT
2025-05-15 06:56:14,131 - ERROR - Failed to enter position for FXS/USDT: Insufficient balance
2025-05-15 10:29:57,069 - INFO - Position closed or order timeout after 769.9 minutes for GRASS/USDT, cleaning up orders...
2025-05-15 10:29:57,255 - INFO - Found 1 open orders to cancel for GRASS/USDT
2025-05-15 10:29:57,318 - INFO - Successfully cancelled order:
Symbol: GRASS/USDT
Order ID: 1282181341
Type: take_profit
Side: sell
2025-05-15 10:29:57,319 - INFO - Position Closed - Manual
Symbol: GRASS/USDT
Time: 2025-05-15 10:29:57.319485
Position Type: long

2025-05-15 10:31:12,524 - INFO - 
==================== ENTRY SIGNAL ====================
Symbol: USUAL/USDT
Position: SHORT
Time: 2025-05-15 10:31:12
Cross Pairs: [('2025-05-15 10:25', '2025-05-15 10:10')]
==================================================
2025-05-15 10:31:12,524 - INFO - 
==================== ENTRY SIGNAL ====================
Symbol: USUAL/USDT
Position: SHORT
Time: 2025-05-15 10:31:12
Price: 0.1578
==================================================
2025-05-15 10:31:12,566 - INFO - Stop Loss Range Calculation:
EMA Cross Time: 2025-05-15 10:25:00+09:00
MACD Cross Time: 2025-05-15 10:10:00+09:00
SL Range: 2025-05-15 10:05:00+09:00 to 2025-05-15 10:10:00+09:00
2025-05-15 10:31:12,566 - INFO - Stop Loss calculation for short:
Data range: 2025-05-15 10:05:00+09:00 to 2025-05-15 10:10:00+09:00
Stop loss price: 0.1619
Distance from entry: 0.0040999999999999925 (2.598%)
2025-05-15 10:31:12,566 - INFO - Take Profit calculation:
Entry: 0.1578
Stop Loss: 0.1619
SL Distance: 0.0040999999999999925
Take Profit: 0.150625
2025-05-15 10:31:13,333 - INFO - ===== Trade Successfully Executed =====
Symbol: USUAL/USDT
Type: short
Entry: 0.1578
Stop Loss: 0.1619
Take Profit: 0.150625
Position Size: 633.7135614702155
Margin Used: 10 USDT
Total Position Value: 100 USDT
Order IDs: Entry=1400991105, SL=1400991165, TP=1400991198
2025-05-15 10:32:21,856 - INFO - Position closed or order timeout after 541.1 minutes for USUAL/USDT, cleaning up orders...
2025-05-15 10:32:22,039 - INFO - Found 3 open orders to cancel for USUAL/USDT
2025-05-15 10:32:22,101 - INFO - Successfully cancelled order:
Symbol: USUAL/USDT
Order ID: 1400991105
Type: limit
Side: sell
2025-05-15 10:32:22,164 - INFO - Successfully cancelled order:
Symbol: USUAL/USDT
Order ID: 1400991165
Type: stop
Side: buy
2025-05-15 10:32:22,225 - INFO - Successfully cancelled order:
Symbol: USUAL/USDT
Order ID: 1400991198
Type: take_profit
Side: buy
2025-05-15 10:32:22,225 - INFO - Position Closed - Manual
Symbol: USUAL/USDT
Time: 2025-05-15 10:32:22.225069
Position Type: short

2025-05-15 10:40:24,224 - INFO - 
==================== ENTRY SIGNAL ====================
Symbol: WLD/USDT
Position: SHORT
Time: 2025-05-15 10:40:24
Cross Pairs: [('2025-05-15 10:40', '2025-05-15 10:20')]
==================================================
2025-05-15 10:40:24,224 - INFO - 
==================== ENTRY SIGNAL ====================
Symbol: WLD/USDT
Position: SHORT
Time: 2025-05-15 10:40:24
Price: 1.2334
==================================================
2025-05-15 10:40:24,264 - INFO - Stop Loss Range Calculation:
EMA Cross Time: 2025-05-15 10:40:00+09:00
MACD Cross Time: 2025-05-15 10:20:00+09:00
SL Range: 2025-05-15 10:15:00+09:00 to 2025-05-15 10:20:00+09:00
2025-05-15 10:40:24,265 - INFO - Stop Loss calculation for short:
Data range: 2025-05-15 10:15:00+09:00 to 2025-05-15 10:20:00+09:00
Stop loss price: 1.262
Distance from entry: 0.030000000000000027 (2.435%)
2025-05-15 10:40:24,265 - INFO - Take Profit calculation:
Entry: 1.232
Stop Loss: 1.262
SL Distance: 0.030000000000000027
Take Profit: 1.1795
2025-05-15 10:40:24,989 - INFO - ===== Trade Successfully Executed =====
Symbol: WLD/USDT
Type: short
Entry: 1.232
Stop Loss: 1.262
Take Profit: 1.1795
Position Size: 81.16883116883118
Margin Used: 10 USDT
Total Position Value: 100 USDT
Order IDs: Entry=15007201423, SL=15007201460, TP=15007201492
2025-05-15 10:46:13,197 - INFO - 
==================== ENTRY SIGNAL ====================
Symbol: MOVE/USDT
Position: SHORT
Time: 2025-05-15 10:46:13
Cross Pairs: [('2025-05-15 10:45', '2025-05-15 10:25')]
==================================================
2025-05-15 10:46:13,197 - INFO - 
==================== ENTRY SIGNAL ====================
Symbol: MOVE/USDT
Position: SHORT
Time: 2025-05-15 10:46:13
Price: 0.2143
==================================================
2025-05-15 10:46:13,242 - INFO - Stop Loss Range Calculation:
EMA Cross Time: 2025-05-15 10:45:00+09:00
MACD Cross Time: 2025-05-15 10:25:00+09:00
SL Range: 2025-05-15 10:20:00+09:00 to 2025-05-15 10:25:00+09:00
2025-05-15 10:46:13,242 - INFO - Stop Loss calculation for short:
Data range: 2025-05-15 10:20:00+09:00 to 2025-05-15 10:25:00+09:00
Stop loss price: 0.2211
Distance from entry: 0.0068000000000000005 (3.173%)
2025-05-15 10:46:13,243 - INFO - Take Profit calculation:
Entry: 0.2143
Stop Loss: 0.2211
SL Distance: 0.0068000000000000005
Take Profit: 0.2024
2025-05-15 10:46:13,299 - ERROR - ===== Insufficient Balance =====
Symbol: MOVE/USDT
Required: 10 USDT
Available: 5.78660466 USDT
2025-05-15 10:46:13,299 - ERROR - Failed to enter position for MOVE/USDT: Insufficient balance
2025-05-15 10:55:19,227 - INFO - 
==================== ENTRY SIGNAL ====================
Symbol: DOGS/USDT
Position: SHORT
Time: 2025-05-15 10:55:19
Cross Pairs: [('2025-05-15 10:55', '2025-05-15 10:35')]
==================================================
2025-05-15 10:55:19,228 - INFO - 
==================== ENTRY SIGNAL ====================
Symbol: DOGS/USDT
Position: SHORT
Time: 2025-05-15 10:55:19
Price: 0.0002224
==================================================
2025-05-15 10:55:19,270 - INFO - Stop Loss Range Calculation:
EMA Cross Time: 2025-05-15 10:55:00+09:00
MACD Cross Time: 2025-05-15 10:35:00+09:00
SL Range: 2025-05-15 10:30:00+09:00 to 2025-05-15 10:35:00+09:00
2025-05-15 10:55:19,270 - INFO - Stop Loss calculation for short:
Data range: 2025-05-15 10:30:00+09:00 to 2025-05-15 10:35:00+09:00
Stop loss price: 0.0002279
Distance from entry: 5.30000000000002e-06 (2.381%)
2025-05-15 10:55:19,270 - INFO - Take Profit calculation:
Entry: 0.0002226
Stop Loss: 0.0002279
SL Distance: 5.30000000000002e-06
Take Profit: 0.00021332499999999994
2025-05-15 10:55:19,330 - ERROR - ===== Insufficient Balance =====
Symbol: DOGS/USDT
Required: 10 USDT
Available: 5.78660466 USDT
2025-05-15 10:55:19,330 - ERROR - Failed to enter position for DOGS/USDT: Insufficient balance
2025-05-15 12:20:52,487 - INFO - 
==================== ENTRY SIGNAL ====================
Symbol: GRASS/USDT
Position: SHORT
Time: 2025-05-15 12:20:52
Cross Pairs: [('2025-05-15 12:20', '2025-05-15 12:15')]
==================================================
2025-05-15 12:20:52,487 - INFO - 
==================== ENTRY SIGNAL ====================
Symbol: GRASS/USDT
Position: SHORT
Time: 2025-05-15 12:20:52
Price: 2.0238
==================================================
2025-05-15 12:20:52,528 - INFO - Stop Loss Range Calculation:
EMA Cross Time: 2025-05-15 12:20:00+09:00
MACD Cross Time: 2025-05-15 12:15:00+09:00
SL Range: 2025-05-15 12:10:00+09:00 to 2025-05-15 12:15:00+09:00
2025-05-15 12:20:52,528 - INFO - Stop Loss calculation for short:
Data range: 2025-05-15 12:10:00+09:00 to 2025-05-15 12:15:00+09:00
Stop loss price: 2.0626
Distance from entry: 0.03950000000000031 (1.952%)
2025-05-15 12:20:52,528 - INFO - Take Profit calculation:
Entry: 2.0231
Stop Loss: 2.0626
SL Distance: 0.03950000000000031
Take Profit: 1.9539749999999994
2025-05-15 12:20:52,586 - ERROR - ===== Insufficient Balance =====
Symbol: GRASS/USDT
Required: 10 USDT
Available: 5.78660466 USDT
2025-05-15 12:20:52,586 - ERROR - Failed to enter position for GRASS/USDT: Insufficient balance
2025-05-15 12:25:30,315 - INFO - 
==================== ENTRY SIGNAL ====================
Symbol: GRASS/USDT
Position: SHORT
Time: 2025-05-15 12:25:30
Cross Pairs: [('2025-05-15 12:20', '2025-05-15 12:15')]
==================================================
2025-05-15 12:25:30,315 - INFO - 
==================== ENTRY SIGNAL ====================
Symbol: GRASS/USDT
Position: SHORT
Time: 2025-05-15 12:25:30
Price: 2.0329
==================================================
2025-05-15 12:25:30,358 - INFO - Stop Loss Range Calculation:
EMA Cross Time: 2025-05-15 12:20:00+09:00
MACD Cross Time: 2025-05-15 12:15:00+09:00
SL Range: 2025-05-15 12:10:00+09:00 to 2025-05-15 12:15:00+09:00
2025-05-15 12:25:30,358 - INFO - Stop Loss calculation for short:
Data range: 2025-05-15 12:10:00+09:00 to 2025-05-15 12:15:00+09:00
Stop loss price: 2.0626
Distance from entry: 0.028200000000000003 (1.386%)
2025-05-15 12:25:30,359 - INFO - Take Profit calculation:
Entry: 2.0344
Stop Loss: 2.0626
SL Distance: 0.028200000000000003
Take Profit: 1.9850500000000002
2025-05-15 12:25:30,419 - ERROR - ===== Insufficient Balance =====
Symbol: GRASS/USDT
Required: 10 USDT
Available: 5.78660466 USDT
2025-05-15 12:25:30,419 - ERROR - Failed to enter position for GRASS/USDT: Insufficient balance
2025-05-15 12:30:07,523 - INFO - 
==================== ENTRY SIGNAL ====================
Symbol: GRASS/USDT
Position: SHORT
Time: 2025-05-15 12:30:07
Cross Pairs: [('2025-05-15 12:20', '2025-05-15 12:15')]
==================================================
2025-05-15 12:30:07,523 - INFO - 
==================== ENTRY SIGNAL ====================
Symbol: GRASS/USDT
Position: SHORT
Time: 2025-05-15 12:30:07
Price: 2.045
==================================================
2025-05-15 12:30:07,564 - INFO - Stop Loss Range Calculation:
EMA Cross Time: 2025-05-15 12:20:00+09:00
MACD Cross Time: 2025-05-15 12:15:00+09:00
SL Range: 2025-05-15 12:10:00+09:00 to 2025-05-15 12:15:00+09:00
2025-05-15 12:30:07,564 - INFO - Stop Loss calculation for short:
Data range: 2025-05-15 12:10:00+09:00 to 2025-05-15 12:15:00+09:00
Stop loss price: 2.0626
Distance from entry: 0.017400000000000304 (0.851%)
2025-05-15 12:30:07,565 - INFO - Take Profit calculation:
Entry: 2.0452
Stop Loss: 2.0626
SL Distance: 0.017400000000000304
Take Profit: 2.0147499999999994
2025-05-15 12:30:07,623 - ERROR - ===== Insufficient Balance =====
Symbol: GRASS/USDT
Required: 10 USDT
Available: 5.78660466 USDT
2025-05-15 12:30:07,623 - ERROR - Failed to enter position for GRASS/USDT: Insufficient balance
2025-05-15 12:35:54,454 - INFO - 
==================== ENTRY SIGNAL ====================
Symbol: GRASS/USDT
Position: SHORT
Time: 2025-05-15 12:35:54
Cross Pairs: [('2025-05-15 12:20', '2025-05-15 12:15')]
==================================================
2025-05-15 12:35:54,454 - INFO - 
==================== ENTRY SIGNAL ====================
Symbol: GRASS/USDT
Position: SHORT
Time: 2025-05-15 12:35:54
Price: 2.0358
==================================================
2025-05-15 12:35:54,502 - INFO - Stop Loss Range Calculation:
EMA Cross Time: 2025-05-15 12:20:00+09:00
MACD Cross Time: 2025-05-15 12:15:00+09:00
SL Range: 2025-05-15 12:10:00+09:00 to 2025-05-15 12:15:00+09:00
2025-05-15 12:35:54,503 - INFO - Stop Loss calculation for short:
Data range: 2025-05-15 12:10:00+09:00 to 2025-05-15 12:15:00+09:00
Stop loss price: 2.0626
Distance from entry: 0.0246000000000004 (1.207%)
2025-05-15 12:35:54,503 - INFO - Take Profit calculation:
Entry: 2.038
Stop Loss: 2.0626
SL Distance: 0.0246000000000004
Take Profit: 1.9949499999999991
2025-05-15 12:35:54,555 - ERROR - ===== Insufficient Balance =====
Symbol: GRASS/USDT
Required: 10 USDT
Available: 5.78660466 USDT
2025-05-15 12:35:54,555 - ERROR - Failed to enter position for GRASS/USDT: Insufficient balance
2025-05-15 14:54:41,411 - INFO - Trailing Stop Added (Original SL maintained)
Symbol: WLD/USDT
Time: 2025-05-15 14:54:41.411059
Entry: 1.232
Current Price: 1.1946
Original SL: Maintained
Trailing SL: 1.2196799999999999
Profit %: 3.04%
Trailing Order ID: 15013529749
2025-05-15 15:30:26,807 - INFO - 
==================== ENTRY SIGNAL ====================
Symbol: 1000PEPE/USDT
Position: LONG
Time: 2025-05-15 15:30:26
Cross Pairs: [('2025-05-15 15:30', '2025-05-15 15:15')]
==================================================
2025-05-15 15:30:26,807 - INFO - 
==================== ENTRY SIGNAL ====================
Symbol: 1000PEPE/USDT
Position: LONG
Time: 2025-05-15 15:30:26
Price: 0.0137341
==================================================
2025-05-15 15:30:26,848 - INFO - Stop Loss Range Calculation:
EMA Cross Time: 2025-05-15 15:30:00+09:00
MACD Cross Time: 2025-05-15 15:15:00+09:00
SL Range: 2025-05-15 15:10:00+09:00 to 2025-05-15 15:15:00+09:00
2025-05-15 15:30:26,848 - INFO - Stop Loss calculation for long:
Data range: 2025-05-15 15:10:00+09:00 to 2025-05-15 15:15:00+09:00
Stop loss price: 0.0135361
Distance from entry: 0.0002027999999999995 (1.476%)
2025-05-15 15:30:26,849 - INFO - Take Profit calculation:
Entry: 0.0137389
Stop Loss: 0.0135361
SL Distance: 0.0002027999999999995
Take Profit: 0.0140938
2025-05-15 15:30:26,908 - ERROR - ===== Insufficient Balance =====
Symbol: 1000PEPE/USDT
Required: 10 USDT
Available: 5.78660466 USDT
2025-05-15 15:30:26,908 - ERROR - Failed to enter position for 1000PEPE/USDT: Insufficient balance
2025-05-15 15:35:03,964 - INFO - 
==================== ENTRY SIGNAL ====================
Symbol: 1000PEPE/USDT
Position: LONG
Time: 2025-05-15 15:35:03
Cross Pairs: [('2025-05-15 15:30', '2025-05-15 15:15')]
==================================================
2025-05-15 15:35:03,964 - INFO - 
==================== ENTRY SIGNAL ====================
Symbol: 1000PEPE/USDT
Position: LONG
Time: 2025-05-15 15:35:03
Price: 0.0136762
==================================================
2025-05-15 15:35:04,005 - INFO - Stop Loss Range Calculation:
EMA Cross Time: 2025-05-15 15:30:00+09:00
MACD Cross Time: 2025-05-15 15:15:00+09:00
SL Range: 2025-05-15 15:10:00+09:00 to 2025-05-15 15:15:00+09:00
2025-05-15 15:35:04,005 - INFO - Stop Loss calculation for long:
Data range: 2025-05-15 15:10:00+09:00 to 2025-05-15 15:15:00+09:00
Stop loss price: 0.0135361
Distance from entry: 0.0001405999999999994 (1.028%)
2025-05-15 15:35:04,005 - INFO - Take Profit calculation:
Entry: 0.0136767
Stop Loss: 0.0135361
SL Distance: 0.0001405999999999994
Take Profit: 0.01392275
2025-05-15 15:35:04,068 - ERROR - ===== Insufficient Balance =====
Symbol: 1000PEPE/USDT
Required: 10 USDT
Available: 5.78660466 USDT
2025-05-15 15:35:04,068 - ERROR - Failed to enter position for 1000PEPE/USDT: Insufficient balance
2025-05-15 15:39:44,742 - INFO - Position closed or order timeout after 839.3 minutes for WLD/USDT, cleaning up orders...
2025-05-15 15:39:44,927 - INFO - Found 2 open orders to cancel for WLD/USDT
2025-05-15 15:39:44,989 - INFO - Successfully cancelled order:
Symbol: WLD/USDT
Order ID: 15007201460
Type: stop
Side: buy
2025-05-15 15:39:45,050 - INFO - Successfully cancelled order:
Symbol: WLD/USDT
Order ID: 15013529749
Type: stop
Side: buy
2025-05-15 15:39:45,051 - INFO - Position Closed - Manual
Symbol: WLD/USDT
Time: 2025-05-15 15:39:45.051049
Position Type: short

2025-05-15 18:45:23,221 - INFO - 
==================== ENTRY SIGNAL ====================
Symbol: MOODENG/USDT
Position: SHORT
Time: 2025-05-15 18:45:23
Cross Pairs: [('2025-05-15 18:45', '2025-05-15 18:30')]
==================================================
2025-05-15 18:45:23,222 - INFO - 
==================== ENTRY SIGNAL ====================
Symbol: MOODENG/USDT
Position: SHORT
Time: 2025-05-15 18:45:23
Price: 0.22973
==================================================
2025-05-15 18:45:23,262 - INFO - Stop Loss Range Calculation:
EMA Cross Time: 2025-05-15 18:45:00+09:00
MACD Cross Time: 2025-05-15 18:30:00+09:00
SL Range: 2025-05-15 18:25:00+09:00 to 2025-05-15 18:30:00+09:00
2025-05-15 18:45:23,263 - INFO - Stop Loss calculation for short:
Data range: 2025-05-15 18:25:00+09:00 to 2025-05-15 18:30:00+09:00
Stop loss price: 0.23463
Distance from entry: 0.004970000000000002 (2.164%)
2025-05-15 18:45:23,263 - INFO - Take Profit calculation:
Entry: 0.22966
Stop Loss: 0.23463
SL Distance: 0.004970000000000002
Take Profit: 0.2209625
2025-05-15 18:45:24,001 - INFO - ===== Trade Successfully Executed =====
Symbol: MOODENG/USDT
Type: short
Entry: 0.22966
Stop Loss: 0.23463
Take Profit: 0.2209625
Position Size: 435.4262823304015
Margin Used: 10 USDT
Total Position Value: 100 USDT
Order IDs: Entry=3096696930, SL=3096696995, TP=3096697062
2025-05-15 18:50:05,784 - INFO - 
==================== ENTRY SIGNAL ====================
Symbol: GOAT/USDT
Position: SHORT
Time: 2025-05-15 18:50:05
Cross Pairs: [('2025-05-15 18:50', '2025-05-15 18:40')]
==================================================
2025-05-15 18:50:05,784 - INFO - 
==================== ENTRY SIGNAL ====================
Symbol: GOAT/USDT
Position: SHORT
Time: 2025-05-15 18:50:05
Price: 0.18157
==================================================
2025-05-15 18:50:05,828 - INFO - Stop Loss Range Calculation:
EMA Cross Time: 2025-05-15 18:50:00+09:00
MACD Cross Time: 2025-05-15 18:40:00+09:00
SL Range: 2025-05-15 18:35:00+09:00 to 2025-05-15 18:40:00+09:00
2025-05-15 18:50:05,828 - INFO - Stop Loss calculation for short:
Data range: 2025-05-15 18:35:00+09:00 to 2025-05-15 18:40:00+09:00
Stop loss price: 0.18622
Distance from entry: 0.004599999999999993 (2.533%)
2025-05-15 18:50:05,828 - INFO - Take Profit calculation:
Entry: 0.18162
Stop Loss: 0.18622
SL Distance: 0.004599999999999993
Take Profit: 0.17357
2025-05-15 18:50:06,578 - INFO - ===== Trade Successfully Executed =====
Symbol: GOAT/USDT
Type: short
Entry: 0.18162
Stop Loss: 0.18622
Take Profit: 0.17357
Position Size: 550.6001541680431
Margin Used: 10 USDT
Total Position Value: 100 USDT
Order IDs: Entry=2098313077, SL=2098313160, TP=2098313194
2025-05-15 18:52:21,319 - INFO - Position closed or order timeout after 546.9 minutes for MOODENG/USDT, cleaning up orders...
2025-05-15 18:52:21,505 - INFO - Found 1 open orders to cancel for MOODENG/USDT
2025-05-15 18:52:21,565 - INFO - Successfully cancelled order:
Symbol: MOODENG/USDT
Order ID: 3096697062
Type: take_profit
Side: buy
2025-05-15 18:52:21,566 - INFO - Position Closed - Manual
Symbol: MOODENG/USDT
Time: 2025-05-15 18:52:21.566518
Position Type: short

2025-05-15 19:03:58,038 - INFO - Position closed or order timeout after 553.9 minutes for GOAT/USDT, cleaning up orders...
2025-05-15 19:03:58,223 - INFO - Found 1 open orders to cancel for GOAT/USDT
2025-05-15 19:03:58,290 - INFO - Successfully cancelled order:
Symbol: GOAT/USDT
Order ID: 2098313194
Type: take_profit
Side: buy
2025-05-15 19:03:58,291 - INFO - Position Closed - Manual
Symbol: GOAT/USDT
Time: 2025-05-15 19:03:58.291508
Position Type: short

2025-05-15 19:40:45,871 - INFO - 
==================== ENTRY SIGNAL ====================
Symbol: MOODENG/USDT
Position: SHORT
Time: 2025-05-15 19:40:45
Cross Pairs: [('2025-05-15 19:40', '2025-05-15 19:30')]
==================================================
2025-05-15 19:40:45,871 - INFO - 
==================== ENTRY SIGNAL ====================
Symbol: MOODENG/USDT
Position: SHORT
Time: 2025-05-15 19:40:45
Price: 0.23168
==================================================
2025-05-15 19:40:45,913 - INFO - Stop Loss Range Calculation:
EMA Cross Time: 2025-05-15 19:40:00+09:00
MACD Cross Time: 2025-05-15 19:30:00+09:00
SL Range: 2025-05-15 19:25:00+09:00 to 2025-05-15 19:30:00+09:00
2025-05-15 19:40:45,913 - INFO - Stop Loss calculation for short:
Data range: 2025-05-15 19:25:00+09:00 to 2025-05-15 19:30:00+09:00
Stop loss price: 0.23477
Distance from entry: 0.003129999999999994 (1.351%)
2025-05-15 19:40:45,913 - INFO - Take Profit calculation:
Entry: 0.23164
Stop Loss: 0.23477
SL Distance: 0.003129999999999994
Take Profit: 0.22616250000000002
2025-05-15 19:40:46,654 - INFO - ===== Trade Successfully Executed =====
Symbol: MOODENG/USDT
Type: short
Entry: 0.23164
Stop Loss: 0.23477
Take Profit: 0.22616250000000002
Position Size: 431.7043688482127
Margin Used: 10 USDT
Total Position Value: 100 USDT
Order IDs: Entry=3098345985, SL=3098346003, TP=3098346041
2025-05-15 19:58:06,284 - INFO - Position closed or order timeout after 557.3 minutes for MOODENG/USDT, cleaning up orders...
2025-05-15 19:58:06,468 - INFO - Found 1 open orders to cancel for MOODENG/USDT
2025-05-15 19:58:06,530 - INFO - Successfully cancelled order:
Symbol: MOODENG/USDT
Order ID: 3098346041
Type: take_profit
Side: buy
2025-05-15 19:58:06,530 - INFO - Position Closed - Manual
Symbol: MOODENG/USDT
Time: 2025-05-15 19:58:06.530300
Position Type: short

2025-05-15 21:45:22,325 - INFO - 
==================== ENTRY SIGNAL ====================
Symbol: FXS/USDT
Position: LONG
Time: 2025-05-15 21:45:22
Cross Pairs: [('2025-05-15 21:45', '2025-05-15 21:35')]
==================================================
2025-05-15 21:45:22,326 - INFO - 
==================== ENTRY SIGNAL ====================
Symbol: FXS/USDT
Position: LONG
Time: 2025-05-15 21:45:22
Price: 2.9896
==================================================
2025-05-15 21:45:22,368 - INFO - Stop Loss Range Calculation:
EMA Cross Time: 2025-05-15 21:45:00+09:00
MACD Cross Time: 2025-05-15 21:35:00+09:00
SL Range: 2025-05-15 21:30:00+09:00 to 2025-05-15 21:35:00+09:00
2025-05-15 21:45:22,369 - INFO - Stop Loss calculation for long:
Data range: 2025-05-15 21:30:00+09:00 to 2025-05-15 21:35:00+09:00
Stop loss price: 2.9022
Distance from entry: 0.08840000000000003 (2.956%)
2025-05-15 21:45:22,369 - INFO - Take Profit calculation:
Entry: 2.9906
Stop Loss: 2.9022
SL Distance: 0.08840000000000003
Take Profit: 3.1453
2025-05-15 21:45:23,098 - INFO - ===== Trade Successfully Executed =====
Symbol: FXS/USDT
Type: long
Entry: 2.9906
Stop Loss: 2.9022
Take Profit: 3.1453
Position Size: 33.438106065672436
Margin Used: 10 USDT
Total Position Value: 100 USDT
Order IDs: Entry=2692295037, SL=2692295040, TP=2692295055
2025-05-15 22:25:50,870 - INFO - 
==================== ENTRY SIGNAL ====================
Symbol: MOODENG/USDT
Position: SHORT
Time: 2025-05-15 22:25:50
Cross Pairs: [('2025-05-15 22:20', '2025-05-15 22:10')]
==================================================
2025-05-15 22:25:50,870 - INFO - 
==================== ENTRY SIGNAL ====================
Symbol: MOODENG/USDT
Position: SHORT
Time: 2025-05-15 22:25:50
Price: 0.23212
==================================================
2025-05-15 22:25:50,910 - INFO - Stop Loss Range Calculation:
EMA Cross Time: 2025-05-15 22:20:00+09:00
MACD Cross Time: 2025-05-15 22:10:00+09:00
SL Range: 2025-05-15 22:05:00+09:00 to 2025-05-15 22:10:00+09:00
2025-05-15 22:25:50,911 - INFO - Stop Loss calculation for short:
Data range: 2025-05-15 22:05:00+09:00 to 2025-05-15 22:10:00+09:00
Stop loss price: 0.23896
Distance from entry: 0.006659999999999999 (2.867%)
2025-05-15 22:25:50,911 - INFO - Take Profit calculation:
Entry: 0.2323
Stop Loss: 0.23896
SL Distance: 0.006659999999999999
Take Profit: 0.220645
2025-05-15 22:25:50,970 - ERROR - ===== Insufficient Balance =====
Symbol: MOODENG/USDT
Required: 10 USDT
Available: 4.08493001 USDT
2025-05-15 22:25:50,970 - ERROR - Failed to enter position for MOODENG/USDT: Insufficient balance
2025-05-15 22:30:28,734 - INFO - 
==================== ENTRY SIGNAL ====================
Symbol: MOODENG/USDT
Position: SHORT
Time: 2025-05-15 22:30:28
Cross Pairs: [('2025-05-15 22:20', '2025-05-15 22:10')]
==================================================
2025-05-15 22:30:28,734 - INFO - 
==================== ENTRY SIGNAL ====================
Symbol: MOODENG/USDT
Position: SHORT
Time: 2025-05-15 22:30:28
Price: 0.23256
==================================================
2025-05-15 22:30:28,775 - INFO - Stop Loss Range Calculation:
EMA Cross Time: 2025-05-15 22:20:00+09:00
MACD Cross Time: 2025-05-15 22:10:00+09:00
SL Range: 2025-05-15 22:05:00+09:00 to 2025-05-15 22:10:00+09:00
2025-05-15 22:30:28,776 - INFO - Stop Loss calculation for short:
Data range: 2025-05-15 22:05:00+09:00 to 2025-05-15 22:10:00+09:00
Stop loss price: 0.23896
Distance from entry: 0.006230000000000013 (2.677%)
2025-05-15 22:30:28,776 - INFO - Take Profit calculation:
Entry: 0.23273
Stop Loss: 0.23896
SL Distance: 0.006230000000000013
Take Profit: 0.22182749999999996
2025-05-15 22:30:28,833 - ERROR - ===== Insufficient Balance =====
Symbol: MOODENG/USDT
Required: 10 USDT
Available: 4.08493001 USDT
2025-05-15 22:30:28,833 - ERROR - Failed to enter position for MOODENG/USDT: Insufficient balance
