2025-05-15 23:56:51,158 - INFO - Leverage set for TIA/USDT: 10x
2025-05-15 23:56:51,221 - INFO - Leverage set for DOGS/USDT: 10x
2025-05-15 23:56:51,284 - ERROR - Error setting leverage for BAN/USDT: binance {"code":-4028,"msg":"Leverage 10 is not valid"}
2025-05-15 23:56:51,344 - INFO - Leverage set for BOME/USDT: 10x
2025-05-15 23:56:51,409 - INFO - Leverage set for ORCA/USDT: 10x
2025-05-15 23:56:51,470 - ERROR - Error setting leverage for AMB/USDT: binance {"code":-4028,"msg":"Leverage 10 is not valid"}
2025-05-15 23:56:51,534 - INFO - Leverage set for BOND/USDT: 10x
2025-05-15 23:56:51,593 - INFO - Leverage set for NEAR/USDT: 10x
2025-05-15 23:56:51,656 - INFO - Leverage set for HIPPO/USDT: 10x
2025-05-15 23:56:51,719 - INFO - Leverage set for BAKE/USDT: 10x
2025-05-15 23:56:51,784 - INFO - Leverage set for FXS/USDT: 10x
2025-05-15 23:56:51,848 - INFO - Leverage set for 1000PEPE/USDT: 10x
2025-05-15 23:56:51,910 - INFO - Leverage set for ACX/USDT: 10x
2025-05-15 23:56:51,971 - INFO - Leverage set for LINK/USDT: 10x
2025-05-15 23:56:52,033 - INFO - Leverage set for POL/USDT: 10x
2025-05-15 23:56:52,098 - INFO - Leverage set for MOODENG/USDT: 10x
2025-05-15 23:56:52,158 - INFO - Leverage set for ATOM/USDT: 10x
2025-05-15 23:56:52,218 - INFO - Leverage set for PHA/USDT: 10x
2025-05-15 23:56:52,281 - INFO - Leverage set for ORDI/USDT: 10x
2025-05-15 23:56:52,346 - INFO - Leverage set for DOGE/USDT: 10x
2025-05-15 23:56:52,408 - INFO - Leverage set for XLM/USDT: 10x
2025-05-15 23:56:52,471 - INFO - Leverage set for GALA/USDT: 10x
2025-05-15 23:56:52,532 - INFO - Leverage set for TNSR/USDT: 10x
2025-05-15 23:56:52,597 - INFO - Leverage set for GRASS/USDT: 10x
2025-05-15 23:56:52,658 - INFO - Leverage set for DOT/USDT: 10x
2025-05-15 23:56:52,721 - INFO - Leverage set for ZRO/USDT: 10x
2025-05-15 23:56:52,781 - INFO - Leverage set for BNB/USDT: 10x
2025-05-15 23:56:52,846 - INFO - Leverage set for THETA/USDT: 10x
2025-05-15 23:56:52,910 - INFO - Leverage set for ARPA/USDT: 10x
2025-05-15 23:56:52,970 - INFO - Leverage set for EOS/USDT: 10x
2025-05-15 23:56:53,031 - INFO - Leverage set for XRP/USDT: 10x
2025-05-15 23:56:53,092 - INFO - Leverage set for ADA/USDT: 10x
2025-05-15 23:56:53,154 - INFO - Leverage set for WLD/USDT: 10x
2025-05-15 23:56:53,221 - INFO - Leverage set for RENDER/USDT: 10x
2025-05-15 23:56:53,282 - INFO - Leverage set for PENGU/USDT: 10x
2025-05-15 23:56:53,347 - INFO - Leverage set for AIXBT/USDT: 10x
2025-05-15 23:56:53,408 - INFO - Leverage set for ATA/USDT: 10x
2025-05-15 23:56:53,467 - INFO - Leverage set for NEAR/USDT: 10x
2025-05-15 23:56:53,530 - INFO - Leverage set for SUI/USDT: 10x
2025-05-15 23:56:53,594 - INFO - Leverage set for AVAX/USDT: 10x
2025-05-15 23:56:53,656 - INFO - Leverage set for MOVE/USDT: 10x
2025-05-15 23:56:53,722 - INFO - Leverage set for GOAT/USDT: 10x
2025-05-15 23:56:53,782 - INFO - Leverage set for HIVE/USDT: 10x
2025-05-15 23:56:53,852 - INFO - Leverage set for COW/USDT: 10x
2025-05-15 23:56:53,908 - INFO - Leverage set for ZEN/USDT: 10x
2025-05-15 23:56:53,970 - INFO - Leverage set for ONDOUSDT: 10x
2025-05-15 23:56:54,033 - INFO - Leverage set for USUAL/USDT: 10x
2025-05-15 23:56:54,097 - INFO - Leverage set for BRETT/USDT: 10x
2025-05-15 23:56:54,157 - INFO - Leverage set for 1000PEPE/USDT: 10x
2025-05-15 23:56:54,218 - INFO - Leverage set for VANA/USDT: 10x
2025-05-15 23:56:54,282 - INFO - Leverage set for MELANIA/USDT: 10x
2025-05-15 23:56:54,282 - INFO - Bot started running
Leverage: 10x
Margin Amount: 10 USDT
Max Daily Loss: 10 USDT
Trading Symbols: ['TIA/USDT', 'DOGS/USDT', 'BAN/USDT', 'BOME/USDT', 'ORCA/USDT', 'AMB/USDT', 'BOND/USDT', 'NEAR/USDT', 'HIPPO/USDT', 'BAKE/USDT', 'FXS/USDT', '1000PEPE/USDT', 'ACX/USDT', 'LINK/USDT', 'POL/USDT', 'MOODENG/USDT', 'ATOM/USDT', 'PHA/USDT', 'ORDI/USDT', 'DOGE/USDT', 'XLM/USDT', 'GALA/USDT', 'TNSR/USDT', 'GRASS/USDT', 'DOT/USDT', 'ZRO/USDT', 'BNB/USDT', 'THETA/USDT', 'ARPA/USDT', 'EOS/USDT', 'XRP/USDT', 'ADA/USDT', 'WLD/USDT', 'RENDER/USDT', 'PENGU/USDT', 'AIXBT/USDT', 'ATA/USDT', 'NEAR/USDT', 'SUI/USDT', 'AVAX/USDT', 'MOVE/USDT', 'GOAT/USDT', 'HIVE/USDT', 'COW/USDT', 'ZEN/USDT', 'ONDOUSDT', 'USUAL/USDT', 'BRETT/USDT', '1000PEPE/USDT', 'VANA/USDT', 'MELANIA/USDT']
2025-05-15 23:56:54,676 - INFO - Retrieved data for TIA/USDT: 300 rows
2025-05-15 23:56:54,679 - INFO - Calculating indicators for TIA/USDT
2025-05-15 23:56:54,679 - INFO - DataFrame columns: ['open', 'high', 'low', 'close', 'volume']
2025-05-15 23:56:54,919 - INFO - Retrieved data for DOGS/USDT: 300 rows
2025-05-15 23:56:54,919 - INFO - Calculating indicators for DOGS/USDT
2025-05-15 23:56:54,919 - INFO - DataFrame columns: ['open', 'high', 'low', 'close', 'volume']
2025-05-15 23:56:55,132 - INFO - Retrieved data for BAN/USDT: 300 rows
2025-05-15 23:56:55,132 - INFO - Calculating indicators for BAN/USDT
2025-05-15 23:56:55,132 - INFO - DataFrame columns: ['open', 'high', 'low', 'close', 'volume']
2025-05-15 23:56:55,361 - INFO - Retrieved data for BOME/USDT: 300 rows
2025-05-15 23:56:55,361 - INFO - Calculating indicators for BOME/USDT
2025-05-15 23:56:55,361 - INFO - DataFrame columns: ['open', 'high', 'low', 'close', 'volume']
2025-05-15 23:56:55,587 - INFO - Retrieved data for ORCA/USDT: 300 rows
2025-05-15 23:56:55,587 - INFO - Calculating indicators for ORCA/USDT
2025-05-15 23:56:55,588 - INFO - DataFrame columns: ['open', 'high', 'low', 'close', 'volume']
2025-05-15 23:56:55,798 - INFO - Retrieved data for AMB/USDT: 300 rows
2025-05-15 23:56:55,799 - INFO - Calculating indicators for AMB/USDT
2025-05-15 23:56:55,799 - INFO - DataFrame columns: ['open', 'high', 'low', 'close', 'volume']
2025-05-15 23:56:56,022 - INFO - Retrieved data for BOND/USDT: 300 rows
2025-05-15 23:56:56,022 - INFO - Calculating indicators for BOND/USDT
2025-05-15 23:56:56,022 - INFO - DataFrame columns: ['open', 'high', 'low', 'close', 'volume']
2025-05-15 23:56:56,239 - INFO - Retrieved data for NEAR/USDT: 300 rows
2025-05-15 23:56:56,240 - INFO - Calculating indicators for NEAR/USDT
2025-05-15 23:56:56,240 - INFO - DataFrame columns: ['open', 'high', 'low', 'close', 'volume']
2025-05-15 23:56:56,460 - INFO - Retrieved data for HIPPO/USDT: 300 rows
2025-05-15 23:56:56,460 - INFO - Calculating indicators for HIPPO/USDT
2025-05-15 23:56:56,461 - INFO - DataFrame columns: ['open', 'high', 'low', 'close', 'volume']
2025-05-15 23:56:56,681 - INFO - Retrieved data for BAKE/USDT: 300 rows
2025-05-15 23:56:56,681 - INFO - Calculating indicators for BAKE/USDT
2025-05-15 23:56:56,682 - INFO - DataFrame columns: ['open', 'high', 'low', 'close', 'volume']
2025-05-15 23:56:56,899 - INFO - Retrieved data for FXS/USDT: 300 rows
2025-05-15 23:56:56,900 - INFO - Calculating indicators for FXS/USDT
2025-05-15 23:56:56,900 - INFO - DataFrame columns: ['open', 'high', 'low', 'close', 'volume']
2025-05-15 23:56:57,122 - INFO - Retrieved data for 1000PEPE/USDT: 300 rows
2025-05-15 23:56:57,123 - INFO - Calculating indicators for 1000PEPE/USDT
2025-05-15 23:56:57,123 - INFO - DataFrame columns: ['open', 'high', 'low', 'close', 'volume']
2025-05-15 23:56:57,343 - INFO - Retrieved data for ACX/USDT: 300 rows
2025-05-15 23:56:57,344 - INFO - Calculating indicators for ACX/USDT
2025-05-15 23:56:57,344 - INFO - DataFrame columns: ['open', 'high', 'low', 'close', 'volume']
2025-05-15 23:56:57,564 - INFO - Retrieved data for LINK/USDT: 300 rows
2025-05-15 23:56:57,564 - INFO - Calculating indicators for LINK/USDT
2025-05-15 23:56:57,565 - INFO - DataFrame columns: ['open', 'high', 'low', 'close', 'volume']
2025-05-15 23:56:57,789 - INFO - Retrieved data for POL/USDT: 300 rows
2025-05-15 23:56:57,789 - INFO - Calculating indicators for POL/USDT
2025-05-15 23:56:57,789 - INFO - DataFrame columns: ['open', 'high', 'low', 'close', 'volume']
2025-05-15 23:56:58,005 - INFO - Retrieved data for MOODENG/USDT: 300 rows
2025-05-15 23:56:58,005 - INFO - Calculating indicators for MOODENG/USDT
2025-05-15 23:56:58,005 - INFO - DataFrame columns: ['open', 'high', 'low', 'close', 'volume']
2025-05-15 23:56:58,228 - INFO - Retrieved data for ATOM/USDT: 300 rows
2025-05-15 23:56:58,229 - INFO - Calculating indicators for ATOM/USDT
2025-05-15 23:56:58,229 - INFO - DataFrame columns: ['open', 'high', 'low', 'close', 'volume']
2025-05-15 23:56:58,448 - INFO - Retrieved data for PHA/USDT: 300 rows
2025-05-15 23:56:58,448 - INFO - Calculating indicators for PHA/USDT
2025-05-15 23:56:58,448 - INFO - DataFrame columns: ['open', 'high', 'low', 'close', 'volume']
2025-05-15 23:56:58,666 - INFO - Retrieved data for ORDI/USDT: 300 rows
2025-05-15 23:56:58,666 - INFO - Calculating indicators for ORDI/USDT
2025-05-15 23:56:58,666 - INFO - DataFrame columns: ['open', 'high', 'low', 'close', 'volume']
2025-05-15 23:56:58,884 - INFO - Retrieved data for DOGE/USDT: 300 rows
2025-05-15 23:56:58,884 - INFO - Calculating indicators for DOGE/USDT
2025-05-15 23:56:58,884 - INFO - DataFrame columns: ['open', 'high', 'low', 'close', 'volume']
2025-05-15 23:56:59,105 - INFO - Retrieved data for XLM/USDT: 300 rows
2025-05-15 23:56:59,106 - INFO - Calculating indicators for XLM/USDT
2025-05-15 23:56:59,106 - INFO - DataFrame columns: ['open', 'high', 'low', 'close', 'volume']
2025-05-15 23:56:59,328 - INFO - Retrieved data for GALA/USDT: 300 rows
2025-05-15 23:56:59,328 - INFO - Calculating indicators for GALA/USDT
2025-05-15 23:56:59,328 - INFO - DataFrame columns: ['open', 'high', 'low', 'close', 'volume']
2025-05-15 23:56:59,548 - INFO - Retrieved data for TNSR/USDT: 300 rows
2025-05-15 23:56:59,548 - INFO - Calculating indicators for TNSR/USDT
2025-05-15 23:56:59,548 - INFO - DataFrame columns: ['open', 'high', 'low', 'close', 'volume']
2025-05-15 23:56:59,768 - INFO - Retrieved data for GRASS/USDT: 300 rows
2025-05-15 23:56:59,769 - INFO - Calculating indicators for GRASS/USDT
2025-05-15 23:56:59,769 - INFO - DataFrame columns: ['open', 'high', 'low', 'close', 'volume']
2025-05-15 23:56:59,989 - INFO - Retrieved data for DOT/USDT: 300 rows
2025-05-15 23:56:59,990 - INFO - Calculating indicators for DOT/USDT
2025-05-15 23:56:59,990 - INFO - DataFrame columns: ['open', 'high', 'low', 'close', 'volume']
2025-05-15 23:57:00,212 - INFO - Retrieved data for ZRO/USDT: 300 rows
2025-05-15 23:57:00,212 - INFO - Calculating indicators for ZRO/USDT
2025-05-15 23:57:00,212 - INFO - DataFrame columns: ['open', 'high', 'low', 'close', 'volume']
2025-05-15 23:57:00,429 - INFO - Retrieved data for BNB/USDT: 300 rows
2025-05-15 23:57:00,429 - INFO - Calculating indicators for BNB/USDT
2025-05-15 23:57:00,429 - INFO - DataFrame columns: ['open', 'high', 'low', 'close', 'volume']
2025-05-15 23:57:00,648 - INFO - Retrieved data for THETA/USDT: 300 rows
2025-05-15 23:57:00,648 - INFO - Calculating indicators for THETA/USDT
2025-05-15 23:57:00,648 - INFO - DataFrame columns: ['open', 'high', 'low', 'close', 'volume']
2025-05-15 23:57:00,865 - INFO - Retrieved data for ARPA/USDT: 300 rows
2025-05-15 23:57:00,865 - INFO - Calculating indicators for ARPA/USDT
2025-05-15 23:57:00,866 - INFO - DataFrame columns: ['open', 'high', 'low', 'close', 'volume']
2025-05-15 23:57:01,085 - INFO - Retrieved data for EOS/USDT: 300 rows
2025-05-15 23:57:01,085 - INFO - Calculating indicators for EOS/USDT
2025-05-15 23:57:01,085 - INFO - DataFrame columns: ['open', 'high', 'low', 'close', 'volume']
2025-05-15 23:57:01,305 - INFO - Retrieved data for XRP/USDT: 300 rows
2025-05-15 23:57:01,305 - INFO - Calculating indicators for XRP/USDT
2025-05-15 23:57:01,305 - INFO - DataFrame columns: ['open', 'high', 'low', 'close', 'volume']
2025-05-15 23:57:01,524 - INFO - Retrieved data for ADA/USDT: 300 rows
2025-05-15 23:57:01,525 - INFO - Calculating indicators for ADA/USDT
2025-05-15 23:57:01,525 - INFO - DataFrame columns: ['open', 'high', 'low', 'close', 'volume']
2025-05-15 23:57:01,739 - INFO - Retrieved data for WLD/USDT: 300 rows
2025-05-15 23:57:01,739 - INFO - Calculating indicators for WLD/USDT
2025-05-15 23:57:01,739 - INFO - DataFrame columns: ['open', 'high', 'low', 'close', 'volume']
2025-05-15 23:57:01,961 - INFO - Retrieved data for RENDER/USDT: 300 rows
2025-05-15 23:57:01,962 - INFO - Calculating indicators for RENDER/USDT
2025-05-15 23:57:01,962 - INFO - DataFrame columns: ['open', 'high', 'low', 'close', 'volume']
2025-05-15 23:57:02,184 - INFO - Retrieved data for PENGU/USDT: 300 rows
2025-05-15 23:57:02,184 - INFO - Calculating indicators for PENGU/USDT
2025-05-15 23:57:02,185 - INFO - DataFrame columns: ['open', 'high', 'low', 'close', 'volume']
2025-05-15 23:57:02,406 - INFO - Retrieved data for AIXBT/USDT: 300 rows
2025-05-15 23:57:02,406 - INFO - Calculating indicators for AIXBT/USDT
2025-05-15 23:57:02,406 - INFO - DataFrame columns: ['open', 'high', 'low', 'close', 'volume']
2025-05-15 23:57:02,629 - INFO - Retrieved data for ATA/USDT: 300 rows
2025-05-15 23:57:02,629 - INFO - Calculating indicators for ATA/USDT
2025-05-15 23:57:02,629 - INFO - DataFrame columns: ['open', 'high', 'low', 'close', 'volume']
2025-05-15 23:57:02,848 - INFO - Retrieved data for NEAR/USDT: 300 rows
2025-05-15 23:57:03,023 - INFO - Retrieved data for SUI/USDT: 300 rows
2025-05-15 23:57:03,024 - INFO - Calculating indicators for SUI/USDT
2025-05-15 23:57:03,024 - INFO - DataFrame columns: ['open', 'high', 'low', 'close', 'volume']
2025-05-15 23:57:03,241 - INFO - Retrieved data for AVAX/USDT: 300 rows
2025-05-15 23:57:03,241 - INFO - Calculating indicators for AVAX/USDT
2025-05-15 23:57:03,241 - INFO - DataFrame columns: ['open', 'high', 'low', 'close', 'volume']
2025-05-15 23:57:03,462 - INFO - Retrieved data for MOVE/USDT: 300 rows
2025-05-15 23:57:03,462 - INFO - Calculating indicators for MOVE/USDT
2025-05-15 23:57:03,462 - INFO - DataFrame columns: ['open', 'high', 'low', 'close', 'volume']
2025-05-15 23:57:03,679 - INFO - Retrieved data for GOAT/USDT: 300 rows
2025-05-15 23:57:03,680 - INFO - Calculating indicators for GOAT/USDT
2025-05-15 23:57:03,680 - INFO - DataFrame columns: ['open', 'high', 'low', 'close', 'volume']
2025-05-15 23:57:03,896 - INFO - Retrieved data for HIVE/USDT: 300 rows
2025-05-15 23:57:03,897 - INFO - Calculating indicators for HIVE/USDT
2025-05-15 23:57:03,897 - INFO - DataFrame columns: ['open', 'high', 'low', 'close', 'volume']
2025-05-15 23:57:04,134 - INFO - Retrieved data for COW/USDT: 300 rows
2025-05-15 23:57:04,135 - INFO - Calculating indicators for COW/USDT
2025-05-15 23:57:04,135 - INFO - DataFrame columns: ['open', 'high', 'low', 'close', 'volume']
2025-05-15 23:57:04,357 - INFO - Retrieved data for ZEN/USDT: 300 rows
2025-05-15 23:57:04,357 - INFO - Calculating indicators for ZEN/USDT
2025-05-15 23:57:04,357 - INFO - DataFrame columns: ['open', 'high', 'low', 'close', 'volume']
2025-05-15 23:57:04,578 - INFO - Retrieved data for ONDOUSDT: 300 rows
2025-05-15 23:57:04,579 - INFO - Calculating indicators for ONDOUSDT
2025-05-15 23:57:04,579 - INFO - DataFrame columns: ['open', 'high', 'low', 'close', 'volume']
2025-05-15 23:57:04,811 - INFO - Retrieved data for USUAL/USDT: 300 rows
2025-05-15 23:57:04,811 - INFO - Calculating indicators for USUAL/USDT
2025-05-15 23:57:04,811 - INFO - DataFrame columns: ['open', 'high', 'low', 'close', 'volume']
2025-05-15 23:57:05,036 - INFO - Retrieved data for BRETT/USDT: 300 rows
2025-05-15 23:57:05,037 - INFO - Calculating indicators for BRETT/USDT
2025-05-15 23:57:05,037 - INFO - DataFrame columns: ['open', 'high', 'low', 'close', 'volume']
2025-05-15 23:57:05,253 - INFO - Retrieved data for 1000PEPE/USDT: 300 rows
2025-05-15 23:57:05,427 - INFO - Retrieved data for VANA/USDT: 300 rows
2025-05-15 23:57:05,427 - INFO - Calculating indicators for VANA/USDT
2025-05-15 23:57:05,428 - INFO - DataFrame columns: ['open', 'high', 'low', 'close', 'volume']
2025-05-15 23:57:05,695 - INFO - Retrieved data for MELANIA/USDT: 300 rows
2025-05-15 23:57:05,695 - INFO - Calculating indicators for MELANIA/USDT
2025-05-15 23:57:05,696 - INFO - DataFrame columns: ['open', 'high', 'low', 'close', 'volume']
2025-05-15 23:58:05,922 - INFO - Retrieved data for TIA/USDT: 300 rows
2025-05-15 23:58:06,092 - INFO - Retrieved data for DOGS/USDT: 300 rows
2025-05-15 23:58:06,262 - INFO - Retrieved data for BAN/USDT: 300 rows
2025-05-15 23:58:06,429 - INFO - Retrieved data for BOME/USDT: 300 rows
2025-05-15 23:58:06,601 - INFO - Retrieved data for ORCA/USDT: 300 rows
2025-05-15 23:58:06,765 - INFO - Retrieved data for AMB/USDT: 300 rows
2025-05-15 23:58:06,937 - INFO - Retrieved data for BOND/USDT: 300 rows
2025-05-15 23:58:07,112 - INFO - Retrieved data for NEAR/USDT: 300 rows
2025-05-15 23:58:07,283 - INFO - Retrieved data for HIPPO/USDT: 300 rows
2025-05-15 23:58:07,448 - INFO - Retrieved data for BAKE/USDT: 300 rows
2025-05-15 23:58:07,620 - INFO - Retrieved data for FXS/USDT: 300 rows
2025-05-15 23:58:07,790 - INFO - Retrieved data for 1000PEPE/USDT: 300 rows
2025-05-15 23:58:07,960 - INFO - Retrieved data for ACX/USDT: 300 rows
2025-05-15 23:58:08,127 - INFO - Retrieved data for LINK/USDT: 300 rows
2025-05-15 23:58:08,299 - INFO - Retrieved data for POL/USDT: 300 rows
2025-05-15 23:58:08,473 - INFO - Retrieved data for MOODENG/USDT: 300 rows
2025-05-15 23:58:08,644 - INFO - Retrieved data for ATOM/USDT: 300 rows
2025-05-15 23:58:08,814 - INFO - Retrieved data for PHA/USDT: 300 rows
2025-05-15 23:58:08,983 - INFO - Retrieved data for ORDI/USDT: 300 rows
2025-05-15 23:58:09,151 - INFO - Retrieved data for DOGE/USDT: 300 rows
2025-05-15 23:58:09,323 - INFO - Retrieved data for XLM/USDT: 300 rows
2025-05-15 23:58:09,476 - INFO - Retrieved data for GALA/USDT: 300 rows
2025-05-15 23:58:09,644 - INFO - Retrieved data for TNSR/USDT: 300 rows
2025-05-15 23:58:09,816 - INFO - Retrieved data for GRASS/USDT: 300 rows
2025-05-15 23:58:09,987 - INFO - Retrieved data for DOT/USDT: 300 rows
2025-05-15 23:58:10,141 - INFO - Retrieved data for ZRO/USDT: 300 rows
2025-05-15 23:58:10,309 - INFO - Retrieved data for BNB/USDT: 300 rows
2025-05-15 23:58:10,476 - INFO - Retrieved data for THETA/USDT: 300 rows
2025-05-15 23:58:10,647 - INFO - Retrieved data for ARPA/USDT: 300 rows
2025-05-15 23:58:10,818 - INFO - Retrieved data for EOS/USDT: 300 rows
2025-05-15 23:58:10,993 - INFO - Retrieved data for XRP/USDT: 300 rows
2025-05-15 23:58:11,142 - INFO - Retrieved data for ADA/USDT: 300 rows
2025-05-15 23:58:11,312 - INFO - Retrieved data for WLD/USDT: 300 rows
2025-05-15 23:58:11,483 - INFO - Retrieved data for RENDER/USDT: 300 rows
2025-05-15 23:58:11,639 - INFO - Retrieved data for PENGU/USDT: 300 rows
2025-05-15 23:58:11,807 - INFO - Retrieved data for AIXBT/USDT: 300 rows
2025-05-15 23:58:11,976 - INFO - Retrieved data for ATA/USDT: 300 rows
2025-05-15 23:58:12,146 - INFO - Retrieved data for NEAR/USDT: 300 rows
2025-05-15 23:58:12,319 - INFO - Retrieved data for SUI/USDT: 300 rows
2025-05-15 23:58:12,490 - INFO - Retrieved data for AVAX/USDT: 300 rows
2025-05-15 23:58:12,659 - INFO - Retrieved data for MOVE/USDT: 300 rows
2025-05-15 23:58:12,828 - INFO - Retrieved data for GOAT/USDT: 300 rows
2025-05-15 23:58:12,997 - INFO - Retrieved data for HIVE/USDT: 300 rows
2025-05-15 23:58:13,169 - INFO - Retrieved data for COW/USDT: 300 rows
2025-05-15 23:58:13,337 - INFO - Retrieved data for ZEN/USDT: 300 rows
2025-05-15 23:58:13,508 - INFO - Retrieved data for ONDOUSDT: 300 rows
2025-05-15 23:58:13,681 - INFO - Retrieved data for USUAL/USDT: 300 rows
2025-05-15 23:58:13,848 - INFO - Retrieved data for BRETT/USDT: 300 rows
2025-05-15 23:58:14,017 - INFO - Retrieved data for 1000PEPE/USDT: 300 rows
2025-05-15 23:58:14,188 - INFO - Retrieved data for VANA/USDT: 300 rows
2025-05-15 23:58:14,360 - INFO - Retrieved data for MELANIA/USDT: 300 rows
2025-05-15 23:59:14,599 - INFO - Retrieved data for TIA/USDT: 300 rows
2025-05-15 23:59:14,764 - INFO - Retrieved data for DOGS/USDT: 300 rows
2025-05-15 23:59:14,922 - INFO - Retrieved data for BAN/USDT: 300 rows
2025-05-15 23:59:15,090 - INFO - Retrieved data for BOME/USDT: 300 rows
2025-05-15 23:59:15,262 - INFO - Retrieved data for ORCA/USDT: 300 rows
2025-05-15 23:59:15,427 - INFO - Retrieved data for AMB/USDT: 300 rows
2025-05-15 23:59:15,599 - INFO - Retrieved data for BOND/USDT: 300 rows
2025-05-15 23:59:15,771 - INFO - Retrieved data for NEAR/USDT: 300 rows
2025-05-15 23:59:15,941 - INFO - Retrieved data for HIPPO/USDT: 300 rows
2025-05-15 23:59:16,109 - INFO - Retrieved data for BAKE/USDT: 300 rows
2025-05-15 23:59:16,283 - INFO - Retrieved data for FXS/USDT: 300 rows
2025-05-15 23:59:16,435 - INFO - Retrieved data for 1000PEPE/USDT: 300 rows
2025-05-15 23:59:16,601 - INFO - Retrieved data for ACX/USDT: 300 rows
2025-05-15 23:59:16,771 - INFO - Retrieved data for LINK/USDT: 300 rows
2025-05-15 23:59:16,943 - INFO - Retrieved data for POL/USDT: 300 rows
2025-05-15 23:59:17,112 - INFO - Retrieved data for MOODENG/USDT: 300 rows
2025-05-15 23:59:17,281 - INFO - Retrieved data for ATOM/USDT: 300 rows
2025-05-15 23:59:17,451 - INFO - Retrieved data for PHA/USDT: 300 rows
2025-05-15 23:59:17,622 - INFO - Retrieved data for ORDI/USDT: 300 rows
2025-05-15 23:59:17,791 - INFO - Retrieved data for DOGE/USDT: 300 rows
2025-05-15 23:59:17,960 - INFO - Retrieved data for XLM/USDT: 300 rows
2025-05-15 23:59:18,113 - INFO - Retrieved data for GALA/USDT: 300 rows
2025-05-15 23:59:18,286 - INFO - Retrieved data for TNSR/USDT: 300 rows
2025-05-15 23:59:18,438 - INFO - Retrieved data for GRASS/USDT: 300 rows
2025-05-15 23:59:18,609 - INFO - Retrieved data for DOT/USDT: 300 rows
2025-05-15 23:59:18,781 - INFO - Retrieved data for ZRO/USDT: 300 rows
2025-05-15 23:59:18,955 - INFO - Retrieved data for BNB/USDT: 300 rows
2025-05-15 23:59:19,107 - INFO - Retrieved data for THETA/USDT: 300 rows
2025-05-15 23:59:19,276 - INFO - Retrieved data for ARPA/USDT: 300 rows
2025-05-15 23:59:19,446 - INFO - Retrieved data for EOS/USDT: 300 rows
2025-05-15 23:59:19,615 - INFO - Retrieved data for XRP/USDT: 300 rows
2025-05-15 23:59:19,786 - INFO - Retrieved data for ADA/USDT: 300 rows
2025-05-15 23:59:19,956 - INFO - Retrieved data for WLD/USDT: 300 rows
2025-05-15 23:59:20,124 - INFO - Retrieved data for RENDER/USDT: 300 rows
2025-05-15 23:59:20,300 - INFO - Retrieved data for PENGU/USDT: 300 rows
2025-05-15 23:59:20,448 - INFO - Retrieved data for AIXBT/USDT: 300 rows
2025-05-15 23:59:20,621 - INFO - Retrieved data for ATA/USDT: 300 rows
2025-05-15 23:59:20,770 - INFO - Retrieved data for NEAR/USDT: 300 rows
2025-05-15 23:59:20,945 - INFO - Retrieved data for SUI/USDT: 300 rows
2025-05-15 23:59:21,115 - INFO - Retrieved data for AVAX/USDT: 300 rows
2025-05-15 23:59:21,285 - INFO - Retrieved data for MOVE/USDT: 300 rows
2025-05-15 23:59:21,453 - INFO - Retrieved data for GOAT/USDT: 300 rows
2025-05-15 23:59:21,628 - INFO - Retrieved data for HIVE/USDT: 300 rows
2025-05-15 23:59:21,779 - INFO - Retrieved data for COW/USDT: 300 rows
2025-05-15 23:59:21,948 - INFO - Retrieved data for ZEN/USDT: 300 rows
2025-05-15 23:59:22,119 - INFO - Retrieved data for ONDOUSDT: 300 rows
2025-05-15 23:59:22,288 - INFO - Retrieved data for USUAL/USDT: 300 rows
2025-05-15 23:59:22,458 - INFO - Retrieved data for BRETT/USDT: 300 rows
2025-05-15 23:59:22,627 - INFO - Retrieved data for 1000PEPE/USDT: 300 rows
2025-05-15 23:59:22,797 - INFO - Retrieved data for VANA/USDT: 300 rows
2025-05-15 23:59:22,965 - INFO - Retrieved data for MELANIA/USDT: 300 rows
