2025-05-07 00:06:09,086 - INFO - 
==================== ENTRY SIGNAL ====================
Symbol: AIXBT/USDT
Position: SHORT
Time: 2025-05-07 00:06:09
Cross Pairs: [('2025-05-07 00:05', '2025-05-06 23:55')]
==================================================
2025-05-07 00:06:09,086 - INFO - 
==================== ENTRY SIGNAL ====================
Symbol: AIXBT/USDT
Position: SHORT
Time: 2025-05-07 00:06:09
Price: 0.16341
==================================================
2025-05-07 00:06:09,132 - INFO - Stop Loss Range Calculation:
EMA Cross Time: 2025-05-07 00:05:00+09:00
MACD Cross Time: 2025-05-06 23:55:00+09:00
SL Range: 2025-05-06 23:50:00+09:00 to 2025-05-06 23:55:00+09:00
2025-05-07 00:06:09,132 - INFO - Stop Loss calculation for short:
Data range: 2025-05-06 23:50:00+09:00 to 2025-05-06 23:55:00+09:00
Stop loss price: 0.1672
Distance from entry: 0.003939999999999999 (2.413%)
2025-05-07 00:06:09,138 - INFO - Take Profit calculation:
Entry: 0.16326
Stop Loss: 0.1672
SL Distance: 0.003939999999999999
Take Profit: 0.15636499999999998
2025-05-07 00:06:09,850 - INFO - ===== Trade Successfully Executed =====
Symbol: AIXBT/USDT
Type: short
Entry: 0.16326
Stop Loss: 0.1672
Take Profit: 0.15636499999999998
Position Size: 612.5199068969742
Margin Used: 10 USDT
Total Position Value: 100 USDT
Order IDs: Entry=2372518610, SL=2372518685, TP=2372518750
2025-05-07 01:09:34,961 - INFO - Position closed or order timeout after 643.8 minutes for MOODENG/USDT, cleaning up orders...
2025-05-07 01:09:35,148 - INFO - Found 1 open orders to cancel for MOODENG/USDT
2025-05-07 01:09:35,208 - INFO - Successfully cancelled order:
Symbol: MOODENG/USDT
Order ID: 2648992167
Type: take_profit
Side: sell
2025-05-07 01:09:35,208 - INFO - Position Closed - Manual
Symbol: MOODENG/USDT
Time: 2025-05-07 01:09:35.208258
Position Type: long

2025-05-07 02:20:06,683 - INFO - 
==================== ENTRY SIGNAL ====================
Symbol: GOAT/USDT
Position: LONG
Time: 2025-05-07 02:20:06
Cross Pairs: [('2025-05-07 02:20', '2025-05-07 02:10')]
==================================================
2025-05-07 02:20:06,683 - INFO - 
==================== ENTRY SIGNAL ====================
Symbol: GOAT/USDT
Position: LONG
Time: 2025-05-07 02:20:06
Price: 0.0691
==================================================
2025-05-07 02:20:06,727 - INFO - Stop Loss Range Calculation:
EMA Cross Time: 2025-05-07 02:20:00+09:00
MACD Cross Time: 2025-05-07 02:10:00+09:00
SL Range: 2025-05-07 02:05:00+09:00 to 2025-05-07 02:10:00+09:00
2025-05-07 02:20:06,727 - INFO - Stop Loss calculation for long:
Data range: 2025-05-07 02:05:00+09:00 to 2025-05-07 02:10:00+09:00
Stop loss price: 0.06762
Distance from entry: 0.0014799999999999952 (2.142%)
2025-05-07 02:20:06,729 - INFO - Take Profit calculation:
Entry: 0.0691
Stop Loss: 0.06762
SL Distance: 0.0014799999999999952
Take Profit: 0.07168999999999999
2025-05-07 02:20:07,489 - INFO - ===== Trade Successfully Executed =====
Symbol: GOAT/USDT
Type: long
Entry: 0.0691
Stop Loss: 0.06762
Take Profit: 0.07168999999999999
Position Size: 1447.178002894356
Margin Used: 10 USDT
Total Position Value: 100 USDT
Order IDs: Entry=1892741098, SL=1892741114, TP=1892741123
2025-05-07 02:21:12,927 - INFO - 
==================== ENTRY SIGNAL ====================
Symbol: MOODENG/USDT
Position: LONG
Time: 2025-05-07 02:21:12
Cross Pairs: [('2025-05-07 02:20', '2025-05-07 02:10')]
==================================================
2025-05-07 02:21:12,927 - INFO - 
==================== ENTRY SIGNAL ====================
Symbol: MOODENG/USDT
Position: LONG
Time: 2025-05-07 02:21:12
Price: 0.03778
==================================================
2025-05-07 02:21:12,969 - INFO - Stop Loss Range Calculation:
EMA Cross Time: 2025-05-07 02:20:00+09:00
MACD Cross Time: 2025-05-07 02:10:00+09:00
SL Range: 2025-05-07 02:05:00+09:00 to 2025-05-07 02:10:00+09:00
2025-05-07 02:21:12,969 - INFO - Stop Loss calculation for long:
Data range: 2025-05-07 02:05:00+09:00 to 2025-05-07 02:10:00+09:00
Stop loss price: 0.0369
Distance from entry: 0.0008799999999999988 (2.329%)
2025-05-07 02:21:12,970 - INFO - Take Profit calculation:
Entry: 0.03778
Stop Loss: 0.0369
SL Distance: 0.0008799999999999988
Take Profit: 0.03932
2025-05-07 02:21:13,721 - INFO - ===== Trade Successfully Executed =====
Symbol: MOODENG/USDT
Type: long
Entry: 0.03778
Stop Loss: 0.0369
Take Profit: 0.03932
Position Size: 2646.9031233456853
Margin Used: 10 USDT
Total Position Value: 100 USDT
Order IDs: Entry=2649584650, SL=2649584674, TP=2649584678
2025-05-07 02:21:18,617 - INFO - Position closed or order timeout after 541.2 minutes for GOAT/USDT, cleaning up orders...
2025-05-07 02:21:18,803 - INFO - Found 3 open orders to cancel for GOAT/USDT
2025-05-07 02:21:18,860 - INFO - Successfully cancelled order:
Symbol: GOAT/USDT
Order ID: 1892741098
Type: limit
Side: buy
2025-05-07 02:21:18,924 - INFO - Successfully cancelled order:
Symbol: GOAT/USDT
Order ID: 1892741114
Type: stop
Side: sell
2025-05-07 02:21:18,982 - INFO - Successfully cancelled order:
Symbol: GOAT/USDT
Order ID: 1892741123
Type: take_profit
Side: sell
2025-05-07 02:21:18,982 - INFO - Position Closed - Manual
Symbol: GOAT/USDT
Time: 2025-05-07 02:21:18.982457
Position Type: long

2025-05-07 02:25:56,583 - INFO - 
==================== ENTRY SIGNAL ====================
Symbol: GOAT/USDT
Position: LONG
Time: 2025-05-07 02:25:56
Cross Pairs: [('2025-05-07 02:20', '2025-05-07 02:10')]
==================================================
2025-05-07 02:25:56,583 - INFO - 
==================== ENTRY SIGNAL ====================
Symbol: GOAT/USDT
Position: LONG
Time: 2025-05-07 02:25:56
Price: 0.06919
==================================================
2025-05-07 02:25:56,625 - INFO - Stop Loss Range Calculation:
EMA Cross Time: 2025-05-07 02:20:00+09:00
MACD Cross Time: 2025-05-07 02:10:00+09:00
SL Range: 2025-05-07 02:05:00+09:00 to 2025-05-07 02:10:00+09:00
2025-05-07 02:25:56,625 - INFO - Stop Loss calculation for long:
Data range: 2025-05-07 02:05:00+09:00 to 2025-05-07 02:10:00+09:00
Stop loss price: 0.06762
Distance from entry: 0.001570000000000002 (2.269%)
2025-05-07 02:25:56,626 - INFO - Take Profit calculation:
Entry: 0.06919
Stop Loss: 0.06762
SL Distance: 0.001570000000000002
Take Profit: 0.0719375
2025-05-07 02:25:57,374 - INFO - ===== Trade Successfully Executed =====
Symbol: GOAT/USDT
Type: long
Entry: 0.06919
Stop Loss: 0.06762
Take Profit: 0.0719375
Position Size: 1445.2955629426217
Margin Used: 10 USDT
Total Position Value: 100 USDT
Order IDs: Entry=1892782492, SL=1892782502, TP=1892782511
2025-05-07 05:10:23,704 - INFO - Position closed or order timeout after 709.2 minutes for MOODENG/USDT, cleaning up orders...
2025-05-07 05:10:23,889 - INFO - Found 1 open orders to cancel for MOODENG/USDT
2025-05-07 05:10:23,950 - INFO - Successfully cancelled order:
Symbol: MOODENG/USDT
Order ID: 2649584678
Type: take_profit
Side: sell
2025-05-07 05:10:23,950 - INFO - Position Closed - Manual
Symbol: MOODENG/USDT
Time: 2025-05-07 05:10:23.950817
Position Type: long

2025-05-07 05:32:27,590 - INFO - Position closed or order timeout after 726.5 minutes for GOAT/USDT, cleaning up orders...
2025-05-07 05:32:27,776 - INFO - Found 1 open orders to cancel for GOAT/USDT
2025-05-07 05:32:27,840 - INFO - Successfully cancelled order:
Symbol: GOAT/USDT
Order ID: 1892782511
Type: take_profit
Side: sell
2025-05-07 05:32:27,841 - INFO - Position Closed - Manual
Symbol: GOAT/USDT
Time: 2025-05-07 05:32:27.841172
Position Type: long

2025-05-07 05:35:54,900 - INFO - Trailing Stop Added (Original SL maintained)
Symbol: AIXBT/USDT
Time: 2025-05-07 05:35:54.900562
Entry: 0.16326
Current Price: 0.15753
Original SL: Maintained
Trailing SL: 0.16162739999999998
Profit %: 3.51%
Trailing Order ID: 2377896170
2025-05-07 06:26:42,715 - INFO - Position closed or order timeout after 920.5 minutes for AIXBT/USDT, cleaning up orders...
2025-05-07 06:26:42,901 - INFO - Found 2 open orders to cancel for AIXBT/USDT
2025-05-07 06:26:42,965 - INFO - Successfully cancelled order:
Symbol: AIXBT/USDT
Order ID: 2372518685
Type: stop
Side: buy
2025-05-07 06:26:43,027 - INFO - Successfully cancelled order:
Symbol: AIXBT/USDT
Order ID: 2377896170
Type: stop
Side: buy
2025-05-07 06:26:43,027 - INFO - Position Closed - Manual
Symbol: AIXBT/USDT
Time: 2025-05-07 06:26:43.027148
Position Type: short

2025-05-07 07:05:48,673 - INFO - 
==================== ENTRY SIGNAL ====================
Symbol: ACX/USDT
Position: LONG
Time: 2025-05-07 07:05:48
Cross Pairs: [('2025-05-07 07:05', '2025-05-07 06:50')]
==================================================
2025-05-07 07:05:48,674 - INFO - 
==================== ENTRY SIGNAL ====================
Symbol: ACX/USDT
Position: LONG
Time: 2025-05-07 07:05:48
Price: 0.1929
==================================================
2025-05-07 07:05:48,716 - INFO - Stop Loss Range Calculation:
EMA Cross Time: 2025-05-07 07:05:00+09:00
MACD Cross Time: 2025-05-07 06:50:00+09:00
SL Range: 2025-05-07 06:45:00+09:00 to 2025-05-07 06:50:00+09:00
2025-05-07 07:05:48,716 - INFO - Stop Loss calculation for long:
Data range: 2025-05-07 06:45:00+09:00 to 2025-05-07 06:50:00+09:00
Stop loss price: 0.1873
Distance from entry: 0.005599999999999994 (2.903%)
2025-05-07 07:05:48,717 - INFO - Take Profit calculation:
Entry: 0.1929
Stop Loss: 0.1873
SL Distance: 0.005599999999999994
Take Profit: 0.2027
2025-05-07 07:05:49,456 - INFO - ===== Trade Successfully Executed =====
Symbol: ACX/USDT
Type: long
Entry: 0.1929
Stop Loss: 0.1873
Take Profit: 0.2027
Position Size: 518.4033177812338
Margin Used: 10 USDT
Total Position Value: 100 USDT
Order IDs: Entry=440340084, SL=440340171, TP=440340177
2025-05-07 07:05:51,889 - INFO - 
==================== ENTRY SIGNAL ====================
Symbol: GRASS/USDT
Position: LONG
Time: 2025-05-07 07:05:51
Cross Pairs: [('2025-05-07 07:05', '2025-05-07 07:00')]
==================================================
2025-05-07 07:05:51,889 - INFO - 
==================== ENTRY SIGNAL ====================
Symbol: GRASS/USDT
Position: LONG
Time: 2025-05-07 07:05:51
Price: 1.4955
==================================================
2025-05-07 07:05:51,931 - INFO - Stop Loss Range Calculation:
EMA Cross Time: 2025-05-07 07:05:00+09:00
MACD Cross Time: 2025-05-07 07:00:00+09:00
SL Range: 2025-05-07 06:55:00+09:00 to 2025-05-07 07:00:00+09:00
2025-05-07 07:05:51,931 - INFO - Stop Loss calculation for long:
Data range: 2025-05-07 06:55:00+09:00 to 2025-05-07 07:00:00+09:00
Stop loss price: 1.4671
Distance from entry: 0.02849999999999997 (1.906%)
2025-05-07 07:05:51,931 - INFO - Take Profit calculation:
Entry: 1.4956
Stop Loss: 1.4671
SL Distance: 0.02849999999999997
Take Profit: 1.545475
2025-05-07 07:05:52,694 - INFO - ===== Trade Successfully Executed =====
Symbol: GRASS/USDT
Type: long
Entry: 1.4956
Stop Loss: 1.4671
Take Profit: 1.545475
Position Size: 66.86279753944905
Margin Used: 10 USDT
Total Position Value: 100 USDT
Order IDs: Entry=1230580253, SL=1230580265, TP=1230580266
2025-05-07 07:10:27,400 - INFO - 
==================== ENTRY SIGNAL ====================
Symbol: FXS/USDT
Position: LONG
Time: 2025-05-07 07:10:27
Cross Pairs: [('2025-05-07 07:10', '2025-05-07 06:50')]
==================================================
2025-05-07 07:10:27,400 - INFO - 
==================== ENTRY SIGNAL ====================
Symbol: FXS/USDT
Position: LONG
Time: 2025-05-07 07:10:27
Price: 2.0682
==================================================
2025-05-07 07:10:27,442 - INFO - Stop Loss Range Calculation:
EMA Cross Time: 2025-05-07 07:10:00+09:00
MACD Cross Time: 2025-05-07 06:50:00+09:00
SL Range: 2025-05-07 06:45:00+09:00 to 2025-05-07 06:50:00+09:00
2025-05-07 07:10:27,442 - INFO - Stop Loss calculation for long:
Data range: 2025-05-07 06:45:00+09:00 to 2025-05-07 06:50:00+09:00
Stop loss price: 2.0246
Distance from entry: 0.04360000000000008 (2.108%)
2025-05-07 07:10:27,443 - INFO - Take Profit calculation:
Entry: 2.0682
Stop Loss: 2.0246
SL Distance: 0.04360000000000008
Take Profit: 2.1445000000000003
2025-05-07 07:10:28,179 - INFO - ===== Trade Successfully Executed =====
Symbol: FXS/USDT
Type: long
Entry: 2.0682
Stop Loss: 2.0246
Take Profit: 2.1445000000000003
Position Size: 48.35122328594913
Margin Used: 10 USDT
Total Position Value: 100 USDT
Order IDs: Entry=2666200742, SL=2666200748, TP=2666200749
2025-05-07 07:10:28,419 - INFO - 
==================== ENTRY SIGNAL ====================
Symbol: 1000PEPE/USDT
Position: LONG
Time: 2025-05-07 07:10:28
Cross Pairs: [('2025-05-07 07:10', '2025-05-07 06:55')]
==================================================
2025-05-07 07:10:28,419 - INFO - 
==================== ENTRY SIGNAL ====================
Symbol: 1000PEPE/USDT
Position: LONG
Time: 2025-05-07 07:10:28
Price: 0.0078755
==================================================
2025-05-07 07:10:28,463 - INFO - Stop Loss Range Calculation:
EMA Cross Time: 2025-05-07 07:10:00+09:00
MACD Cross Time: 2025-05-07 06:55:00+09:00
SL Range: 2025-05-07 06:50:00+09:00 to 2025-05-07 06:55:00+09:00
2025-05-07 07:10:28,464 - INFO - Stop Loss calculation for long:
Data range: 2025-05-07 06:50:00+09:00 to 2025-05-07 06:55:00+09:00
Stop loss price: 0.0077517
Distance from entry: 0.00011910000000000046 (1.513%)
2025-05-07 07:10:28,464 - INFO - Take Profit calculation:
Entry: 0.0078708
Stop Loss: 0.0077517
SL Distance: 0.00011910000000000046
Take Profit: 0.008079225000000002
2025-05-07 07:10:28,520 - ERROR - ===== Insufficient Balance =====
Symbol: 1000PEPE/USDT
Required: 10 USDT
Available: 6.41180201 USDT
2025-05-07 07:10:28,521 - ERROR - Failed to enter position for 1000PEPE/USDT: Insufficient balance
2025-05-07 07:10:29,284 - INFO - 
==================== ENTRY SIGNAL ====================
Symbol: POL/USDT
Position: LONG
Time: 2025-05-07 07:10:29
Cross Pairs: [('2025-05-07 07:10', '2025-05-07 06:50')]
==================================================
2025-05-07 07:10:29,284 - INFO - 
==================== ENTRY SIGNAL ====================
Symbol: POL/USDT
Position: LONG
Time: 2025-05-07 07:10:29
Price: 0.21328
==================================================
2025-05-07 07:10:29,326 - INFO - Stop Loss Range Calculation:
EMA Cross Time: 2025-05-07 07:10:00+09:00
MACD Cross Time: 2025-05-07 06:50:00+09:00
SL Range: 2025-05-07 06:45:00+09:00 to 2025-05-07 06:50:00+09:00
2025-05-07 07:10:29,326 - INFO - Stop Loss calculation for long:
Data range: 2025-05-07 06:45:00+09:00 to 2025-05-07 06:50:00+09:00
Stop loss price: 0.2087
Distance from entry: 0.0044500000000000095 (2.088%)
2025-05-07 07:10:29,327 - INFO - Take Profit calculation:
Entry: 0.21315
Stop Loss: 0.2087
SL Distance: 0.0044500000000000095
Take Profit: 0.2209375
2025-05-07 07:10:29,392 - ERROR - ===== Insufficient Balance =====
Symbol: POL/USDT
Required: 10 USDT
Available: 6.41180201 USDT
2025-05-07 07:10:29,392 - ERROR - Failed to enter position for POL/USDT: Insufficient balance
2025-05-07 07:10:30,063 - INFO - 
==================== ENTRY SIGNAL ====================
Symbol: PHA/USDT
Position: LONG
Time: 2025-05-07 07:10:30
Cross Pairs: [('2025-05-07 07:10', '2025-05-07 06:50')]
==================================================
2025-05-07 07:10:30,063 - INFO - 
==================== ENTRY SIGNAL ====================
Symbol: PHA/USDT
Position: LONG
Time: 2025-05-07 07:10:30
Price: 0.10871
==================================================
2025-05-07 07:10:30,105 - INFO - Stop Loss Range Calculation:
EMA Cross Time: 2025-05-07 07:10:00+09:00
MACD Cross Time: 2025-05-07 06:50:00+09:00
SL Range: 2025-05-07 06:45:00+09:00 to 2025-05-07 06:50:00+09:00
2025-05-07 07:10:30,106 - INFO - Stop Loss calculation for long:
Data range: 2025-05-07 06:45:00+09:00 to 2025-05-07 06:50:00+09:00
Stop loss price: 0.10547
Distance from entry: 0.00315 (2.900%)
2025-05-07 07:10:30,106 - INFO - Take Profit calculation:
Entry: 0.10862
Stop Loss: 0.10547
SL Distance: 0.00315
Take Profit: 0.1141325
2025-05-07 07:10:30,166 - ERROR - ===== Insufficient Balance =====
Symbol: PHA/USDT
Required: 10 USDT
Available: 6.42516201 USDT
2025-05-07 07:10:30,167 - ERROR - Failed to enter position for PHA/USDT: Insufficient balance
2025-05-07 07:10:32,448 - INFO - 
==================== ENTRY SIGNAL ====================
Symbol: THETA/USDT
Position: LONG
Time: 2025-05-07 07:10:32
Cross Pairs: [('2025-05-07 07:10', '2025-05-07 06:55')]
==================================================
2025-05-07 07:10:32,448 - INFO - 
==================== ENTRY SIGNAL ====================
Symbol: THETA/USDT
Position: LONG
Time: 2025-05-07 07:10:32
Price: 0.6907
==================================================
2025-05-07 07:10:32,491 - INFO - Stop Loss Range Calculation:
EMA Cross Time: 2025-05-07 07:10:00+09:00
MACD Cross Time: 2025-05-07 06:55:00+09:00
SL Range: 2025-05-07 06:50:00+09:00 to 2025-05-07 06:55:00+09:00
2025-05-07 07:10:32,491 - INFO - Stop Loss calculation for long:
Data range: 2025-05-07 06:50:00+09:00 to 2025-05-07 06:55:00+09:00
Stop loss price: 0.6768
Distance from entry: 0.013900000000000023 (2.012%)
2025-05-07 07:10:32,492 - INFO - Take Profit calculation:
Entry: 0.6907
Stop Loss: 0.6768
SL Distance: 0.013900000000000023
Take Profit: 0.715025
2025-05-07 07:10:32,555 - ERROR - ===== Insufficient Balance =====
Symbol: THETA/USDT
Required: 10 USDT
Available: 6.42616401 USDT
2025-05-07 07:10:32,556 - ERROR - Failed to enter position for THETA/USDT: Insufficient balance
2025-05-07 07:10:33,667 - INFO - 
==================== ENTRY SIGNAL ====================
Symbol: WLD/USDT
Position: LONG
Time: 2025-05-07 07:10:33
Cross Pairs: [('2025-05-07 07:10', '2025-05-07 06:50')]
==================================================
2025-05-07 07:10:33,667 - INFO - 
==================== ENTRY SIGNAL ====================
Symbol: WLD/USDT
Position: LONG
Time: 2025-05-07 07:10:33
Price: 0.9025
==================================================
2025-05-07 07:10:33,709 - INFO - Stop Loss Range Calculation:
EMA Cross Time: 2025-05-07 07:10:00+09:00
MACD Cross Time: 2025-05-07 06:50:00+09:00
SL Range: 2025-05-07 06:45:00+09:00 to 2025-05-07 06:50:00+09:00
2025-05-07 07:10:33,709 - INFO - Stop Loss calculation for long:
Data range: 2025-05-07 06:45:00+09:00 to 2025-05-07 06:50:00+09:00
Stop loss price: 0.8816
Distance from entry: 0.019399999999999973 (2.153%)
2025-05-07 07:10:33,710 - INFO - Take Profit calculation:
Entry: 0.901
Stop Loss: 0.8816
SL Distance: 0.019399999999999973
Take Profit: 0.93495
2025-05-07 07:10:33,766 - ERROR - ===== Insufficient Balance =====
Symbol: WLD/USDT
Required: 10 USDT
Available: 6.42788965 USDT
2025-05-07 07:10:33,766 - ERROR - Failed to enter position for WLD/USDT: Insufficient balance
2025-05-07 07:10:34,223 - INFO - 
==================== ENTRY SIGNAL ====================
Symbol: PENGU/USDT
Position: LONG
Time: 2025-05-07 07:10:34
Cross Pairs: [('2025-05-07 07:10', '2025-05-07 06:50')]
==================================================
2025-05-07 07:10:34,223 - INFO - 
==================== ENTRY SIGNAL ====================
Symbol: PENGU/USDT
Position: LONG
Time: 2025-05-07 07:10:34
Price: 0.011125
==================================================
2025-05-07 07:10:34,265 - INFO - Stop Loss Range Calculation:
EMA Cross Time: 2025-05-07 07:10:00+09:00
MACD Cross Time: 2025-05-07 06:50:00+09:00
SL Range: 2025-05-07 06:45:00+09:00 to 2025-05-07 06:50:00+09:00
2025-05-07 07:10:34,266 - INFO - Stop Loss calculation for long:
Data range: 2025-05-07 06:45:00+09:00 to 2025-05-07 06:50:00+09:00
Stop loss price: 0.010766
Distance from entry: 0.00034 (3.061%)
2025-05-07 07:10:34,266 - INFO - Take Profit calculation:
Entry: 0.011106
Stop Loss: 0.010766
SL Distance: 0.00034
Take Profit: 0.011701
2025-05-07 07:10:34,326 - ERROR - ===== Insufficient Balance =====
Symbol: PENGU/USDT
Required: 10 USDT
Available: 6.42788965 USDT
2025-05-07 07:10:34,326 - ERROR - Failed to enter position for PENGU/USDT: Insufficient balance
2025-05-07 07:10:34,784 - INFO - 
==================== ENTRY SIGNAL ====================
Symbol: ATA/USDT
Position: LONG
Time: 2025-05-07 07:10:34
Cross Pairs: [('2025-05-07 07:10', '2025-05-07 06:55')]
==================================================
2025-05-07 07:10:34,785 - INFO - 
==================== ENTRY SIGNAL ====================
Symbol: ATA/USDT
Position: LONG
Time: 2025-05-07 07:10:34
Price: 0.0513
==================================================
2025-05-07 07:10:34,826 - INFO - Stop Loss Range Calculation:
EMA Cross Time: 2025-05-07 07:10:00+09:00
MACD Cross Time: 2025-05-07 06:55:00+09:00
SL Range: 2025-05-07 06:50:00+09:00 to 2025-05-07 06:55:00+09:00
2025-05-07 07:10:34,827 - INFO - Stop Loss calculation for long:
Data range: 2025-05-07 06:50:00+09:00 to 2025-05-07 06:55:00+09:00
Stop loss price: 0.0501
Distance from entry: 0.0011999999999999997 (2.339%)
2025-05-07 07:10:34,827 - INFO - Take Profit calculation:
Entry: 0.0513
Stop Loss: 0.0501
SL Distance: 0.0011999999999999997
Take Profit: 0.053399999999999996
2025-05-07 07:10:34,884 - ERROR - ===== Insufficient Balance =====
Symbol: ATA/USDT
Required: 10 USDT
Available: 6.38062865 USDT
2025-05-07 07:10:34,885 - ERROR - Failed to enter position for ATA/USDT: Insufficient balance
2025-05-07 07:10:35,294 - INFO - 
==================== ENTRY SIGNAL ====================
Symbol: SUI/USDT
Position: LONG
Time: 2025-05-07 07:10:35
Cross Pairs: [('2025-05-07 07:10', '2025-05-07 06:50')]
==================================================
2025-05-07 07:10:35,295 - INFO - 
==================== ENTRY SIGNAL ====================
Symbol: SUI/USDT
Position: LONG
Time: 2025-05-07 07:10:35
Price: 3.2364
==================================================
2025-05-07 07:10:35,338 - INFO - Stop Loss Range Calculation:
EMA Cross Time: 2025-05-07 07:10:00+09:00
MACD Cross Time: 2025-05-07 06:50:00+09:00
SL Range: 2025-05-07 06:45:00+09:00 to 2025-05-07 06:50:00+09:00
2025-05-07 07:10:35,338 - INFO - Stop Loss calculation for long:
Data range: 2025-05-07 06:45:00+09:00 to 2025-05-07 06:50:00+09:00
Stop loss price: 3.1512
Distance from entry: 0.08520000000000039 (2.633%)
2025-05-07 07:10:35,339 - INFO - Take Profit calculation:
Entry: 3.2364
Stop Loss: 3.1512
SL Distance: 0.08520000000000039
Take Profit: 3.385500000000001
2025-05-07 07:10:35,391 - ERROR - ===== Insufficient Balance =====
Symbol: SUI/USDT
Required: 10 USDT
Available: 6.38112965 USDT
2025-05-07 07:10:35,391 - ERROR - Failed to enter position for SUI/USDT: Insufficient balance
2025-05-07 07:10:36,503 - INFO - 
==================== ENTRY SIGNAL ====================
Symbol: COW/USDT
Position: LONG
Time: 2025-05-07 07:10:36
Cross Pairs: [('2025-05-07 07:10', '2025-05-07 06:50')]
==================================================
2025-05-07 07:10:36,503 - INFO - 
==================== ENTRY SIGNAL ====================
Symbol: COW/USDT
Position: LONG
Time: 2025-05-07 07:10:36
Price: 0.2696
==================================================
2025-05-07 07:10:36,541 - INFO - Stop Loss Range Calculation:
EMA Cross Time: 2025-05-07 07:10:00+09:00
MACD Cross Time: 2025-05-07 06:50:00+09:00
SL Range: 2025-05-07 06:45:00+09:00 to 2025-05-07 06:50:00+09:00
2025-05-07 07:10:36,542 - INFO - Stop Loss calculation for long:
Data range: 2025-05-07 06:45:00+09:00 to 2025-05-07 06:50:00+09:00
Stop loss price: 0.2633
Distance from entry: 0.006300000000000028 (2.337%)
2025-05-07 07:10:36,542 - INFO - Take Profit calculation:
Entry: 0.2696
Stop Loss: 0.2633
SL Distance: 0.006300000000000028
Take Profit: 0.28062500000000007
2025-05-07 07:10:36,603 - ERROR - ===== Insufficient Balance =====
Symbol: COW/USDT
Required: 10 USDT
Available: 6.37478365 USDT
2025-05-07 07:10:36,603 - ERROR - Failed to enter position for COW/USDT: Insufficient balance
2025-05-07 07:10:36,845 - INFO - 
==================== ENTRY SIGNAL ====================
Symbol: ZEN/USDT
Position: LONG
Time: 2025-05-07 07:10:36
Cross Pairs: [('2025-05-07 07:10', '2025-05-07 06:50')]
==================================================
2025-05-07 07:10:36,845 - INFO - 
==================== ENTRY SIGNAL ====================
Symbol: ZEN/USDT
Position: LONG
Time: 2025-05-07 07:10:36
Price: 8.099
==================================================
2025-05-07 07:10:36,887 - INFO - Stop Loss Range Calculation:
EMA Cross Time: 2025-05-07 07:10:00+09:00
MACD Cross Time: 2025-05-07 06:50:00+09:00
SL Range: 2025-05-07 06:45:00+09:00 to 2025-05-07 06:50:00+09:00
2025-05-07 07:10:36,888 - INFO - Stop Loss calculation for long:
Data range: 2025-05-07 06:45:00+09:00 to 2025-05-07 06:50:00+09:00
Stop loss price: 7.898
Distance from entry: 0.19500000000000028 (2.409%)
2025-05-07 07:10:36,888 - INFO - Take Profit calculation:
Entry: 8.093
Stop Loss: 7.898
SL Distance: 0.19500000000000028
Take Profit: 8.43425
2025-05-07 07:10:36,943 - ERROR - ===== Insufficient Balance =====
Symbol: ZEN/USDT
Required: 10 USDT
Available: 6.33470365 USDT
2025-05-07 07:10:36,943 - ERROR - Failed to enter position for ZEN/USDT: Insufficient balance
2025-05-07 07:15:06,989 - INFO - 
==================== ENTRY SIGNAL ====================
Symbol: NEAR/USDT
Position: LONG
Time: 2025-05-07 07:15:06
Cross Pairs: [('2025-05-07 07:15', '2025-05-07 06:55')]
==================================================
2025-05-07 07:15:06,989 - INFO - 
==================== ENTRY SIGNAL ====================
Symbol: NEAR/USDT
Position: LONG
Time: 2025-05-07 07:15:06
Price: 2.289
==================================================
2025-05-07 07:15:07,030 - INFO - Stop Loss Range Calculation:
EMA Cross Time: 2025-05-07 07:15:00+09:00
MACD Cross Time: 2025-05-07 06:55:00+09:00
SL Range: 2025-05-07 06:50:00+09:00 to 2025-05-07 06:55:00+09:00
2025-05-07 07:15:07,030 - INFO - Stop Loss calculation for long:
Data range: 2025-05-07 06:50:00+09:00 to 2025-05-07 06:55:00+09:00
Stop loss price: 2.251
Distance from entry: 0.03699999999999992 (1.617%)
2025-05-07 07:15:07,030 - INFO - Take Profit calculation:
Entry: 2.288
Stop Loss: 2.251
SL Distance: 0.03699999999999992
Take Profit: 2.3527499999999995
2025-05-07 07:15:07,090 - ERROR - ===== Insufficient Balance =====
Symbol: NEAR/USDT
Required: 10 USDT
Available: 6.49129956 USDT
2025-05-07 07:15:07,090 - ERROR - Failed to enter position for NEAR/USDT: Insufficient balance
2025-05-07 07:15:08,073 - INFO - 
==================== ENTRY SIGNAL ====================
Symbol: 1000PEPE/USDT
Position: LONG
Time: 2025-05-07 07:15:08
Cross Pairs: [('2025-05-07 07:10', '2025-05-07 06:55')]
==================================================
2025-05-07 07:15:08,073 - INFO - 
==================== ENTRY SIGNAL ====================
Symbol: 1000PEPE/USDT
Position: LONG
Time: 2025-05-07 07:15:08
Price: 0.0078646
==================================================
2025-05-07 07:15:08,113 - INFO - Stop Loss Range Calculation:
EMA Cross Time: 2025-05-07 07:10:00+09:00
MACD Cross Time: 2025-05-07 06:55:00+09:00
SL Range: 2025-05-07 06:50:00+09:00 to 2025-05-07 06:55:00+09:00
2025-05-07 07:15:08,114 - INFO - Stop Loss calculation for long:
Data range: 2025-05-07 06:50:00+09:00 to 2025-05-07 06:55:00+09:00
Stop loss price: 0.0077517
Distance from entry: 0.00010869999999999977 (1.383%)
2025-05-07 07:15:08,114 - INFO - Take Profit calculation:
Entry: 0.0078604
Stop Loss: 0.0077517
SL Distance: 0.00010869999999999977
Take Profit: 0.008050624999999999
2025-05-07 07:15:08,173 - ERROR - ===== Insufficient Balance =====
Symbol: 1000PEPE/USDT
Required: 10 USDT
Available: 6.49129956 USDT
2025-05-07 07:15:08,174 - ERROR - Failed to enter position for 1000PEPE/USDT: Insufficient balance
2025-05-07 07:15:11,427 - INFO - 
==================== ENTRY SIGNAL ====================
Symbol: ZRO/USDT
Position: LONG
Time: 2025-05-07 07:15:11
Cross Pairs: [('2025-05-07 07:15', '2025-05-07 06:55')]
==================================================
2025-05-07 07:15:11,427 - INFO - 
==================== ENTRY SIGNAL ====================
Symbol: ZRO/USDT
Position: LONG
Time: 2025-05-07 07:15:11
Price: 2.3953
==================================================
2025-05-07 07:15:11,469 - INFO - Stop Loss Range Calculation:
EMA Cross Time: 2025-05-07 07:15:00+09:00
MACD Cross Time: 2025-05-07 06:55:00+09:00
SL Range: 2025-05-07 06:50:00+09:00 to 2025-05-07 06:55:00+09:00
2025-05-07 07:15:11,469 - INFO - Stop Loss calculation for long:
Data range: 2025-05-07 06:50:00+09:00 to 2025-05-07 06:55:00+09:00
Stop loss price: 2.3495
Distance from entry: 0.045800000000000285 (1.912%)
2025-05-07 07:15:11,469 - INFO - Take Profit calculation:
Entry: 2.3953
Stop Loss: 2.3495
SL Distance: 0.045800000000000285
Take Profit: 2.475450000000001
2025-05-07 07:15:11,528 - ERROR - ===== Insufficient Balance =====
Symbol: ZRO/USDT
Required: 10 USDT
Available: 6.50332357 USDT
2025-05-07 07:15:11,528 - ERROR - Failed to enter position for ZRO/USDT: Insufficient balance
2025-05-07 07:15:11,986 - INFO - 
==================== ENTRY SIGNAL ====================
Symbol: THETA/USDT
Position: LONG
Time: 2025-05-07 07:15:11
Cross Pairs: [('2025-05-07 07:10', '2025-05-07 06:55')]
==================================================
2025-05-07 07:15:11,986 - INFO - 
==================== ENTRY SIGNAL ====================
Symbol: THETA/USDT
Position: LONG
Time: 2025-05-07 07:15:11
Price: 0.6892
==================================================
2025-05-07 07:15:12,029 - INFO - Stop Loss Range Calculation:
EMA Cross Time: 2025-05-07 07:10:00+09:00
MACD Cross Time: 2025-05-07 06:55:00+09:00
SL Range: 2025-05-07 06:50:00+09:00 to 2025-05-07 06:55:00+09:00
2025-05-07 07:15:12,029 - INFO - Stop Loss calculation for long:
Data range: 2025-05-07 06:50:00+09:00 to 2025-05-07 06:55:00+09:00
Stop loss price: 0.6768
Distance from entry: 0.012400000000000078 (1.799%)
2025-05-07 07:15:12,029 - INFO - Take Profit calculation:
Entry: 0.6892
Stop Loss: 0.6768
SL Distance: 0.012400000000000078
Take Profit: 0.7109000000000002
2025-05-07 07:15:12,090 - ERROR - ===== Insufficient Balance =====
Symbol: THETA/USDT
Required: 10 USDT
Available: 6.50332357 USDT
2025-05-07 07:15:12,090 - ERROR - Failed to enter position for THETA/USDT: Insufficient balance
2025-05-07 07:15:12,544 - INFO - 
==================== ENTRY SIGNAL ====================
Symbol: EOS/USDT
Position: LONG
Time: 2025-05-07 07:15:12
Cross Pairs: [('2025-05-07 07:15', '2025-05-07 06:55')]
==================================================
2025-05-07 07:15:12,544 - INFO - 
==================== ENTRY SIGNAL ====================
Symbol: EOS/USDT
Position: LONG
Time: 2025-05-07 07:15:12
Price: 0.681
==================================================
2025-05-07 07:15:12,586 - INFO - Stop Loss Range Calculation:
EMA Cross Time: 2025-05-07 07:15:00+09:00
MACD Cross Time: 2025-05-07 06:55:00+09:00
SL Range: 2025-05-07 06:50:00+09:00 to 2025-05-07 06:55:00+09:00
2025-05-07 07:15:12,586 - INFO - Stop Loss calculation for long:
Data range: 2025-05-07 06:50:00+09:00 to 2025-05-07 06:55:00+09:00
Stop loss price: 0.667
Distance from entry: 0.015000000000000013 (2.199%)
2025-05-07 07:15:12,587 - INFO - Take Profit calculation:
Entry: 0.682
Stop Loss: 0.667
SL Distance: 0.015000000000000013
Take Profit: 0.70825
2025-05-07 07:15:12,645 - ERROR - ===== Insufficient Balance =====
Symbol: EOS/USDT
Required: 10 USDT
Available: 6.55141956 USDT
2025-05-07 07:15:12,646 - ERROR - Failed to enter position for EOS/USDT: Insufficient balance
2025-05-07 07:15:14,190 - INFO - 
==================== ENTRY SIGNAL ====================
Symbol: ATA/USDT
Position: LONG
Time: 2025-05-07 07:15:14
Cross Pairs: [('2025-05-07 07:10', '2025-05-07 06:55')]
==================================================
2025-05-07 07:15:14,190 - INFO - 
==================== ENTRY SIGNAL ====================
Symbol: ATA/USDT
Position: LONG
Time: 2025-05-07 07:15:14
Price: 0.0513
==================================================
2025-05-07 07:15:14,231 - INFO - Stop Loss Range Calculation:
EMA Cross Time: 2025-05-07 07:10:00+09:00
MACD Cross Time: 2025-05-07 06:55:00+09:00
SL Range: 2025-05-07 06:50:00+09:00 to 2025-05-07 06:55:00+09:00
2025-05-07 07:15:14,231 - INFO - Stop Loss calculation for long:
Data range: 2025-05-07 06:50:00+09:00 to 2025-05-07 06:55:00+09:00
Stop loss price: 0.0501
Distance from entry: 0.0011999999999999997 (2.339%)
2025-05-07 07:15:14,232 - INFO - Take Profit calculation:
Entry: 0.0513
Stop Loss: 0.0501
SL Distance: 0.0011999999999999997
Take Profit: 0.053399999999999996
2025-05-07 07:15:14,293 - ERROR - ===== Insufficient Balance =====
Symbol: ATA/USDT
Required: 10 USDT
Available: 6.54473956 USDT
2025-05-07 07:15:14,293 - ERROR - Failed to enter position for ATA/USDT: Insufficient balance
2025-05-07 07:15:16,242 - INFO - 
==================== ENTRY SIGNAL ====================
Symbol: ONDOUSDT
Position: LONG
Time: 2025-05-07 07:15:16
Cross Pairs: [('2025-05-07 07:15', '2025-05-07 07:00')]
==================================================
2025-05-07 07:15:16,242 - INFO - 
==================== ENTRY SIGNAL ====================
Symbol: ONDOUSDT
Position: LONG
Time: 2025-05-07 07:15:16
Price: 0.8498
==================================================
2025-05-07 07:15:16,284 - INFO - Stop Loss Range Calculation:
EMA Cross Time: 2025-05-07 07:15:00+09:00
MACD Cross Time: 2025-05-07 07:00:00+09:00
SL Range: 2025-05-07 06:55:00+09:00 to 2025-05-07 07:00:00+09:00
2025-05-07 07:15:16,284 - INFO - Stop Loss calculation for long:
Data range: 2025-05-07 06:55:00+09:00 to 2025-05-07 07:00:00+09:00
Stop loss price: 0.8338
Distance from entry: 0.015800000000000036 (1.860%)
2025-05-07 07:15:16,284 - INFO - Take Profit calculation:
Entry: 0.8496
Stop Loss: 0.8338
SL Distance: 0.015800000000000036
Take Profit: 0.8772500000000001
2025-05-07 07:15:16,343 - ERROR - ===== Insufficient Balance =====
Symbol: ONDOUSDT
Required: 10 USDT
Available: 6.55141956 USDT
2025-05-07 07:15:16,343 - ERROR - Failed to enter position for ONDOUSDT: Insufficient balance
2025-05-07 07:20:54,434 - INFO - 
==================== ENTRY SIGNAL ====================
Symbol: ORCA/USDT
Position: LONG
Time: 2025-05-07 07:20:54
Cross Pairs: [('2025-05-07 07:20', '2025-05-07 07:00')]
==================================================
2025-05-07 07:20:54,434 - INFO - 
==================== ENTRY SIGNAL ====================
Symbol: ORCA/USDT
Position: LONG
Time: 2025-05-07 07:20:54
Price: 2.403
==================================================
2025-05-07 07:20:54,477 - INFO - Stop Loss Range Calculation:
EMA Cross Time: 2025-05-07 07:20:00+09:00
MACD Cross Time: 2025-05-07 07:00:00+09:00
SL Range: 2025-05-07 06:55:00+09:00 to 2025-05-07 07:00:00+09:00
2025-05-07 07:20:54,477 - INFO - Stop Loss calculation for long:
Data range: 2025-05-07 06:55:00+09:00 to 2025-05-07 07:00:00+09:00
Stop loss price: 2.35
Distance from entry: 0.052999999999999936 (2.206%)
2025-05-07 07:20:54,478 - INFO - Take Profit calculation:
Entry: 2.403
Stop Loss: 2.35
SL Distance: 0.052999999999999936
Take Profit: 2.49575
2025-05-07 07:20:54,551 - ERROR - ===== Insufficient Balance =====
Symbol: ORCA/USDT
Required: 10 USDT
Available: 6.95422357 USDT
2025-05-07 07:20:54,551 - ERROR - Failed to enter position for ORCA/USDT: Insufficient balance
2025-05-07 07:21:03,746 - INFO - 
==================== ENTRY SIGNAL ====================
Symbol: ONDOUSDT
Position: LONG
Time: 2025-05-07 07:21:03
Cross Pairs: [('2025-05-07 07:15', '2025-05-07 07:00')]
==================================================
2025-05-07 07:21:03,746 - INFO - 
==================== ENTRY SIGNAL ====================
Symbol: ONDOUSDT
Position: LONG
Time: 2025-05-07 07:21:03
Price: 0.8545
==================================================
2025-05-07 07:21:03,788 - INFO - Stop Loss Range Calculation:
EMA Cross Time: 2025-05-07 07:15:00+09:00
MACD Cross Time: 2025-05-07 07:00:00+09:00
SL Range: 2025-05-07 06:55:00+09:00 to 2025-05-07 07:00:00+09:00
2025-05-07 07:21:03,789 - INFO - Stop Loss calculation for long:
Data range: 2025-05-07 06:55:00+09:00 to 2025-05-07 07:00:00+09:00
Stop loss price: 0.8338
Distance from entry: 0.020600000000000063 (2.411%)
2025-05-07 07:21:03,789 - INFO - Take Profit calculation:
Entry: 0.8544
Stop Loss: 0.8338
SL Distance: 0.020600000000000063
Take Profit: 0.8904500000000002
2025-05-07 07:21:03,848 - ERROR - ===== Insufficient Balance =====
Symbol: ONDOUSDT
Required: 10 USDT
Available: 7.03858815 USDT
2025-05-07 07:21:03,849 - ERROR - Failed to enter position for ONDOUSDT: Insufficient balance
2025-05-07 10:18:12,951 - INFO - Trailing Stop Added (Original SL maintained)
Symbol: ACX/USDT
Time: 2025-05-07 10:18:12.951842
Entry: 0.1929
Current Price: 0.1987
Original SL: Maintained
Trailing SL: 0.194829
Profit %: 3.01%
Trailing Order ID: 440478476
2025-05-07 12:16:20,088 - INFO - Position closed or order timeout after 845.9 minutes for FXS/USDT, cleaning up orders...
2025-05-07 12:16:20,272 - INFO - Found 1 open orders to cancel for FXS/USDT
2025-05-07 12:16:20,334 - INFO - Successfully cancelled order:
Symbol: FXS/USDT
Order ID: 2666200749
Type: take_profit
Side: sell
2025-05-07 12:16:20,334 - INFO - Position Closed - Manual
Symbol: FXS/USDT
Time: 2025-05-07 12:16:20.334262
Position Type: long

2025-05-07 12:55:39,637 - INFO - 
==================== ENTRY SIGNAL ====================
Symbol: AIXBT/USDT
Position: LONG
Time: 2025-05-07 12:55:39
Cross Pairs: [('2025-05-07 12:55', '2025-05-07 12:40')]
==================================================
2025-05-07 12:55:39,638 - INFO - 
==================== ENTRY SIGNAL ====================
Symbol: AIXBT/USDT
Position: LONG
Time: 2025-05-07 12:55:39
Price: 0.17044
==================================================
2025-05-07 12:55:39,682 - INFO - Stop Loss Range Calculation:
EMA Cross Time: 2025-05-07 12:55:00+09:00
MACD Cross Time: 2025-05-07 12:40:00+09:00
SL Range: 2025-05-07 12:35:00+09:00 to 2025-05-07 12:40:00+09:00
2025-05-07 12:55:39,683 - INFO - Stop Loss calculation for long:
Data range: 2025-05-07 12:35:00+09:00 to 2025-05-07 12:40:00+09:00
Stop loss price: 0.16745
Distance from entry: 0.0029100000000000237 (1.708%)
2025-05-07 12:55:39,683 - INFO - Take Profit calculation:
Entry: 0.17036
Stop Loss: 0.16745
SL Distance: 0.0029100000000000237
Take Profit: 0.17545250000000007
2025-05-07 12:55:40,417 - INFO - ===== Trade Successfully Executed =====
Symbol: AIXBT/USDT
Type: long
Entry: 0.17036
Stop Loss: 0.16745
Take Profit: 0.17545250000000007
Position Size: 586.9922517022775
Margin Used: 10 USDT
Total Position Value: 100 USDT
Order IDs: Entry=2386277810, SL=2386277820, TP=2386277839
2025-05-07 13:28:01,879 - INFO - Position closed or order timeout after 572.4 minutes for AIXBT/USDT, cleaning up orders...
2025-05-07 13:28:02,061 - INFO - Found 1 open orders to cancel for AIXBT/USDT
2025-05-07 13:28:02,124 - INFO - Successfully cancelled order:
Symbol: AIXBT/USDT
Order ID: 2386277839
Type: take_profit
Side: sell
2025-05-07 13:28:02,124 - INFO - Position Closed - Manual
Symbol: AIXBT/USDT
Time: 2025-05-07 13:28:02.124655
Position Type: long

2025-05-07 13:34:52,705 - INFO - Position closed or order timeout after 929.0 minutes for ACX/USDT, cleaning up orders...
2025-05-07 13:34:52,889 - INFO - Found 2 open orders to cancel for ACX/USDT
2025-05-07 13:34:52,956 - INFO - Successfully cancelled order:
Symbol: ACX/USDT
Order ID: 440340171
Type: stop
Side: sell
2025-05-07 13:34:53,023 - INFO - Successfully cancelled order:
Symbol: ACX/USDT
Order ID: 440478476
Type: stop
Side: sell
2025-05-07 13:34:53,023 - INFO - Position Closed - Manual
Symbol: ACX/USDT
Time: 2025-05-07 13:34:53.023434
Position Type: long

2025-05-07 13:36:00,287 - INFO - 
==================== ENTRY SIGNAL ====================
Symbol: BAN/USDT
Position: LONG
Time: 2025-05-07 13:36:00
Cross Pairs: [('2025-05-07 13:35', '2025-05-07 13:15')]
==================================================
2025-05-07 13:36:00,288 - INFO - 
==================== ENTRY SIGNAL ====================
Symbol: BAN/USDT
Position: LONG
Time: 2025-05-07 13:36:00
Price: 0.05378
==================================================
2025-05-07 13:36:00,330 - INFO - Stop Loss Range Calculation:
EMA Cross Time: 2025-05-07 13:35:00+09:00
MACD Cross Time: 2025-05-07 13:15:00+09:00
SL Range: 2025-05-07 13:10:00+09:00 to 2025-05-07 13:15:00+09:00
2025-05-07 13:36:00,331 - INFO - Stop Loss calculation for long:
Data range: 2025-05-07 13:10:00+09:00 to 2025-05-07 13:15:00+09:00
Stop loss price: 0.05202
Distance from entry: 0.0017500000000000016 (3.255%)
2025-05-07 13:36:00,331 - INFO - Take Profit calculation:
Entry: 0.05377
Stop Loss: 0.05202
SL Distance: 0.0017500000000000016
Take Profit: 0.0568325
2025-05-07 13:36:00,654 - ERROR - Order execution error for BAN/USDT: binance {"code":-2027,"msg":"Exceeded the maximum allowable position at current leverage."}
2025-05-07 20:45:34,157 - INFO - 
==================== ENTRY SIGNAL ====================
Symbol: AIXBT/USDT
Position: LONG
Time: 2025-05-07 20:45:34
Cross Pairs: [('2025-05-07 20:45', '2025-05-07 20:30')]
==================================================
2025-05-07 20:45:34,158 - INFO - 
==================== ENTRY SIGNAL ====================
Symbol: AIXBT/USDT
Position: LONG
Time: 2025-05-07 20:45:34
Price: 0.16806
==================================================
2025-05-07 20:45:34,201 - INFO - Stop Loss Range Calculation:
EMA Cross Time: 2025-05-07 20:45:00+09:00
MACD Cross Time: 2025-05-07 20:30:00+09:00
SL Range: 2025-05-07 20:25:00+09:00 to 2025-05-07 20:30:00+09:00
2025-05-07 20:45:34,202 - INFO - Stop Loss calculation for long:
Data range: 2025-05-07 20:25:00+09:00 to 2025-05-07 20:30:00+09:00
Stop loss price: 0.16185
Distance from entry: 0.006120000000000014 (3.644%)
2025-05-07 20:45:34,202 - INFO - Take Profit calculation:
Entry: 0.16797
Stop Loss: 0.16185
SL Distance: 0.006120000000000014
Take Profit: 0.17868000000000003
2025-05-07 20:45:34,939 - INFO - ===== Trade Successfully Executed =====
Symbol: AIXBT/USDT
Type: long
Entry: 0.16797
Stop Loss: 0.16185
Take Profit: 0.17868000000000003
Position Size: 595.3444067392986
Margin Used: 10 USDT
Total Position Value: 100 USDT
Order IDs: Entry=2392857330, SL=2392857375, TP=2392857456
2025-05-07 22:14:46,427 - INFO - Position closed or order timeout after 629.2 minutes for AIXBT/USDT, cleaning up orders...
2025-05-07 22:14:46,613 - INFO - Found 1 open orders to cancel for AIXBT/USDT
2025-05-07 22:14:46,674 - INFO - Successfully cancelled order:
Symbol: AIXBT/USDT
Order ID: 2392857456
Type: take_profit
Side: sell
2025-05-07 22:14:46,675 - INFO - Position Closed - Manual
Symbol: AIXBT/USDT
Time: 2025-05-07 22:14:46.675757
Position Type: long

2025-05-07 23:55:19,429 - INFO - 
==================== ENTRY SIGNAL ====================
Symbol: BRETT/USDT
Position: SHORT
Time: 2025-05-07 23:55:19
Cross Pairs: [('2025-05-07 23:55', '2025-05-07 23:45')]
==================================================
2025-05-07 23:55:19,438 - INFO - 
==================== ENTRY SIGNAL ====================
Symbol: BRETT/USDT
Position: SHORT
Time: 2025-05-07 23:55:19
Price: 0.05333
==================================================
2025-05-07 23:55:19,482 - INFO - Stop Loss Range Calculation:
EMA Cross Time: 2025-05-07 23:55:00+09:00
MACD Cross Time: 2025-05-07 23:45:00+09:00
SL Range: 2025-05-07 23:40:00+09:00 to 2025-05-07 23:45:00+09:00
2025-05-07 23:55:19,483 - INFO - Stop Loss calculation for short:
Data range: 2025-05-07 23:40:00+09:00 to 2025-05-07 23:45:00+09:00
Stop loss price: 0.05431
Distance from entry: 0.0009899999999999978 (1.857%)
2025-05-07 23:55:19,483 - INFO - Take Profit calculation:
Entry: 0.05332
Stop Loss: 0.05431
SL Distance: 0.0009899999999999978
Take Profit: 0.0515875
2025-05-07 23:55:20,221 - INFO - ===== Trade Successfully Executed =====
Symbol: BRETT/USDT
Type: short
Entry: 0.05332
Stop Loss: 0.05431
Take Profit: 0.0515875
Position Size: 1875.4688672168043
Margin Used: 10 USDT
Total Position Value: 100 USDT
Order IDs: Entry=1062481672, SL=1062481674, TP=1062481716
